Archive member included to satisfy reference by file (symbol)

/Applications/SystemWorkbench.app/Contents/Eclipse/plugins/fr.ac6.mcu.externaltools.arm-none.macos64_1.13.1.201703061524/tools/compiler/bin/../lib/gcc/arm-none-eabi/5.4.1/../../../../arm-none-eabi/lib/armv7e-m/fpu/libm.a(lib_a-s_atan.o)
                              Src/MPU6050_6Axis_MotionApps20.o (atan)
/Applications/SystemWorkbench.app/Contents/Eclipse/plugins/fr.ac6.mcu.externaltools.arm-none.macos64_1.13.1.201703061524/tools/compiler/bin/../lib/gcc/arm-none-eabi/5.4.1/../../../../arm-none-eabi/lib/armv7e-m/fpu/libm.a(lib_a-s_fabs.o)
                              /Applications/SystemWorkbench.app/Contents/Eclipse/plugins/fr.ac6.mcu.externaltools.arm-none.macos64_1.13.1.201703061524/tools/compiler/bin/../lib/gcc/arm-none-eabi/5.4.1/../../../../arm-none-eabi/lib/armv7e-m/fpu/libm.a(lib_a-s_atan.o) (fabs)
/Applications/SystemWorkbench.app/Contents/Eclipse/plugins/fr.ac6.mcu.externaltools.arm-none.macos64_1.13.1.201703061524/tools/compiler/bin/../lib/gcc/arm-none-eabi/5.4.1/../../../../arm-none-eabi/lib/armv7e-m/fpu/libm.a(lib_a-w_asin.o)
                              Src/MPU6050_6Axis_MotionApps20.o (asin)
/Applications/SystemWorkbench.app/Contents/Eclipse/plugins/fr.ac6.mcu.externaltools.arm-none.macos64_1.13.1.201703061524/tools/compiler/bin/../lib/gcc/arm-none-eabi/5.4.1/../../../../arm-none-eabi/lib/armv7e-m/fpu/libm.a(lib_a-w_atan2.o)
                              Src/MPU6050_6Axis_MotionApps20.o (atan2)
/Applications/SystemWorkbench.app/Contents/Eclipse/plugins/fr.ac6.mcu.externaltools.arm-none.macos64_1.13.1.201703061524/tools/compiler/bin/../lib/gcc/arm-none-eabi/5.4.1/../../../../arm-none-eabi/lib/armv7e-m/fpu/libm.a(lib_a-wf_sqrt.o)
                              Src/MPU6050_6Axis_MotionApps20.o (sqrtf)
/Applications/SystemWorkbench.app/Contents/Eclipse/plugins/fr.ac6.mcu.externaltools.arm-none.macos64_1.13.1.201703061524/tools/compiler/bin/../lib/gcc/arm-none-eabi/5.4.1/../../../../arm-none-eabi/lib/armv7e-m/fpu/libm.a(lib_a-e_asin.o)
                              /Applications/SystemWorkbench.app/Contents/Eclipse/plugins/fr.ac6.mcu.externaltools.arm-none.macos64_1.13.1.201703061524/tools/compiler/bin/../lib/gcc/arm-none-eabi/5.4.1/../../../../arm-none-eabi/lib/armv7e-m/fpu/libm.a(lib_a-w_asin.o) (__ieee754_asin)
/Applications/SystemWorkbench.app/Contents/Eclipse/plugins/fr.ac6.mcu.externaltools.arm-none.macos64_1.13.1.201703061524/tools/compiler/bin/../lib/gcc/arm-none-eabi/5.4.1/../../../../arm-none-eabi/lib/armv7e-m/fpu/libm.a(lib_a-e_atan2.o)
                              /Applications/SystemWorkbench.app/Contents/Eclipse/plugins/fr.ac6.mcu.externaltools.arm-none.macos64_1.13.1.201703061524/tools/compiler/bin/../lib/gcc/arm-none-eabi/5.4.1/../../../../arm-none-eabi/lib/armv7e-m/fpu/libm.a(lib_a-w_atan2.o) (__ieee754_atan2)
/Applications/SystemWorkbench.app/Contents/Eclipse/plugins/fr.ac6.mcu.externaltools.arm-none.macos64_1.13.1.201703061524/tools/compiler/bin/../lib/gcc/arm-none-eabi/5.4.1/../../../../arm-none-eabi/lib/armv7e-m/fpu/libm.a(lib_a-e_sqrt.o)
                              /Applications/SystemWorkbench.app/Contents/Eclipse/plugins/fr.ac6.mcu.externaltools.arm-none.macos64_1.13.1.201703061524/tools/compiler/bin/../lib/gcc/arm-none-eabi/5.4.1/../../../../arm-none-eabi/lib/armv7e-m/fpu/libm.a(lib_a-e_asin.o) (__ieee754_sqrt)
/Applications/SystemWorkbench.app/Contents/Eclipse/plugins/fr.ac6.mcu.externaltools.arm-none.macos64_1.13.1.201703061524/tools/compiler/bin/../lib/gcc/arm-none-eabi/5.4.1/../../../../arm-none-eabi/lib/armv7e-m/fpu/libm.a(lib_a-ef_sqrt.o)
                              /Applications/SystemWorkbench.app/Contents/Eclipse/plugins/fr.ac6.mcu.externaltools.arm-none.macos64_1.13.1.201703061524/tools/compiler/bin/../lib/gcc/arm-none-eabi/5.4.1/../../../../arm-none-eabi/lib/armv7e-m/fpu/libm.a(lib_a-wf_sqrt.o) (__ieee754_sqrtf)
/Applications/SystemWorkbench.app/Contents/Eclipse/plugins/fr.ac6.mcu.externaltools.arm-none.macos64_1.13.1.201703061524/tools/compiler/bin/../lib/gcc/arm-none-eabi/5.4.1/../../../../arm-none-eabi/lib/armv7e-m/fpu/libm.a(lib_a-s_lib_ver.o)
                              /Applications/SystemWorkbench.app/Contents/Eclipse/plugins/fr.ac6.mcu.externaltools.arm-none.macos64_1.13.1.201703061524/tools/compiler/bin/../lib/gcc/arm-none-eabi/5.4.1/../../../../arm-none-eabi/lib/armv7e-m/fpu/libm.a(lib_a-w_asin.o) (__fdlib_version)
/Applications/SystemWorkbench.app/Contents/Eclipse/plugins/fr.ac6.mcu.externaltools.arm-none.macos64_1.13.1.201703061524/tools/compiler/bin/../lib/gcc/arm-none-eabi/5.4.1/../../../../arm-none-eabi/lib/armv7e-m/fpu/libm.a(lib_a-s_matherr.o)
                              /Applications/SystemWorkbench.app/Contents/Eclipse/plugins/fr.ac6.mcu.externaltools.arm-none.macos64_1.13.1.201703061524/tools/compiler/bin/../lib/gcc/arm-none-eabi/5.4.1/../../../../arm-none-eabi/lib/armv7e-m/fpu/libm.a(lib_a-w_asin.o) (matherr)
[...]
Memory Configuration

Name             Origin             Length             Attributes
RAM              0x0000000020000000 0x0000000000018000 xrw
RAM2             0x0000000010000000 0x0000000000008000 xrw
FLASH            0x0000000008000000 0x0000000000100000 xr
*default*        0x0000000000000000 0xffffffffffffffff

Linker script and memory map

LOAD /Applications/SystemWorkbench.app/Contents/Eclipse/plugins/fr.ac6.mcu.externaltools.arm-none.macos64_1.13.1.201703061524/tools/compiler/bin/../lib/gcc/arm-none-eabi/5.4.1/armv7e-m/fpu/crti.o
LOAD /Applications/SystemWorkbench.app/Contents/Eclipse/plugins/fr.ac6.mcu.externaltools.arm-none.macos64_1.13.1.201703061524/tools/compiler/bin/../lib/gcc/arm-none-eabi/5.4.1/armv7e-m/fpu/crtbegin.o
LOAD /Applications/SystemWorkbench.app/Contents/Eclipse/plugins/fr.ac6.mcu.externaltools.arm-none.macos64_1.13.1.201703061524/tools/compiler/bin/../lib/gcc/arm-none-eabi/5.4.1/../../../../arm-none-eabi/lib/armv7e-m/fpu/crt0.o
LOAD Drivers/STM32L4xx_HAL_Driver/Src/stm32l4xx_hal.o
LOAD Drivers/STM32L4xx_HAL_Driver/Src/stm32l4xx_hal_adc.o
LOAD Drivers/STM32L4xx_HAL_Driver/Src/stm32l4xx_hal_adc_ex.o
LOAD Drivers/STM32L4xx_HAL_Driver/Src/stm32l4xx_hal_cortex.o
LOAD Drivers/STM32L4xx_HAL_Driver/Src/stm32l4xx_hal_dma.o
LOAD Drivers/STM32L4xx_HAL_Driver/Src/stm32l4xx_hal_flash.o
LOAD Drivers/STM32L4xx_HAL_Driver/Src/stm32l4xx_hal_flash_ex.o
LOAD Drivers/STM32L4xx_HAL_Driver/Src/stm32l4xx_hal_flash_ramfunc.o
LOAD Drivers/STM32L4xx_HAL_Driver/Src/stm32l4xx_hal_gpio.o
LOAD Drivers/STM32L4xx_HAL_Driver/Src/stm32l4xx_hal_i2c.o
LOAD Drivers/STM32L4xx_HAL_Driver/Src/stm32l4xx_hal_i2c_ex.o
LOAD Drivers/STM32L4xx_HAL_Driver/Src/stm32l4xx_hal_pwr.o
LOAD Drivers/STM32L4xx_HAL_Driver/Src/stm32l4xx_hal_pwr_ex.o
LOAD Drivers/STM32L4xx_HAL_Driver/Src/stm32l4xx_hal_rcc.o
LOAD Drivers/STM32L4xx_HAL_Driver/Src/stm32l4xx_hal_rcc_ex.o
LOAD Drivers/STM32L4xx_HAL_Driver/Src/stm32l4xx_hal_spi.o
LOAD Drivers/STM32L4xx_HAL_Driver/Src/stm32l4xx_hal_spi_ex.o
LOAD Drivers/STM32L4xx_HAL_Driver/Src/stm32l4xx_hal_tim.o
LOAD Drivers/STM32L4xx_HAL_Driver/Src/stm32l4xx_hal_tim_ex.o
LOAD Drivers/STM32L4xx_HAL_Driver/Src/stm32l4xx_hal_uart.o
LOAD Drivers/STM32L4xx_HAL_Driver/Src/stm32l4xx_hal_uart_ex.o
LOAD Middlewares/Third_Party/FreeRTOS/Source/CMSIS_RTOS/cmsis_os.o
LOAD Middlewares/Third_Party/FreeRTOS/Source/croutine.o
LOAD Middlewares/Third_Party/FreeRTOS/Source/event_groups.o
LOAD Middlewares/Third_Party/FreeRTOS/Source/list.o
LOAD Middlewares/Third_Party/FreeRTOS/Source/queue.o
LOAD Middlewares/Third_Party/FreeRTOS/Source/tasks.o
LOAD Middlewares/Third_Party/FreeRTOS/Source/timers.o
LOAD Middlewares/Third_Party/FreeRTOS/Source/portable/GCC/ARM_CM4F/port.o
LOAD Middlewares/Third_Party/FreeRTOS/Source/portable/MemMang/heap_4.o
LOAD Src/MPU6050.o
LOAD Src/MPU6050_6Axis_MotionApps20.o
LOAD Src/comm.o
LOAD Src/control.o
LOAD Src/controller.o
LOAD Src/flight_controller.o
LOAD Src/freertos.o
LOAD Src/iic.o
LOAD Src/main.o
LOAD Src/pwm.o
LOAD Src/sensor.o
LOAD Src/sharedResources.o
LOAD Src/stm32l4xx_hal_msp.o
LOAD Src/stm32l4xx_hal_timebase_TIM.o
LOAD Src/stm32l4xx_it.o
LOAD Src/system_stm32l4xx.o
LOAD Src/timers.o
LOAD startup/startup_stm32l476xx.o
LOAD /Applications/SystemWorkbench.app/Contents/Eclipse/plugins/fr.ac6.mcu.externaltools.arm-none.macos64_1.13.1.201703061524/tools/compiler/bin/../lib/gcc/arm-none-eabi/5.4.1/../../../../arm-none-eabi/lib/armv7e-m/fpu/libm.a
START GROUP
LOAD /Applications/SystemWorkbench.app/Contents/Eclipse/plugins/fr.ac6.mcu.externaltools.arm-none.macos64_1.13.1.201703061524/tools/compiler/bin/../lib/gcc/arm-none-eabi/5.4.1/armv7e-m/fpu/libgcc.a
LOAD /Applications/SystemWorkbench.app/Contents/Eclipse/plugins/fr.ac6.mcu.externaltools.arm-none.macos64_1.13.1.201703061524/tools/compiler/bin/../lib/gcc/arm-none-eabi/5.4.1/../../../../arm-none-eabi/lib/armv7e-m/fpu/libc_nano.a
END GROUP
START GROUP
LOAD /Applications/SystemWorkbench.app/Contents/Eclipse/plugins/fr.ac6.mcu.externaltools.arm-none.macos64_1.13.1.201703061524/tools/compiler/bin/../lib/gcc/arm-none-eabi/5.4.1/armv7e-m/fpu/libgcc.a
LOAD /Applications/SystemWorkbench.app/Contents/Eclipse/plugins/fr.ac6.mcu.externaltools.arm-none.macos64_1.13.1.201703061524/tools/compiler/bin/../lib/gcc/arm-none-eabi/5.4.1/../../../../arm-none-eabi/lib/armv7e-m/fpu/libc_nano.a
LOAD /Applications/SystemWorkbench.app/Contents/Eclipse/plugins/fr.ac6.mcu.externaltools.arm-none.macos64_1.13.1.201703061524/tools/compiler/bin/../lib/gcc/arm-none-eabi/5.4.1/../../../../arm-none-eabi/lib/armv7e-m/fpu/libnosys.a
END GROUP
START GROUP
LOAD /Applications/SystemWorkbench.app/Contents/Eclipse/plugins/fr.ac6.mcu.externaltools.arm-none.macos64_1.13.1.201703061524/tools/compiler/bin/../lib/gcc/arm-none-eabi/5.4.1/armv7e-m/fpu/libgcc.a
LOAD /Applications/SystemWorkbench.app/Contents/Eclipse/plugins/fr.ac6.mcu.externaltools.arm-none.macos64_1.13.1.201703061524/tools/compiler/bin/../lib/gcc/arm-none-eabi/5.4.1/../../../../arm-none-eabi/lib/armv7e-m/fpu/libc_nano.a
LOAD /Applications/SystemWorkbench.app/Contents/Eclipse/plugins/fr.ac6.mcu.externaltools.arm-none.macos64_1.13.1.201703061524/tools/compiler/bin/../lib/gcc/arm-none-eabi/5.4.1/../../../../arm-none-eabi/lib/armv7e-m/fpu/libnosys.a
END GROUP
LOAD /Applications/SystemWorkbench.app/Contents/Eclipse/plugins/fr.ac6.mcu.externaltools.arm-none.macos64_1.13.1.201703061524/tools/compiler/bin/../lib/gcc/arm-none-eabi/5.4.1/armv7e-m/fpu/crtend.o
LOAD /Applications/SystemWorkbench.app/Contents/Eclipse/plugins/fr.ac6.mcu.externaltools.arm-none.macos64_1.13.1.201703061524/tools/compiler/bin/../lib/gcc/arm-none-eabi/5.4.1/armv7e-m/fpu/crtn.o
                0x0000000020018000                _estack = 0x20018000
                0x0000000000000200                _Min_Heap_Size = 0x200
                0x0000000000000400                _Min_Stack_Size = 0x400

.isr_vector     0x0000000008000000      0x188
                0x0000000008000000                . = ALIGN (0x8)
 *(.isr_vector)
 .isr_vector    0x0000000008000000      0x188 startup/startup_stm32l476xx.o
                0x0000000008000000                g_pfnVectors
                0x0000000008000188                . = ALIGN (0x8)

.text           0x0000000008000190     0x96b8
                0x0000000008000190                . = ALIGN (0x8)
 *(.text)
 .text          0x0000000008000190       0x5c /Applications/SystemWorkbench.app/Contents/Eclipse/plugins/fr.ac6.mcu.externaltools.arm-none.macos64_1.13.1.201703061524/tools/compiler/bin/../lib/gcc/arm-none-eabi/5.4.1/armv7e-m/fpu/crtbegin.o
 .text          0x00000000080001ec      0x370 /Applications/SystemWorkbench.app/Contents/Eclipse/plugins/fr.ac6.mcu.externaltools.arm-none.macos64_1.13.1.201703061524/tools/compiler/bin/../lib/gcc/arm-none-eabi/5.4.1/armv7e-m/fpu/libgcc.a(_arm_addsubdf3.o)
                0x00000000080001ec                __aeabi_drsub
                0x00000000080001f4                __subdf3
                0x00000000080001f4                __aeabi_dsub
                0x00000000080001f8                __aeabi_dadd
                0x00000000080001f8                __adddf3
                0x0000000008000470                __aeabi_ui2d
                0x0000000008000470                __floatunsidf
                0x0000000008000490                __floatsidf
                0x0000000008000490                __aeabi_i2d
                0x00000000080004b4                __extendsfdf2
                0x00000000080004b4                __aeabi_f2d
                0x00000000080004f0                __aeabi_ul2d
                0x00000000080004f0                __floatundidf
                0x0000000008000500                __aeabi_l2d
                0x0000000008000500                __floatdidf
 .text          0x000000000800055c      0x424 /Applications/SystemWorkbench.app/Contents/Eclipse/plugins/fr.ac6.mcu.externaltools.arm-none.macos64_1.13.1.201703061524/tools/compiler/bin/../lib/gcc/arm-none-eabi/5.4.1/armv7e-m/fpu/libgcc.a(_arm_muldivdf3.o)
                0x000000000800055c                __aeabi_dmul
                0x000000000800055c                __muldf3
                0x00000000080007b0                __aeabi_ddiv
                0x00000000080007b0                __divdf3
 .text          0x0000000008000980      0x110 /Applications/SystemWorkbench.app/Contents/Eclipse/plugins/fr.ac6.mcu.externaltools.arm-none.macos64_1.13.1.201703061524/tools/compiler/bin/../lib/gcc/arm-none-eabi/5.4.1/armv7e-m/fpu/libgcc.a(_arm_cmpdf2.o)
                0x0000000008000980                __gtdf2
                0x0000000008000980                __gedf2
                0x0000000008000988                __ltdf2
                0x0000000008000988                __ledf2
                0x0000000008000990                __eqdf2
                0x0000000008000990                __nedf2
                0x0000000008000990                __cmpdf2
                0x0000000008000a0c                __aeabi_cdrcmple
                0x0000000008000a1c                __aeabi_cdcmple
                0x0000000008000a1c                __aeabi_cdcmpeq
                0x0000000008000a2c                __aeabi_dcmpeq
                0x0000000008000a40                __aeabi_dcmplt
                0x0000000008000a54                __aeabi_dcmple
                0x0000000008000a68                __aeabi_dcmpge
                0x0000000008000a7c                __aeabi_dcmpgt
 .text          0x0000000008000a90       0x50 /Applications/SystemWorkbench.app/Contents/Eclipse/plugins/fr.ac6.mcu.externaltools.arm-none.macos64_1.13.1.201703061524/tools/compiler/bin/../lib/gcc/arm-none-eabi/5.4.1/armv7e-m/fpu/libgcc.a(_arm_fixdfsi.o)
                0x0000000008000a90                __fixdfsi
                0x0000000008000a90                __aeabi_d2iz
 .text          0x0000000008000ae0       0xa0 /Applications/SystemWorkbench.app/Contents/Eclipse/plugins/fr.ac6.mcu.externaltools.arm-none.macos64_1.13.1.201703061524/tools/compiler/bin/../lib/gcc/arm-none-eabi/5.4.1/armv7e-m/fpu/libgcc.a(_arm_truncdfsf2.o)
                0x0000000008000ae0                __aeabi_d2f
                0x0000000008000ae0                __truncdfsf2
 .text          0x0000000008000b80       0x30 /Applications/SystemWorkbench.app/Contents/Eclipse/plugins/fr.ac6.mcu.externaltools.arm-none.macos64_1.13.1.201703061524/tools/compiler/bin/../lib/gcc/arm-none-eabi/5.4.1/armv7e-m/fpu/libgcc.a(_aeabi_uldivmod.o)
                0x0000000008000b80                __aeabi_uldivmod
 .text          0x0000000008000bb0      0x2e4 /Applications/SystemWorkbench.app/Contents/Eclipse/plugins/fr.ac6.mcu.externaltools.arm-none.macos64_1.13.1.201703061524/tools/compiler/bin/../lib/gcc/arm-none-eabi/5.4.1/armv7e-m/fpu/libgcc.a(_udivmoddi4.o)
                0x0000000008000bb0                __udivmoddi4
 .text          0x0000000008000e94        0x4 /Applications/SystemWorkbench.app/Contents/Eclipse/plugins/fr.ac6.mcu.externaltools.arm-none.macos64_1.13.1.201703061524/tools/compiler/bin/../lib/gcc/arm-none-eabi/5.4.1/armv7e-m/fpu/libgcc.a(_dvmd_tls.o)
                0x0000000008000e94                __aeabi_ldiv0
                0x0000000008000e94                __aeabi_idiv0
 .text          0x0000000008000e98       0x14 /Applications/SystemWorkbench.app/Contents/Eclipse/plugins/fr.ac6.mcu.externaltools.arm-none.macos64_1.13.1.201703061524/tools/compiler/bin/../lib/gcc/arm-none-eabi/5.4.1/../../../../arm-none-eabi/lib/armv7e-m/fpu/libc_nano.a(lib_a-strcmp.o)
                0x0000000008000e98                strcmp
 .text          0x0000000008000eac       0x10 /Applications/SystemWorkbench.app/Contents/Eclipse/plugins/fr.ac6.mcu.externaltools.arm-none.macos64_1.13.1.201703061524/tools/compiler/bin/../lib/gcc/arm-none-eabi/5.4.1/../../../../arm-none-eabi/lib/armv7e-m/fpu/libc_nano.a(lib_a-strlen.o)
                0x0000000008000eac                strlen
 *fill*         0x0000000008000ebc        0x4 
 .text          0x0000000008000ec0       0xa0 /Applications/SystemWorkbench.app/Contents/Eclipse/plugins/fr.ac6.mcu.externaltools.arm-none.macos64_1.13.1.201703061524/tools/compiler/bin/../lib/gcc/arm-none-eabi/5.4.1/../../../../arm-none-eabi/lib/armv7e-m/fpu/libc_nano.a(lib_a-memchr.o)
                0x0000000008000ec0                memchr
 *(.text*)
 .text.HAL_Init
                0x0000000008000f60       0x24 Drivers/STM32L4xx_HAL_Driver/Src/stm32l4xx_hal.o
                0x0000000008000f60                HAL_Init
 .text.HAL_IncTick
                0x0000000008000f84       0x10 Drivers/STM32L4xx_HAL_Driver/Src/stm32l4xx_hal.o
                0x0000000008000f84                HAL_IncTick
 .text.HAL_GetTick
                0x0000000008000f94        0xc Drivers/STM32L4xx_HAL_Driver/Src/stm32l4xx_hal.o
                0x0000000008000f94                HAL_GetTick
 .text.HAL_Delay
                0x0000000008000fa0       0x18 Drivers/STM32L4xx_HAL_Driver/Src/stm32l4xx_hal.o
                0x0000000008000fa0                HAL_Delay
 .text.HAL_ADC_Init
                0x0000000008000fb8      0x2d8 Drivers/STM32L4xx_HAL_Driver/Src/stm32l4xx_hal_adc.o
                0x0000000008000fb8                HAL_ADC_Init
 .text.HAL_ADC_ConfigChannel
                0x0000000008001290      0x590 Drivers/STM32L4xx_HAL_Driver/Src/stm32l4xx_hal_adc.o
                0x0000000008001290                HAL_ADC_ConfigChannel
 .text.HAL_ADCEx_MultiModeConfigChannel
                0x0000000008001820      0x150 Drivers/STM32L4xx_HAL_Driver/Src/stm32l4xx_hal_adc_ex.o
                0x0000000008001820                HAL_ADCEx_MultiModeConfigChannel
 .text.HAL_NVIC_SetPriorityGrouping
                0x0000000008001970       0x24 Drivers/STM32L4xx_HAL_Driver/Src/stm32l4xx_hal_cortex.o
                0x0000000008001970                HAL_NVIC_SetPriorityGrouping
 .text.HAL_NVIC_SetPriority
                0x0000000008001994       0x64 Drivers/STM32L4xx_HAL_Driver/Src/stm32l4xx_hal_cortex.o
                0x0000000008001994                HAL_NVIC_SetPriority
 .text.HAL_NVIC_EnableIRQ
                0x00000000080019f8       0x18 Drivers/STM32L4xx_HAL_Driver/Src/stm32l4xx_hal_cortex.o
                0x00000000080019f8                HAL_NVIC_EnableIRQ
 .text.HAL_SYSTICK_Config
                0x0000000008001a10       0x2c Drivers/STM32L4xx_HAL_Driver/Src/stm32l4xx_hal_cortex.o
                0x0000000008001a10                HAL_SYSTICK_Config
 .text.HAL_SYSTICK_CLKSourceConfig
                0x0000000008001a3c       0x20 Drivers/STM32L4xx_HAL_Driver/Src/stm32l4xx_hal_cortex.o
                0x0000000008001a3c                HAL_SYSTICK_CLKSourceConfig
 .text.DMA_SetConfig
                0x0000000008001a5c       0x2c Drivers/STM32L4xx_HAL_Driver/Src/stm32l4xx_hal_dma.o
 .text.HAL_DMA_Init
                0x0000000008001a88       0xf8 Drivers/STM32L4xx_HAL_Driver/Src/stm32l4xx_hal_dma.o
                0x0000000008001a88                HAL_DMA_Init
 .text.HAL_DMA_Start_IT
                0x0000000008001b80       0x78 Drivers/STM32L4xx_HAL_Driver/Src/stm32l4xx_hal_dma.o
                0x0000000008001b80                HAL_DMA_Start_IT
 .text.HAL_DMA_IRQHandler
                0x0000000008001bf8       0xb4 Drivers/STM32L4xx_HAL_Driver/Src/stm32l4xx_hal_dma.o
                0x0000000008001bf8                HAL_DMA_IRQHandler
 .text.HAL_GPIO_Init
                0x0000000008001cac      0x1cc Drivers/STM32L4xx_HAL_Driver/Src/stm32l4xx_hal_gpio.o
                0x0000000008001cac                HAL_GPIO_Init
 .text.HAL_GPIO_WritePin
                0x0000000008001e78        0xc Drivers/STM32L4xx_HAL_Driver/Src/stm32l4xx_hal_gpio.o
                0x0000000008001e78                HAL_GPIO_WritePin
 .text.HAL_GPIO_EXTI_IRQHandler
                0x0000000008001e84       0x18 Drivers/STM32L4xx_HAL_Driver/Src/stm32l4xx_hal_gpio.o
                0x0000000008001e84                HAL_GPIO_EXTI_IRQHandler
 .text.I2C_Flush_TXDR
                0x0000000008001e9c       0x24 Drivers/STM32L4xx_HAL_Driver/Src/stm32l4xx_hal_i2c.o
 .text.I2C_TransferConfig
                0x0000000008001ec0       0x24 Drivers/STM32L4xx_HAL_Driver/Src/stm32l4xx_hal_i2c.o
 .text.I2C_IsAcknowledgeFailed
                0x0000000008001ee4       0x84 Drivers/STM32L4xx_HAL_Driver/Src/stm32l4xx_hal_i2c.o
 .text.I2C_WaitOnTXISFlagUntilTimeout
                0x0000000008001f68       0x58 Drivers/STM32L4xx_HAL_Driver/Src/stm32l4xx_hal_i2c.o
 .text.I2C_WaitOnFlagUntilTimeout
                0x0000000008001fc0       0x4c Drivers/STM32L4xx_HAL_Driver/Src/stm32l4xx_hal_i2c.o
 .text.I2C_WaitOnSTOPFlagUntilTimeout
                0x000000000800200c       0x50 Drivers/STM32L4xx_HAL_Driver/Src/stm32l4xx_hal_i2c.o
 .text.I2C_WaitOnRXNEFlagUntilTimeout
                0x000000000800205c       0x88 Drivers/STM32L4xx_HAL_Driver/Src/stm32l4xx_hal_i2c.o
 .text.HAL_I2C_Init
                0x00000000080020e4       0xbc Drivers/STM32L4xx_HAL_Driver/Src/stm32l4xx_hal_i2c.o
                0x00000000080020e4                HAL_I2C_Init
 .text.HAL_I2C_Master_Transmit
                0x00000000080021a0      0x18c Drivers/STM32L4xx_HAL_Driver/Src/stm32l4xx_hal_i2c.o
                0x00000000080021a0                HAL_I2C_Master_Transmit
 .text.HAL_I2C_Master_Receive
                0x000000000800232c      0x188 Drivers/STM32L4xx_HAL_Driver/Src/stm32l4xx_hal_i2c.o
                0x000000000800232c                HAL_I2C_Master_Receive
 .text.HAL_I2CEx_ConfigAnalogFilter
                0x00000000080024b4       0x5c Drivers/STM32L4xx_HAL_Driver/Src/stm32l4xx_hal_i2c_ex.o
                0x00000000080024b4                HAL_I2CEx_ConfigAnalogFilter
 .text.HAL_I2CEx_ConfigDigitalFilter
                0x0000000008002510       0x58 Drivers/STM32L4xx_HAL_Driver/Src/stm32l4xx_hal_i2c_ex.o
                0x0000000008002510                HAL_I2CEx_ConfigDigitalFilter
 .text.HAL_PWREx_GetVoltageRange
                0x0000000008002568       0x10 Drivers/STM32L4xx_HAL_Driver/Src/stm32l4xx_hal_pwr_ex.o
                0x0000000008002568                HAL_PWREx_GetVoltageRange
 .text.HAL_PWREx_ControlVoltageScaling
                0x0000000008002578       0x90 Drivers/STM32L4xx_HAL_Driver/Src/stm32l4xx_hal_pwr_ex.o
                0x0000000008002578                HAL_PWREx_ControlVoltageScaling
 .text.RCC_SetFlashLatencyFromMSIRange
                0x0000000008002608       0x90 Drivers/STM32L4xx_HAL_Driver/Src/stm32l4xx_hal_rcc.o
 .text.HAL_RCC_GetSysClockFreq
                0x0000000008002698      0x174 Drivers/STM32L4xx_HAL_Driver/Src/stm32l4xx_hal_rcc.o
                0x0000000008002698                HAL_RCC_GetSysClockFreq
 .text.HAL_RCC_OscConfig
                0x000000000800280c      0x5c0 Drivers/STM32L4xx_HAL_Driver/Src/stm32l4xx_hal_rcc.o
                0x000000000800280c                HAL_RCC_OscConfig
 .text.HAL_RCC_ClockConfig
                0x0000000008002dcc      0x1cc Drivers/STM32L4xx_HAL_Driver/Src/stm32l4xx_hal_rcc.o
                0x0000000008002dcc                HAL_RCC_ClockConfig
 .text.HAL_RCC_GetHCLKFreq
                0x0000000008002f98        0xc Drivers/STM32L4xx_HAL_Driver/Src/stm32l4xx_hal_rcc.o
                0x0000000008002f98                HAL_RCC_GetHCLKFreq
 .text.HAL_RCC_GetPCLK1Freq
                0x0000000008002fa4       0x30 Drivers/STM32L4xx_HAL_Driver/Src/stm32l4xx_hal_rcc.o
                0x0000000008002fa4                HAL_RCC_GetPCLK1Freq
 .text.HAL_RCC_GetPCLK2Freq
                0x0000000008002fd4       0x30 Drivers/STM32L4xx_HAL_Driver/Src/stm32l4xx_hal_rcc.o
                0x0000000008002fd4                HAL_RCC_GetPCLK2Freq
 .text.HAL_RCC_GetClockConfig
                0x0000000008003004       0x3c Drivers/STM32L4xx_HAL_Driver/Src/stm32l4xx_hal_rcc.o
                0x0000000008003004                HAL_RCC_GetClockConfig
 .text.RCCEx_PLLSAI1_Config
                0x0000000008003040      0x1f8 Drivers/STM32L4xx_HAL_Driver/Src/stm32l4xx_hal_rcc_ex.o
 .text.RCCEx_PLLSAI2_Config
                0x0000000008003238      0x1b8 Drivers/STM32L4xx_HAL_Driver/Src/stm32l4xx_hal_rcc_ex.o
 .text.HAL_RCCEx_PeriphCLKConfig
                0x00000000080033f0      0x438 Drivers/STM32L4xx_HAL_Driver/Src/stm32l4xx_hal_rcc_ex.o
                0x00000000080033f0                HAL_RCCEx_PeriphCLKConfig
 .text.HAL_SPI_Init
                0x0000000008003828       0xb4 Drivers/STM32L4xx_HAL_Driver/Src/stm32l4xx_hal_spi.o
                0x0000000008003828                HAL_SPI_Init
 .text.TIM_OC1_SetConfig
                0x00000000080038dc       0x9c Drivers/STM32L4xx_HAL_Driver/Src/stm32l4xx_hal_tim.o
 .text.TIM_OC3_SetConfig
                0x0000000008003978       0x8c Drivers/STM32L4xx_HAL_Driver/Src/stm32l4xx_hal_tim.o
 .text.TIM_OC4_SetConfig
                0x0000000008003a04       0x6c Drivers/STM32L4xx_HAL_Driver/Src/stm32l4xx_hal_tim.o
 .text.TIM_OC5_SetConfig
                0x0000000008003a70       0x68 Drivers/STM32L4xx_HAL_Driver/Src/stm32l4xx_hal_tim.o
 .text.TIM_OC6_SetConfig
                0x0000000008003ad8       0x6c Drivers/STM32L4xx_HAL_Driver/Src/stm32l4xx_hal_tim.o
 .text.TIM_TI1_ConfigInputStage
                0x0000000008003b44       0x28 Drivers/STM32L4xx_HAL_Driver/Src/stm32l4xx_hal_tim.o
 .text.TIM_TI2_ConfigInputStage
                0x0000000008003b6c       0x28 Drivers/STM32L4xx_HAL_Driver/Src/stm32l4xx_hal_tim.o
 .text.TIM_ITRx_SetConfig
                0x0000000008003b94       0x10 Drivers/STM32L4xx_HAL_Driver/Src/stm32l4xx_hal_tim.o
 .text.HAL_TIM_Base_Start
                0x0000000008003ba4       0x1c Drivers/STM32L4xx_HAL_Driver/Src/stm32l4xx_hal_tim.o
                0x0000000008003ba4                HAL_TIM_Base_Start
 .text.HAL_TIM_Base_Start_IT
                0x0000000008003bc0       0x18 Drivers/STM32L4xx_HAL_Driver/Src/stm32l4xx_hal_tim.o
                0x0000000008003bc0                HAL_TIM_Base_Start_IT
 .text.HAL_TIM_PWM_MspInit
                0x0000000008003bd8        0x4 Drivers/STM32L4xx_HAL_Driver/Src/stm32l4xx_hal_tim.o
                0x0000000008003bd8                HAL_TIM_PWM_MspInit
 .text.HAL_TIM_OC_DelayElapsedCallback
                0x0000000008003bdc        0x4 Drivers/STM32L4xx_HAL_Driver/Src/stm32l4xx_hal_tim.o
                0x0000000008003bdc                HAL_TIM_OC_DelayElapsedCallback
 .text.HAL_TIM_IC_CaptureCallback
                0x0000000008003be0        0x4 Drivers/STM32L4xx_HAL_Driver/Src/stm32l4xx_hal_tim.o
                0x0000000008003be0                HAL_TIM_IC_CaptureCallback
 .text.HAL_TIM_PWM_PulseFinishedCallback
                0x0000000008003be4        0x4 Drivers/STM32L4xx_HAL_Driver/Src/stm32l4xx_hal_tim.o
                0x0000000008003be4                HAL_TIM_PWM_PulseFinishedCallback
 .text.HAL_TIM_TriggerCallback
                0x0000000008003be8        0x4 Drivers/STM32L4xx_HAL_Driver/Src/stm32l4xx_hal_tim.o
                0x0000000008003be8                HAL_TIM_TriggerCallback
 .text.HAL_TIM_IRQHandler
                0x0000000008003bec      0x174 Drivers/STM32L4xx_HAL_Driver/Src/stm32l4xx_hal_tim.o
                0x0000000008003bec                HAL_TIM_IRQHandler
 .text.TIM_Base_SetConfig
                0x0000000008003d60       0xc0 Drivers/STM32L4xx_HAL_Driver/Src/stm32l4xx_hal_tim.o
                0x0000000008003d60                TIM_Base_SetConfig
 .text.HAL_TIM_Base_Init
                0x0000000008003e20       0x38 Drivers/STM32L4xx_HAL_Driver/Src/stm32l4xx_hal_tim.o
                0x0000000008003e20                HAL_TIM_Base_Init
 .text.HAL_TIM_PWM_Init
                0x0000000008003e58       0x38 Drivers/STM32L4xx_HAL_Driver/Src/stm32l4xx_hal_tim.o
                0x0000000008003e58                HAL_TIM_PWM_Init
 .text.TIM_OC2_SetConfig
                0x0000000008003e90       0x8c Drivers/STM32L4xx_HAL_Driver/Src/stm32l4xx_hal_tim.o
                0x0000000008003e90                TIM_OC2_SetConfig
 .text.HAL_TIM_PWM_ConfigChannel
                0x0000000008003f1c      0x138 Drivers/STM32L4xx_HAL_Driver/Src/stm32l4xx_hal_tim.o
                0x0000000008003f1c                HAL_TIM_PWM_ConfigChannel
 .text.TIM_ETR_SetConfig
                0x0000000008004054       0x1c Drivers/STM32L4xx_HAL_Driver/Src/stm32l4xx_hal_tim.o
                0x0000000008004054                TIM_ETR_SetConfig
 .text.HAL_TIM_ConfigClockSource
                0x0000000008004070      0x120 Drivers/STM32L4xx_HAL_Driver/Src/stm32l4xx_hal_tim.o
                0x0000000008004070                HAL_TIM_ConfigClockSource
 .text.TIM_CCxChannelCmd
                0x0000000008004190       0x20 Drivers/STM32L4xx_HAL_Driver/Src/stm32l4xx_hal_tim.o
                0x0000000008004190                TIM_CCxChannelCmd
 .text.HAL_TIM_PWM_Start
                0x00000000080041b0       0x68 Drivers/STM32L4xx_HAL_Driver/Src/stm32l4xx_hal_tim.o
                0x00000000080041b0                HAL_TIM_PWM_Start
 .text.HAL_TIMEx_MasterConfigSynchronization
                0x0000000008004218       0x58 Drivers/STM32L4xx_HAL_Driver/Src/stm32l4xx_hal_tim_ex.o
                0x0000000008004218                HAL_TIMEx_MasterConfigSynchronization
 .text.HAL_TIMEx_CommutationCallback
                0x0000000008004270        0x4 Drivers/STM32L4xx_HAL_Driver/Src/stm32l4xx_hal_tim_ex.o
                0x0000000008004270                HAL_TIMEx_CommutationCallback
 .text.HAL_TIMEx_BreakCallback
                0x0000000008004274        0x4 Drivers/STM32L4xx_HAL_Driver/Src/stm32l4xx_hal_tim_ex.o
                0x0000000008004274                HAL_TIMEx_BreakCallback
 .text.UART_EndTxTransfer
                0x0000000008004278       0x14 Drivers/STM32L4xx_HAL_Driver/Src/stm32l4xx_hal_uart.o
 .text.UART_EndRxTransfer
                0x000000000800428c       0x1c Drivers/STM32L4xx_HAL_Driver/Src/stm32l4xx_hal_uart.o
 .text.HAL_UART_Receive_DMA
                0x00000000080042a8       0x9c Drivers/STM32L4xx_HAL_Driver/Src/stm32l4xx_hal_uart.o
                0x00000000080042a8                HAL_UART_Receive_DMA
 .text.UART_DMAReceiveCplt
                0x0000000008004344       0x40 Drivers/STM32L4xx_HAL_Driver/Src/stm32l4xx_hal_uart.o
 .text.HAL_UART_RxHalfCpltCallback
                0x0000000008004384        0x4 Drivers/STM32L4xx_HAL_Driver/Src/stm32l4xx_hal_uart.o
                0x0000000008004384                HAL_UART_RxHalfCpltCallback
 .text.UART_DMARxHalfCplt
                0x0000000008004388        0xc Drivers/STM32L4xx_HAL_Driver/Src/stm32l4xx_hal_uart.o
 .text.HAL_UART_ErrorCallback
                0x0000000008004394        0x4 Drivers/STM32L4xx_HAL_Driver/Src/stm32l4xx_hal_uart.o
                0x0000000008004394                HAL_UART_ErrorCallback
 .text.UART_DMAError
                0x0000000008004398       0x54 Drivers/STM32L4xx_HAL_Driver/Src/stm32l4xx_hal_uart.o
 .text.UART_SetConfig
                0x00000000080043ec      0x3e4 Drivers/STM32L4xx_HAL_Driver/Src/stm32l4xx_hal_uart.o
                0x00000000080043ec                UART_SetConfig
 .text.UART_AdvFeatureConfig
                0x00000000080047d0       0xc8 Drivers/STM32L4xx_HAL_Driver/Src/stm32l4xx_hal_uart.o
                0x00000000080047d0                UART_AdvFeatureConfig
 .text.UART_WaitOnFlagUntilTimeout
                0x0000000008004898       0x68 Drivers/STM32L4xx_HAL_Driver/Src/stm32l4xx_hal_uart.o
                0x0000000008004898                UART_WaitOnFlagUntilTimeout
 .text.HAL_UART_Transmit
                0x0000000008004900       0xd0 Drivers/STM32L4xx_HAL_Driver/Src/stm32l4xx_hal_uart.o
                0x0000000008004900                HAL_UART_Transmit
 .text.HAL_UART_Receive
                0x00000000080049d0      0x110 Drivers/STM32L4xx_HAL_Driver/Src/stm32l4xx_hal_uart.o
                0x00000000080049d0                HAL_UART_Receive
 .text.UART_CheckIdleState
                0x0000000008004ae0       0x6c Drivers/STM32L4xx_HAL_Driver/Src/stm32l4xx_hal_uart.o
                0x0000000008004ae0                UART_CheckIdleState
 .text.HAL_UART_Init
                0x0000000008004b4c       0x6c Drivers/STM32L4xx_HAL_Driver/Src/stm32l4xx_hal_uart.o
                0x0000000008004b4c                HAL_UART_Init
 .text.osKernelStart
                0x0000000008004bb8        0xc Middlewares/Third_Party/FreeRTOS/Source/CMSIS_RTOS/cmsis_os.o
                0x0000000008004bb8                osKernelStart
 .text.osDelay  0x0000000008004bc4       0x10 Middlewares/Third_Party/FreeRTOS/Source/CMSIS_RTOS/cmsis_os.o
                0x0000000008004bc4                osDelay
 .text.osSystickHandler
                0x0000000008004bd4       0x10 Middlewares/Third_Party/FreeRTOS/Source/CMSIS_RTOS/cmsis_os.o
                0x0000000008004bd4                osSystickHandler
 .text.vListInitialise
                0x0000000008004be4       0x18 Middlewares/Third_Party/FreeRTOS/Source/list.o
                0x0000000008004be4                vListInitialise
 .text.vListInitialiseItem
                0x0000000008004bfc        0x8 Middlewares/Third_Party/FreeRTOS/Source/list.o
                0x0000000008004bfc                vListInitialiseItem
 .text.vListInsertEnd
                0x0000000008004c04       0x18 Middlewares/Third_Party/FreeRTOS/Source/list.o
                0x0000000008004c04                vListInsertEnd
 .text.vListInsert
                0x0000000008004c1c       0x34 Middlewares/Third_Party/FreeRTOS/Source/list.o
                0x0000000008004c1c                vListInsert
 .text.uxListRemove
                0x0000000008004c50       0x24 Middlewares/Third_Party/FreeRTOS/Source/list.o
                0x0000000008004c50                uxListRemove
 .text.xQueueGenericReset
                0x0000000008004c74       0x80 Middlewares/Third_Party/FreeRTOS/Source/queue.o
                0x0000000008004c74                xQueueGenericReset
 .text.xQueueGenericCreate
                0x0000000008004cf4       0x64 Middlewares/Third_Party/FreeRTOS/Source/queue.o
                0x0000000008004cf4                xQueueGenericCreate
 .text.prvResetNextTaskUnblockTime
                0x0000000008004d58       0x2c Middlewares/Third_Party/FreeRTOS/Source/tasks.o
 .text.prvDeleteTCB
                0x0000000008004d84       0x14 Middlewares/Third_Party/FreeRTOS/Source/tasks.o
 .text.prvAllocateTCBAndStack
                0x0000000008004d98       0x3c Middlewares/Third_Party/FreeRTOS/Source/tasks.o
 .text.prvInitialiseTCBVariables
                0x0000000008004dd4       0x50 Middlewares/Third_Party/FreeRTOS/Source/tasks.o
 .text.prvInitialiseTaskLists
                0x0000000008004e24       0x54 Middlewares/Third_Party/FreeRTOS/Source/tasks.o
 .text.prvAddCurrentTaskToDelayedList
                0x0000000008004e78       0x44 Middlewares/Third_Party/FreeRTOS/Source/tasks.o
 .text.xTaskGenericCreate
                0x0000000008004ebc      0x134 Middlewares/Third_Party/FreeRTOS/Source/tasks.o
                0x0000000008004ebc                xTaskGenericCreate
 .text.vTaskDelete
                0x0000000008004ff0       0xbc Middlewares/Third_Party/FreeRTOS/Source/tasks.o
                0x0000000008004ff0                vTaskDelete
 .text.vTaskStartScheduler
                0x00000000080050ac       0x6c Middlewares/Third_Party/FreeRTOS/Source/tasks.o
                0x00000000080050ac                vTaskStartScheduler
 .text.vTaskSuspendAll
                0x0000000008005118       0x14 Middlewares/Third_Party/FreeRTOS/Source/tasks.o
                0x0000000008005118                vTaskSuspendAll
 .text.xTaskGetTickCount
                0x000000000800512c        0xc Middlewares/Third_Party/FreeRTOS/Source/tasks.o
                0x000000000800512c                xTaskGetTickCount
 .text.xTaskIncrementTick
                0x0000000008005138      0x11c Middlewares/Third_Party/FreeRTOS/Source/tasks.o
                0x0000000008005138                xTaskIncrementTick
 .text.xTaskResumeAll
                0x0000000008005254       0xf8 Middlewares/Third_Party/FreeRTOS/Source/tasks.o
                0x0000000008005254                xTaskResumeAll
 .text.vTaskDelay
                0x000000000800534c       0x7c Middlewares/Third_Party/FreeRTOS/Source/tasks.o
                0x000000000800534c                vTaskDelay
 .text.prvCheckTasksWaitingTermination
                0x00000000080053c8       0x54 Middlewares/Third_Party/FreeRTOS/Source/tasks.o
 .text.prvIdleTask
                0x000000000800541c       0x28 Middlewares/Third_Party/FreeRTOS/Source/tasks.o
 .text.vTaskSwitchContext
                0x0000000008005444       0x90 Middlewares/Third_Party/FreeRTOS/Source/tasks.o
                0x0000000008005444                vTaskSwitchContext
 .text.xTaskRemoveFromEventList
                0x00000000080054d4       0x88 Middlewares/Third_Party/FreeRTOS/Source/tasks.o
                0x00000000080054d4                xTaskRemoveFromEventList
 .text.xTaskGetSchedulerState
                0x000000000800555c       0x20 Middlewares/Third_Party/FreeRTOS/Source/tasks.o
                0x000000000800555c                xTaskGetSchedulerState
 .text.ulTaskNotifyTake
                0x000000000800557c       0xc4 Middlewares/Third_Party/FreeRTOS/Source/tasks.o
                0x000000000800557c                ulTaskNotifyTake
 .text.vTaskNotifyGiveFromISR
                0x0000000008005640       0xc0 Middlewares/Third_Party/FreeRTOS/Source/tasks.o
                0x0000000008005640                vTaskNotifyGiveFromISR
 .text.prvTaskExitError
                0x0000000008005700       0x34 Middlewares/Third_Party/FreeRTOS/Source/portable/GCC/ARM_CM4F/port.o
 .text.prvPortStartFirstTask
                0x0000000008005734       0x20 Middlewares/Third_Party/FreeRTOS/Source/portable/GCC/ARM_CM4F/port.o
 .text.vPortEnableVFP
                0x0000000008005754       0x14 Middlewares/Third_Party/FreeRTOS/Source/portable/GCC/ARM_CM4F/port.o
 .text.pxPortInitialiseStack
                0x0000000008005768       0x28 Middlewares/Third_Party/FreeRTOS/Source/portable/GCC/ARM_CM4F/port.o
                0x0000000008005768                pxPortInitialiseStack
 .text.SVC_Handler
                0x0000000008005790       0x20 Middlewares/Third_Party/FreeRTOS/Source/portable/GCC/ARM_CM4F/port.o
                0x0000000008005790                SVC_Handler
 .text.vPortEnterCritical
                0x00000000080057b0       0x44 Middlewares/Third_Party/FreeRTOS/Source/portable/GCC/ARM_CM4F/port.o
                0x00000000080057b0                vPortEnterCritical
 .text.vPortExitCritical
                0x00000000080057f4       0x2c Middlewares/Third_Party/FreeRTOS/Source/portable/GCC/ARM_CM4F/port.o
                0x00000000080057f4                vPortExitCritical
 .text.PendSV_Handler
                0x0000000008005820       0x60 Middlewares/Third_Party/FreeRTOS/Source/portable/GCC/ARM_CM4F/port.o
                0x0000000008005820                PendSV_Handler
 .text.xPortSysTickHandler
                0x0000000008005880       0x30 Middlewares/Third_Party/FreeRTOS/Source/portable/GCC/ARM_CM4F/port.o
                0x0000000008005880                xPortSysTickHandler
 .text.vPortSetupTimerInterrupt
                0x00000000080058b0       0x2c Middlewares/Third_Party/FreeRTOS/Source/portable/GCC/ARM_CM4F/port.o
                0x00000000080058b0                vPortSetupTimerInterrupt
 .text.xPortStartScheduler
                0x00000000080058dc       0xe8 Middlewares/Third_Party/FreeRTOS/Source/portable/GCC/ARM_CM4F/port.o
                0x00000000080058dc                xPortStartScheduler
 .text.vPortValidateInterruptPriority
                0x00000000080059c4       0x58 Middlewares/Third_Party/FreeRTOS/Source/portable/GCC/ARM_CM4F/port.o
                0x00000000080059c4                vPortValidateInterruptPriority
 .text.prvHeapInit
                0x0000000008005a1c       0x5c Middlewares/Third_Party/FreeRTOS/Source/portable/MemMang/heap_4.o
 .text.prvInsertBlockIntoFreeList
                0x0000000008005a78       0x58 Middlewares/Third_Party/FreeRTOS/Source/portable/MemMang/heap_4.o
 .text.pvPortMalloc
                0x0000000008005ad0      0x10c Middlewares/Third_Party/FreeRTOS/Source/portable/MemMang/heap_4.o
                0x0000000008005ad0                pvPortMalloc
 .text.vPortFree
                0x0000000008005bdc       0x78 Middlewares/Third_Party/FreeRTOS/Source/portable/MemMang/heap_4.o
                0x0000000008005bdc                vPortFree
 .text.MPU6050  0x0000000008005c54        0xc Src/MPU6050.o
                0x0000000008005c54                MPU6050
 .text.MPUsetRate
                0x0000000008005c60       0x14 Src/MPU6050.o
                0x0000000008005c60                MPUsetRate
 .text.MPUsetExternalFrameSync
                0x0000000008005c74       0x20 Src/MPU6050.o
                0x0000000008005c74                MPUsetExternalFrameSync
 .text.MPUsetDLPFMode
                0x0000000008005c94       0x20 Src/MPU6050.o
                0x0000000008005c94                MPUsetDLPFMode
 .text.MPUsetFullScaleGyroRange
                0x0000000008005cb4       0x20 Src/MPU6050.o
                0x0000000008005cb4                MPUsetFullScaleGyroRange
 .text.MPUsetFullScaleAccelRange
                0x0000000008005cd4       0x20 Src/MPU6050.o
                0x0000000008005cd4                MPUsetFullScaleAccelRange
 .text.MPUsetMotionDetectionThreshold
                0x0000000008005cf4       0x14 Src/MPU6050.o
                0x0000000008005cf4                MPUsetMotionDetectionThreshold
 .text.MPUsetMotionDetectionDuration
                0x0000000008005d08       0x14 Src/MPU6050.o
                0x0000000008005d08                MPUsetMotionDetectionDuration
 .text.MPUsetZeroMotionDetectionThreshold
                0x0000000008005d1c       0x14 Src/MPU6050.o
                0x0000000008005d1c                MPUsetZeroMotionDetectionThreshold
 .text.MPUsetZeroMotionDetectionDuration
                0x0000000008005d30       0x14 Src/MPU6050.o
                0x0000000008005d30                MPUsetZeroMotionDetectionDuration
 .text.MPUsetSlaveAddress
                0x0000000008005d44       0x24 Src/MPU6050.o
                0x0000000008005d44                MPUsetSlaveAddress
 .text.MPUsetIntEnabled
                0x0000000008005d68       0x14 Src/MPU6050.o
                0x0000000008005d68                MPUsetIntEnabled
 .text.MPUgetIntStatus
                0x0000000008005d7c       0x1c Src/MPU6050.o
                0x0000000008005d7c                MPUgetIntStatus
 .text.MPUsetFIFOEnabled
                0x0000000008005d98       0x18 Src/MPU6050.o
                0x0000000008005d98                MPUsetFIFOEnabled
 .text.MPUsetI2CMasterModeEnabled
                0x0000000008005db0       0x18 Src/MPU6050.o
                0x0000000008005db0                MPUsetI2CMasterModeEnabled
 .text.MPUresetFIFO
                0x0000000008005dc8       0x18 Src/MPU6050.o
                0x0000000008005dc8                MPUresetFIFO
 .text.MPUresetI2CMaster
                0x0000000008005de0       0x18 Src/MPU6050.o
                0x0000000008005de0                MPUresetI2CMaster
 .text.MPUreset
                0x0000000008005df8       0x18 Src/MPU6050.o
                0x0000000008005df8                MPUreset
 .text.MPUsetSleepEnabled
                0x0000000008005e10       0x18 Src/MPU6050.o
                0x0000000008005e10                MPUsetSleepEnabled
 .text.MPUsetClockSource
                0x0000000008005e28       0x20 Src/MPU6050.o
                0x0000000008005e28                MPUsetClockSource
 .text.MPUinitialize
                0x0000000008005e48       0x1c Src/MPU6050.o
                0x0000000008005e48                MPUinitialize
 .text.MPUgetFIFOCount
                0x0000000008005e64       0x24 Src/MPU6050.o
                0x0000000008005e64                MPUgetFIFOCount
 .text.MPUgetFIFOBytes
                0x0000000008005e88       0x18 Src/MPU6050.o
                0x0000000008005e88                MPUgetFIFOBytes
 .text.MPUgetDeviceID
                0x0000000008005ea0       0x24 Src/MPU6050.o
                0x0000000008005ea0                MPUgetDeviceID
 .text.MPUtestConnection
                0x0000000008005ec4       0x10 Src/MPU6050.o
                0x0000000008005ec4                MPUtestConnection
 .text.MPUsetOTPBankValid
                0x0000000008005ed4       0x18 Src/MPU6050.o
                0x0000000008005ed4                MPUsetOTPBankValid
 .text.MPUgetXGyroOffset
                0x0000000008005eec       0x28 Src/MPU6050.o
                0x0000000008005eec                MPUgetXGyroOffset
 .text.MPUsetXGyroOffset
                0x0000000008005f14       0x20 Src/MPU6050.o
                0x0000000008005f14                MPUsetXGyroOffset
 .text.MPUgetYGyroOffset
                0x0000000008005f34       0x28 Src/MPU6050.o
                0x0000000008005f34                MPUgetYGyroOffset
 .text.MPUsetYGyroOffset
                0x0000000008005f5c       0x20 Src/MPU6050.o
                0x0000000008005f5c                MPUsetYGyroOffset
 .text.MPUgetZGyroOffset
                0x0000000008005f7c       0x28 Src/MPU6050.o
                0x0000000008005f7c                MPUgetZGyroOffset
 .text.MPUsetZGyroOffset
                0x0000000008005fa4       0x20 Src/MPU6050.o
                0x0000000008005fa4                MPUsetZGyroOffset
 .text.MPUsetXGyroOffsetUser
                0x0000000008005fc4       0x14 Src/MPU6050.o
                0x0000000008005fc4                MPUsetXGyroOffsetUser
 .text.MPUsetYGyroOffsetUser
                0x0000000008005fd8       0x14 Src/MPU6050.o
                0x0000000008005fd8                MPUsetYGyroOffsetUser
 .text.MPUsetZGyroOffsetUser
                0x0000000008005fec       0x14 Src/MPU6050.o
                0x0000000008005fec                MPUsetZGyroOffsetUser
 .text.MPUsetDMPEnabled
                0x0000000008006000       0x18 Src/MPU6050.o
                0x0000000008006000                MPUsetDMPEnabled
 .text.MPUresetDMP
                0x0000000008006018       0x18 Src/MPU6050.o
                0x0000000008006018                MPUresetDMP
 .text.MPUsetMemoryBank
                0x0000000008006030       0x24 Src/MPU6050.o
                0x0000000008006030                MPUsetMemoryBank
 .text.MPUsetMemoryStartAddress
                0x0000000008006054       0x14 Src/MPU6050.o
                0x0000000008006054                MPUsetMemoryStartAddress
 .text.MPUreadMemoryBlock
                0x0000000008006068       0x80 Src/MPU6050.o
                0x0000000008006068                MPUreadMemoryBlock
 .text.MPUwriteMemoryBlock
                0x00000000080060e8       0xc0 Src/MPU6050.o
                0x00000000080060e8                MPUwriteMemoryBlock
 .text.MPUwriteProgMemoryBlock
                0x00000000080061a8       0x18 Src/MPU6050.o
                0x00000000080061a8                MPUwriteProgMemoryBlock
 .text.MPUwriteDMPConfigurationSet
                0x00000000080061c0       0x68 Src/MPU6050.o
                0x00000000080061c0                MPUwriteDMPConfigurationSet
 .text.MPUwriteProgDMPConfigurationSet
                0x0000000008006228        0xc Src/MPU6050.o
                0x0000000008006228                MPUwriteProgDMPConfigurationSet
 .text.MPUsetDMPConfig1
                0x0000000008006234       0x14 Src/MPU6050.o
                0x0000000008006234                MPUsetDMPConfig1
 .text.MPUsetDMPConfig2
                0x0000000008006248       0x14 Src/MPU6050.o
                0x0000000008006248                MPUsetDMPConfig2
 .text.MPUdmpInitialize
                0x000000000800625c      0x5b8 Src/MPU6050_6Axis_MotionApps20.o
                0x000000000800625c                MPUdmpInitialize
 .text.MPUdmpGetQuaternion16
                0x0000000008006814       0x38 Src/MPU6050_6Axis_MotionApps20.o
                0x0000000008006814                MPUdmpGetQuaternion16
 .text.MPUdmpGetQuaternion
                0x000000000800684c       0x6c Src/MPU6050_6Axis_MotionApps20.o
                0x000000000800684c                MPUdmpGetQuaternion
 .text.MPUdmpGetGravityVect
                0x00000000080068b8       0x7c Src/MPU6050_6Axis_MotionApps20.o
                0x00000000080068b8                MPUdmpGetGravityVect
 .text.MPUdmpGetYawPitchRoll
                0x0000000008006934      0x114 Src/MPU6050_6Axis_MotionApps20.o
                0x0000000008006934                MPUdmpGetYawPitchRoll
 .text.startCommTask
                0x0000000008006a48      0x1e8 Src/comm.o
                0x0000000008006a48                startCommTask
 .text.startControllerTask
                0x0000000008006c30      0x1c0 Src/controller.o
                0x0000000008006c30                startControllerTask
 .text.I2C_readBytes
                0x0000000008006df0       0x4c Src/iic.o
                0x0000000008006df0                I2C_readBytes
 .text.I2C_readByte
                0x0000000008006e3c        0xc Src/iic.o
                0x0000000008006e3c                I2C_readByte
 .text.I2C_readBits
                0x0000000008006e48       0x34 Src/iic.o
                0x0000000008006e48                I2C_readBits
 .text.I2C_writeBytes
                0x0000000008006e7c       0x60 Src/iic.o
                0x0000000008006e7c                I2C_writeBytes
 .text.I2C_writeByte
                0x0000000008006edc       0x18 Src/iic.o
                0x0000000008006edc                I2C_writeByte
 .text.I2C_writeBits
                0x0000000008006ef4       0x4c Src/iic.o
                0x0000000008006ef4                I2C_writeBits
 .text.I2C_writeBit
                0x0000000008006f40       0x40 Src/iic.o
                0x0000000008006f40                I2C_writeBit
 .text.I2C_writeWord
                0x0000000008006f80       0x38 Src/iic.o
                0x0000000008006f80                I2C_writeWord
 .text.MX_GPIO_Init
                0x0000000008006fb8      0x148 Src/main.o
 .text.MX_DMA_Init
                0x0000000008007100       0x44 Src/main.o
 .text.startStartUp
                0x0000000008007144       0x50 Src/main.o
                0x0000000008007144                startStartUp
 .text.ESPInit  0x0000000008007194       0xd4 Src/main.o
                0x0000000008007194                ESPInit
 .text.print    0x0000000008007268       0x1c Src/main.o
                0x0000000008007268                print
 .text.HAL_UART_RxCpltCallback
                0x0000000008007284       0x38 Src/main.o
                0x0000000008007284                HAL_UART_RxCpltCallback
 .text.HAL_GPIO_EXTI_Callback
                0x00000000080072bc       0x38 Src/main.o
                0x00000000080072bc                HAL_GPIO_EXTI_Callback
 .text.HAL_TIM_PeriodElapsedCallback
                0x00000000080072f4       0x14 Src/main.o
                0x00000000080072f4                HAL_TIM_PeriodElapsedCallback
 .text._Error_Handler
                0x0000000008007308        0x4 Src/main.o
                0x0000000008007308                _Error_Handler
 .text.MX_USART1_UART_Init
                0x000000000800730c       0x40 Src/main.o
 .text.MX_USART3_UART_Init
                0x000000000800734c       0x40 Src/main.o
 .text.MX_I2C1_Init
                0x000000000800738c       0x68 Src/main.o
 .text.MX_TIM3_Init
                0x00000000080073f4       0xec Src/main.o
 .text.MX_USART2_UART_Init
                0x00000000080074e0       0x40 Src/main.o
 .text.MX_ADC1_Init
                0x0000000008007520       0x90 Src/main.o
 .text.MX_SPI2_Init
                0x00000000080075b0       0x54 Src/main.o
 .text.SystemClock_Config
                0x0000000008007604       0xe4 Src/main.o
                0x0000000008007604                SystemClock_Config
 .text.main     0x00000000080076e8      0x11c Src/main.o
                0x00000000080076e8                main
 *fill*         0x0000000008007804        0x4 
 .text.startSensorTask
                0x0000000008007808      0x138 Src/sensor.o
                0x0000000008007808                startSensorTask
 .text.initializeResources
                0x0000000008007940       0x24 Src/sharedResources.o
                0x0000000008007940                initializeResources
 .text.HAL_MspInit
                0x0000000008007964       0x90 Src/stm32l4xx_hal_msp.o
                0x0000000008007964                HAL_MspInit
 .text.HAL_ADC_MspInit
                0x00000000080079f4       0x4c Src/stm32l4xx_hal_msp.o
                0x00000000080079f4                HAL_ADC_MspInit
 .text.HAL_I2C_MspInit
                0x0000000008007a40       0x54 Src/stm32l4xx_hal_msp.o
                0x0000000008007a40                HAL_I2C_MspInit
 .text.HAL_SPI_MspInit
                0x0000000008007a94       0x68 Src/stm32l4xx_hal_msp.o
                0x0000000008007a94                HAL_SPI_MspInit
 .text.HAL_TIM_Base_MspInit
                0x0000000008007afc       0x28 Src/stm32l4xx_hal_msp.o
                0x0000000008007afc                HAL_TIM_Base_MspInit
 .text.HAL_TIM_MspPostInit
                0x0000000008007b24       0x60 Src/stm32l4xx_hal_msp.o
                0x0000000008007b24                HAL_TIM_MspPostInit
 .text.HAL_UART_MspInit
                0x0000000008007b84      0x1a0 Src/stm32l4xx_hal_msp.o
                0x0000000008007b84                HAL_UART_MspInit
 .text.HAL_InitTick
                0x0000000008007d24       0x78 Src/stm32l4xx_hal_timebase_TIM.o
                0x0000000008007d24                HAL_InitTick
 .text.SysTick_Handler
                0x0000000008007d9c        0x8 Src/stm32l4xx_it.o
                0x0000000008007d9c                SysTick_Handler
 .text.DMA1_Channel3_IRQHandler
                0x0000000008007da4       0x10 Src/stm32l4xx_it.o
                0x0000000008007da4                DMA1_Channel3_IRQHandler
 .text.DMA1_Channel5_IRQHandler
                0x0000000008007db4       0x10 Src/stm32l4xx_it.o
                0x0000000008007db4                DMA1_Channel5_IRQHandler
 .text.EXTI9_5_IRQHandler
                0x0000000008007dc4        0xc Src/stm32l4xx_it.o
                0x0000000008007dc4                EXTI9_5_IRQHandler
 .text.TIM1_UP_TIM16_IRQHandler
                0x0000000008007dd0       0x10 Src/stm32l4xx_it.o
                0x0000000008007dd0                TIM1_UP_TIM16_IRQHandler
 .text.SystemInit
                0x0000000008007de0       0x48 Src/system_stm32l4xx.o
                0x0000000008007de0                SystemInit
 .text.Reset_Handler
                0x0000000008007e28       0x50 startup/startup_stm32l476xx.o
                0x0000000008007e28                Reset_Handler
 .text.Default_Handler
                0x0000000008007e78        0x2 startup/startup_stm32l476xx.o
                0x0000000008007e78                TIM1_BRK_TIM15_IRQHandler
                0x0000000008007e78                EXTI2_IRQHandler
                0x0000000008007e78                TIM8_TRG_COM_IRQHandler
                0x0000000008007e78                TIM8_CC_IRQHandler
                0x0000000008007e78                DebugMon_Handler
                0x0000000008007e78                TIM1_CC_IRQHandler
                0x0000000008007e78                TSC_IRQHandler
                0x0000000008007e78                HardFault_Handler
                0x0000000008007e78                TAMP_STAMP_IRQHandler
                0x0000000008007e78                NMI_Handler
                0x0000000008007e78                EXTI3_IRQHandler
                0x0000000008007e78                LPTIM2_IRQHandler
                0x0000000008007e78                DFSDM1_FLT1_IRQHandler
                0x0000000008007e78                I2C3_ER_IRQHandler
                0x0000000008007e78                DFSDM1_FLT2_IRQHandler
                0x0000000008007e78                EXTI0_IRQHandler
                0x0000000008007e78                I2C2_EV_IRQHandler
                0x0000000008007e78                CAN1_RX0_IRQHandler
                0x0000000008007e78                FPU_IRQHandler
                0x0000000008007e78                UsageFault_Handler
                0x0000000008007e78                ADC1_2_IRQHandler
                0x0000000008007e78                SPI1_IRQHandler
                0x0000000008007e78                TIM6_DAC_IRQHandler
                0x0000000008007e78                TIM8_UP_IRQHandler
                0x0000000008007e78                DMA2_Channel2_IRQHandler
                0x0000000008007e78                DMA1_Channel4_IRQHandler
                0x0000000008007e78                SAI2_IRQHandler
                0x0000000008007e78                DFSDM1_FLT3_IRQHandler
                0x0000000008007e78                USART3_IRQHandler
                0x0000000008007e78                DMA1_Channel7_IRQHandler
                0x0000000008007e78                CAN1_RX1_IRQHandler
                0x0000000008007e78                LCD_IRQHandler
                0x0000000008007e78                UART5_IRQHandler
                0x0000000008007e78                ADC3_IRQHandler
                0x0000000008007e78                TIM4_IRQHandler
                0x0000000008007e78                DMA2_Channel1_IRQHandler
                0x0000000008007e78                QUADSPI_IRQHandler
                0x0000000008007e78                I2C1_EV_IRQHandler
                0x0000000008007e78                DMA1_Channel6_IRQHandler
                0x0000000008007e78                UART4_IRQHandler
                0x0000000008007e78                DMA2_Channel4_IRQHandler
                0x0000000008007e78                TIM3_IRQHandler
                0x0000000008007e78                RCC_IRQHandler
                0x0000000008007e78                DMA1_Channel1_IRQHandler
                0x0000000008007e78                Default_Handler
                0x0000000008007e78                DMA2_Channel7_IRQHandler
                0x0000000008007e78                EXTI15_10_IRQHandler
                0x0000000008007e78                TIM7_IRQHandler
                0x0000000008007e78                SDMMC1_IRQHandler
                0x0000000008007e78                TIM5_IRQHandler
                0x0000000008007e78                I2C3_EV_IRQHandler
                0x0000000008007e78                RTC_WKUP_IRQHandler
                0x0000000008007e78                PVD_PVM_IRQHandler
                0x0000000008007e78                SPI2_IRQHandler
                0x0000000008007e78                MemManage_Handler
                0x0000000008007e78                CAN1_TX_IRQHandler
                0x0000000008007e78                DMA2_Channel5_IRQHandler
                0x0000000008007e78                EXTI4_IRQHandler
                0x0000000008007e78                RNG_IRQHandler
                0x0000000008007e78                TIM1_TRG_COM_TIM17_IRQHandler
                0x0000000008007e78                COMP_IRQHandler
                0x0000000008007e78                WWDG_IRQHandler
                0x0000000008007e78                LPUART1_IRQHandler
                0x0000000008007e78                DMA2_Channel6_IRQHandler
                0x0000000008007e78                TIM2_IRQHandler
                0x0000000008007e78                EXTI1_IRQHandler
                0x0000000008007e78                USART2_IRQHandler
                0x0000000008007e78                DFSDM1_FLT0_IRQHandler
                0x0000000008007e78                I2C2_ER_IRQHandler
                0x0000000008007e78                DMA1_Channel2_IRQHandler
                0x0000000008007e78                TIM8_BRK_IRQHandler
                0x0000000008007e78                CAN1_SCE_IRQHandler
                0x0000000008007e78                FLASH_IRQHandler
                0x0000000008007e78                BusFault_Handler
                0x0000000008007e78                USART1_IRQHandler
                0x0000000008007e78                OTG_FS_IRQHandler
                0x0000000008007e78                SPI3_IRQHandler
                0x0000000008007e78                I2C1_ER_IRQHandler
                0x0000000008007e78                FMC_IRQHandler
                0x0000000008007e78                SWPMI1_IRQHandler
                0x0000000008007e78                LPTIM1_IRQHandler
                0x0000000008007e78                SAI1_IRQHandler
                0x0000000008007e78                DMA2_Channel3_IRQHandler
                0x0000000008007e78                RTC_Alarm_IRQHandler
 *fill*         0x0000000008007e7a        0x6 
 .text.atan     0x0000000008007e80      0x378 /Applications/SystemWorkbench.app/Contents/Eclipse/plugins/fr.ac6.mcu.externaltools.arm-none.macos64_1.13.1.201703061524/tools/compiler/bin/../lib/gcc/arm-none-eabi/5.4.1/../../../../arm-none-eabi/lib/armv7e-m/fpu/libm.a(lib_a-s_atan.o)
                0x0000000008007e80                atan
 .text.fabs     0x00000000080081f8       0x10 /Applications/SystemWorkbench.app/Contents/Eclipse/plugins/fr.ac6.mcu.externaltools.arm-none.macos64_1.13.1.201703061524/tools/compiler/bin/../lib/gcc/arm-none-eabi/5.4.1/../../../../arm-none-eabi/lib/armv7e-m/fpu/libm.a(lib_a-s_fabs.o)
                0x00000000080081f8                fabs
 .text.atan2    0x0000000008008208        0x4 /Applications/SystemWorkbench.app/Contents/Eclipse/plugins/fr.ac6.mcu.externaltools.arm-none.macos64_1.13.1.201703061524/tools/compiler/bin/../lib/gcc/arm-none-eabi/5.4.1/../../../../arm-none-eabi/lib/armv7e-m/fpu/libm.a(lib_a-w_atan2.o)
                0x0000000008008208                atan2
 .text.sqrtf    0x000000000800820c       0xac /Applications/SystemWorkbench.app/Contents/Eclipse/plugins/fr.ac6.mcu.externaltools.arm-none.macos64_1.13.1.201703061524/tools/compiler/bin/../lib/gcc/arm-none-eabi/5.4.1/../../../../arm-none-eabi/lib/armv7e-m/fpu/libm.a(lib_a-wf_sqrt.o)
                0x000000000800820c                sqrtf
 .text.__ieee754_atan2
                0x00000000080082b8      0x1ec /Applications/SystemWorkbench.app/Contents/Eclipse/plugins/fr.ac6.mcu.externaltools.arm-none.macos64_1.13.1.201703061524/tools/compiler/bin/../lib/gcc/arm-none-eabi/5.4.1/../../../../arm-none-eabi/lib/armv7e-m/fpu/libm.a(lib_a-e_atan2.o)
                0x00000000080082b8                __ieee754_atan2
 .text.__ieee754_sqrtf
                0x00000000080084a4       0xa4 /Applications/SystemWorkbench.app/Contents/Eclipse/plugins/fr.ac6.mcu.externaltools.arm-none.macos64_1.13.1.201703061524/tools/compiler/bin/../lib/gcc/arm-none-eabi/5.4.1/../../../../arm-none-eabi/lib/armv7e-m/fpu/libm.a(lib_a-ef_sqrt.o)
                0x00000000080084a4                __ieee754_sqrtf
 .text.matherr  0x0000000008008548        0x4 /Applications/SystemWorkbench.app/Contents/Eclipse/plugins/fr.ac6.mcu.externaltools.arm-none.macos64_1.13.1.201703061524/tools/compiler/bin/../lib/gcc/arm-none-eabi/5.4.1/../../../../arm-none-eabi/lib/armv7e-m/fpu/libm.a(lib_a-s_matherr.o)
                0x0000000008008548                matherr
 .text.__errno  0x000000000800854c        0xc /Applications/SystemWorkbench.app/Contents/Eclipse/plugins/fr.ac6.mcu.externaltools.arm-none.macos64_1.13.1.201703061524/tools/compiler/bin/../lib/gcc/arm-none-eabi/5.4.1/../../../../arm-none-eabi/lib/armv7e-m/fpu/libc_nano.a(lib_a-errno.o)
                0x000000000800854c                __errno
 .text.__libc_init_array
                0x0000000008008558       0x4c /Applications/SystemWorkbench.app/Contents/Eclipse/plugins/fr.ac6.mcu.externaltools.arm-none.macos64_1.13.1.201703061524/tools/compiler/bin/../lib/gcc/arm-none-eabi/5.4.1/../../../../arm-none-eabi/lib/armv7e-m/fpu/libc_nano.a(lib_a-init.o)
                0x0000000008008558                __libc_init_array
 .text.malloc   0x00000000080085a4       0x10 /Applications/SystemWorkbench.app/Contents/Eclipse/plugins/fr.ac6.mcu.externaltools.arm-none.macos64_1.13.1.201703061524/tools/compiler/bin/../lib/gcc/arm-none-eabi/5.4.1/../../../../arm-none-eabi/lib/armv7e-m/fpu/libc_nano.a(lib_a-malloc.o)
                0x00000000080085a4                malloc
 .text.free     0x00000000080085b4       0x10 /Applications/SystemWorkbench.app/Contents/Eclipse/plugins/fr.ac6.mcu.externaltools.arm-none.macos64_1.13.1.201703061524/tools/compiler/bin/../lib/gcc/arm-none-eabi/5.4.1/../../../../arm-none-eabi/lib/armv7e-m/fpu/libc_nano.a(lib_a-malloc.o)
                0x00000000080085b4                free
 .text.memcmp   0x00000000080085c4       0x1e /Applications/SystemWorkbench.app/Contents/Eclipse/plugins/fr.ac6.mcu.externaltools.arm-none.macos64_1.13.1.201703061524/tools/compiler/bin/../lib/gcc/arm-none-eabi/5.4.1/../../../../arm-none-eabi/lib/armv7e-m/fpu/libc_nano.a(lib_a-memcmp.o)
                0x00000000080085c4                memcmp
 .text.memcpy   0x00000000080085e2       0x16 /Applications/SystemWorkbench.app/Contents/Eclipse/plugins/fr.ac6.mcu.externaltools.arm-none.macos64_1.13.1.201703061524/tools/compiler/bin/../lib/gcc/arm-none-eabi/5.4.1/../../../../arm-none-eabi/lib/armv7e-m/fpu/libc_nano.a(lib_a-memcpy-stub.o)
                0x00000000080085e2                memcpy
 .text.memset   0x00000000080085f8       0x10 /Applications/SystemWorkbench.app/Contents/Eclipse/plugins/fr.ac6.mcu.externaltools.arm-none.macos64_1.13.1.201703061524/tools/compiler/bin/../lib/gcc/arm-none-eabi/5.4.1/../../../../arm-none-eabi/lib/armv7e-m/fpu/libc_nano.a(lib_a-memset.o)
                0x00000000080085f8                memset
 .text._free_r  0x0000000008008608       0x9c /Applications/SystemWorkbench.app/Contents/Eclipse/plugins/fr.ac6.mcu.externaltools.arm-none.macos64_1.13.1.201703061524/tools/compiler/bin/../lib/gcc/arm-none-eabi/5.4.1/../../../../arm-none-eabi/lib/armv7e-m/fpu/libc_nano.a(lib_a-nano-freer.o)
                0x0000000008008608                _free_r
 .text._malloc_r
                0x00000000080086a4       0xbc /Applications/SystemWorkbench.app/Contents/Eclipse/plugins/fr.ac6.mcu.externaltools.arm-none.macos64_1.13.1.201703061524/tools/compiler/bin/../lib/gcc/arm-none-eabi/5.4.1/../../../../arm-none-eabi/lib/armv7e-m/fpu/libc_nano.a(lib_a-nano-mallocr.o)
                0x00000000080086a4                _malloc_r
 .text.printf   0x0000000008008760       0x30 /Applications/SystemWorkbench.app/Contents/Eclipse/plugins/fr.ac6.mcu.externaltools.arm-none.macos64_1.13.1.201703061524/tools/compiler/bin/../lib/gcc/arm-none-eabi/5.4.1/../../../../arm-none-eabi/lib/armv7e-m/fpu/libc_nano.a(lib_a-printf.o)
                0x0000000008008760                printf
                0x0000000008008760                iprintf
 .text._sbrk_r  0x0000000008008790       0x20 /Applications/SystemWorkbench.app/Contents/Eclipse/plugins/fr.ac6.mcu.externaltools.arm-none.macos64_1.13.1.201703061524/tools/compiler/bin/../lib/gcc/arm-none-eabi/5.4.1/../../../../arm-none-eabi/lib/armv7e-m/fpu/libc_nano.a(lib_a-sbrkr.o)
                0x0000000008008790                _sbrk_r
 .text.sprintf  0x00000000080087b0       0x48 /Applications/SystemWorkbench.app/Contents/Eclipse/plugins/fr.ac6.mcu.externaltools.arm-none.macos64_1.13.1.201703061524/tools/compiler/bin/../lib/gcc/arm-none-eabi/5.4.1/../../../../arm-none-eabi/lib/armv7e-m/fpu/libc_nano.a(lib_a-sprintf.o)
                0x00000000080087b0                sprintf
                0x00000000080087b0                siprintf
 .text.strncpy  0x00000000080087f8       0x26 /Applications/SystemWorkbench.app/Contents/Eclipse/plugins/fr.ac6.mcu.externaltools.arm-none.macos64_1.13.1.201703061524/tools/compiler/bin/../lib/gcc/arm-none-eabi/5.4.1/../../../../arm-none-eabi/lib/armv7e-m/fpu/libc_nano.a(lib_a-strncpy.o)
                0x00000000080087f8                strncpy
 *fill*         0x000000000800881e        0x2 
 .text._cleanup_r
                0x0000000008008820        0xc /Applications/SystemWorkbench.app/Contents/Eclipse/plugins/fr.ac6.mcu.externaltools.arm-none.macos64_1.13.1.201703061524/tools/compiler/bin/../lib/gcc/arm-none-eabi/5.4.1/../../../../arm-none-eabi/lib/armv7e-m/fpu/libc_nano.a(lib_a-findfp.o)
                0x0000000008008820                _cleanup_r
 .text.std.isra.0
                0x000000000800882c       0x48 /Applications/SystemWorkbench.app/Contents/Eclipse/plugins/fr.ac6.mcu.externaltools.arm-none.macos64_1.13.1.201703061524/tools/compiler/bin/../lib/gcc/arm-none-eabi/5.4.1/../../../../arm-none-eabi/lib/armv7e-m/fpu/libc_nano.a(lib_a-findfp.o)
 .text.__sfmoreglue
                0x0000000008008874       0x2c /Applications/SystemWorkbench.app/Contents/Eclipse/plugins/fr.ac6.mcu.externaltools.arm-none.macos64_1.13.1.201703061524/tools/compiler/bin/../lib/gcc/arm-none-eabi/5.4.1/../../../../arm-none-eabi/lib/armv7e-m/fpu/libc_nano.a(lib_a-findfp.o)
                0x0000000008008874                __sfmoreglue
 .text.__sinit  0x00000000080088a0       0x60 /Applications/SystemWorkbench.app/Contents/Eclipse/plugins/fr.ac6.mcu.externaltools.arm-none.macos64_1.13.1.201703061524/tools/compiler/bin/../lib/gcc/arm-none-eabi/5.4.1/../../../../arm-none-eabi/lib/armv7e-m/fpu/libc_nano.a(lib_a-findfp.o)
                0x00000000080088a0                __sinit
 .text.__sfp    0x0000000008008900       0x78 /Applications/SystemWorkbench.app/Contents/Eclipse/plugins/fr.ac6.mcu.externaltools.arm-none.macos64_1.13.1.201703061524/tools/compiler/bin/../lib/gcc/arm-none-eabi/5.4.1/../../../../arm-none-eabi/lib/armv7e-m/fpu/libc_nano.a(lib_a-findfp.o)
                0x0000000008008900                __sfp
 .text._fwalk_reent
                0x0000000008008978       0x3c /Applications/SystemWorkbench.app/Contents/Eclipse/plugins/fr.ac6.mcu.externaltools.arm-none.macos64_1.13.1.201703061524/tools/compiler/bin/../lib/gcc/arm-none-eabi/5.4.1/../../../../arm-none-eabi/lib/armv7e-m/fpu/libc_nano.a(lib_a-fwalk.o)
                0x0000000008008978                _fwalk_reent
 .text.__malloc_lock
                0x00000000080089b4        0x2 /Applications/SystemWorkbench.app/Contents/Eclipse/plugins/fr.ac6.mcu.externaltools.arm-none.macos64_1.13.1.201703061524/tools/compiler/bin/../lib/gcc/arm-none-eabi/5.4.1/../../../../arm-none-eabi/lib/armv7e-m/fpu/libc_nano.a(lib_a-mlock.o)
                0x00000000080089b4                __malloc_lock
 .text.__malloc_unlock
                0x00000000080089b6        0x2 /Applications/SystemWorkbench.app/Contents/Eclipse/plugins/fr.ac6.mcu.externaltools.arm-none.macos64_1.13.1.201703061524/tools/compiler/bin/../lib/gcc/arm-none-eabi/5.4.1/../../../../arm-none-eabi/lib/armv7e-m/fpu/libc_nano.a(lib_a-mlock.o)
                0x00000000080089b6                __malloc_unlock
 .text.__ssputs_r
                0x00000000080089b8       0xb2 /Applications/SystemWorkbench.app/Contents/Eclipse/plugins/fr.ac6.mcu.externaltools.arm-none.macos64_1.13.1.201703061524/tools/compiler/bin/../lib/gcc/arm-none-eabi/5.4.1/../../../../arm-none-eabi/lib/armv7e-m/fpu/libc_nano.a(lib_a-nano-svfprintf.o)
                0x00000000080089b8                __ssputs_r
 *fill*         0x0000000008008a6a        0x2 
 .text._svfprintf_r
                0x0000000008008a6c      0x1e8 /Applications/SystemWorkbench.app/Contents/Eclipse/plugins/fr.ac6.mcu.externaltools.arm-none.macos64_1.13.1.201703061524/tools/compiler/bin/../lib/gcc/arm-none-eabi/5.4.1/../../../../arm-none-eabi/lib/armv7e-m/fpu/libc_nano.a(lib_a-nano-svfprintf.o)
                0x0000000008008a6c                _svfprintf_r
                0x0000000008008a6c                _svfiprintf_r
 .text.__sfputc_r
                0x0000000008008c54       0x30 /Applications/SystemWorkbench.app/Contents/Eclipse/plugins/fr.ac6.mcu.externaltools.arm-none.macos64_1.13.1.201703061524/tools/compiler/bin/../lib/gcc/arm-none-eabi/5.4.1/../../../../arm-none-eabi/lib/armv7e-m/fpu/libc_nano.a(lib_a-nano-vfprintf.o)
 .text.__sfputs_r
                0x0000000008008c84       0x24 /Applications/SystemWorkbench.app/Contents/Eclipse/plugins/fr.ac6.mcu.externaltools.arm-none.macos64_1.13.1.201703061524/tools/compiler/bin/../lib/gcc/arm-none-eabi/5.4.1/../../../../arm-none-eabi/lib/armv7e-m/fpu/libc_nano.a(lib_a-nano-vfprintf.o)
                0x0000000008008c84                __sfputs_r
 .text._vfprintf_r
                0x0000000008008ca8      0x238 /Applications/SystemWorkbench.app/Contents/Eclipse/plugins/fr.ac6.mcu.externaltools.arm-none.macos64_1.13.1.201703061524/tools/compiler/bin/../lib/gcc/arm-none-eabi/5.4.1/../../../../arm-none-eabi/lib/armv7e-m/fpu/libc_nano.a(lib_a-nano-vfprintf.o)
                0x0000000008008ca8                _vfiprintf_r
                0x0000000008008ca8                _vfprintf_r
 .text._printf_common
                0x0000000008008ee0       0xec /Applications/SystemWorkbench.app/Contents/Eclipse/plugins/fr.ac6.mcu.externaltools.arm-none.macos64_1.13.1.201703061524/tools/compiler/bin/../lib/gcc/arm-none-eabi/5.4.1/../../../../arm-none-eabi/lib/armv7e-m/fpu/libc_nano.a(lib_a-nano-vfprintf_i.o)
                0x0000000008008ee0                _printf_common
 .text._printf_i
                0x0000000008008fcc      0x24c /Applications/SystemWorkbench.app/Contents/Eclipse/plugins/fr.ac6.mcu.externaltools.arm-none.macos64_1.13.1.201703061524/tools/compiler/bin/../lib/gcc/arm-none-eabi/5.4.1/../../../../arm-none-eabi/lib/armv7e-m/fpu/libc_nano.a(lib_a-nano-vfprintf_i.o)
                0x0000000008008fcc                _printf_i
 .text.__sread  0x0000000008009218       0x22 /Applications/SystemWorkbench.app/Contents/Eclipse/plugins/fr.ac6.mcu.externaltools.arm-none.macos64_1.13.1.201703061524/tools/compiler/bin/../lib/gcc/arm-none-eabi/5.4.1/../../../../arm-none-eabi/lib/armv7e-m/fpu/libc_nano.a(lib_a-stdio.o)
                0x0000000008009218                __sread
 .text.__swrite
                0x000000000800923a       0x38 /Applications/SystemWorkbench.app/Contents/Eclipse/plugins/fr.ac6.mcu.externaltools.arm-none.macos64_1.13.1.201703061524/tools/compiler/bin/../lib/gcc/arm-none-eabi/5.4.1/../../../../arm-none-eabi/lib/armv7e-m/fpu/libc_nano.a(lib_a-stdio.o)
                0x000000000800923a                __swrite
 .text.__sseek  0x0000000008009272       0x24 /Applications/SystemWorkbench.app/Contents/Eclipse/plugins/fr.ac6.mcu.externaltools.arm-none.macos64_1.13.1.201703061524/tools/compiler/bin/../lib/gcc/arm-none-eabi/5.4.1/../../../../arm-none-eabi/lib/armv7e-m/fpu/libc_nano.a(lib_a-stdio.o)
                0x0000000008009272                __sseek
 .text.__sclose
                0x0000000008009296        0x8 /Applications/SystemWorkbench.app/Contents/Eclipse/plugins/fr.ac6.mcu.externaltools.arm-none.macos64_1.13.1.201703061524/tools/compiler/bin/../lib/gcc/arm-none-eabi/5.4.1/../../../../arm-none-eabi/lib/armv7e-m/fpu/libc_nano.a(lib_a-stdio.o)
                0x0000000008009296                __sclose
 *fill*         0x000000000800929e        0x2 
 .text.__swbuf_r
                0x00000000080092a0       0xa8 /Applications/SystemWorkbench.app/Contents/Eclipse/plugins/fr.ac6.mcu.externaltools.arm-none.macos64_1.13.1.201703061524/tools/compiler/bin/../lib/gcc/arm-none-eabi/5.4.1/../../../../arm-none-eabi/lib/armv7e-m/fpu/libc_nano.a(lib_a-wbuf.o)
                0x00000000080092a0                __swbuf_r
 .text._write_r
                0x0000000008009348       0x24 /Applications/SystemWorkbench.app/Contents/Eclipse/plugins/fr.ac6.mcu.externaltools.arm-none.macos64_1.13.1.201703061524/tools/compiler/bin/../lib/gcc/arm-none-eabi/5.4.1/../../../../arm-none-eabi/lib/armv7e-m/fpu/libc_nano.a(lib_a-writer.o)
                0x0000000008009348                _write_r
 .text.__swsetup_r
                0x000000000800936c       0xdc /Applications/SystemWorkbench.app/Contents/Eclipse/plugins/fr.ac6.mcu.externaltools.arm-none.macos64_1.13.1.201703061524/tools/compiler/bin/../lib/gcc/arm-none-eabi/5.4.1/../../../../arm-none-eabi/lib/armv7e-m/fpu/libc_nano.a(lib_a-wsetup.o)
                0x000000000800936c                __swsetup_r
 .text._close_r
                0x0000000008009448       0x20 /Applications/SystemWorkbench.app/Contents/Eclipse/plugins/fr.ac6.mcu.externaltools.arm-none.macos64_1.13.1.201703061524/tools/compiler/bin/../lib/gcc/arm-none-eabi/5.4.1/../../../../arm-none-eabi/lib/armv7e-m/fpu/libc_nano.a(lib_a-closer.o)
                0x0000000008009448                _close_r
 .text.__sflush_r
                0x0000000008009468      0x110 /Applications/SystemWorkbench.app/Contents/Eclipse/plugins/fr.ac6.mcu.externaltools.arm-none.macos64_1.13.1.201703061524/tools/compiler/bin/../lib/gcc/arm-none-eabi/5.4.1/../../../../arm-none-eabi/lib/armv7e-m/fpu/libc_nano.a(lib_a-fflush.o)
                0x0000000008009468                __sflush_r
 .text._fflush_r
                0x0000000008009578       0x54 /Applications/SystemWorkbench.app/Contents/Eclipse/plugins/fr.ac6.mcu.externaltools.arm-none.macos64_1.13.1.201703061524/tools/compiler/bin/../lib/gcc/arm-none-eabi/5.4.1/../../../../arm-none-eabi/lib/armv7e-m/fpu/libc_nano.a(lib_a-fflush.o)
                0x0000000008009578                _fflush_r
 .text._lseek_r
                0x00000000080095cc       0x24 /Applications/SystemWorkbench.app/Contents/Eclipse/plugins/fr.ac6.mcu.externaltools.arm-none.macos64_1.13.1.201703061524/tools/compiler/bin/../lib/gcc/arm-none-eabi/5.4.1/../../../../arm-none-eabi/lib/armv7e-m/fpu/libc_nano.a(lib_a-lseekr.o)
                0x00000000080095cc                _lseek_r
 .text.__swhatbuf_r
                0x00000000080095f0       0x46 /Applications/SystemWorkbench.app/Contents/Eclipse/plugins/fr.ac6.mcu.externaltools.arm-none.macos64_1.13.1.201703061524/tools/compiler/bin/../lib/gcc/arm-none-eabi/5.4.1/../../../../arm-none-eabi/lib/armv7e-m/fpu/libc_nano.a(lib_a-makebuf.o)
                0x00000000080095f0                __swhatbuf_r
 *fill*         0x0000000008009636        0x2 
 .text.__smakebuf_r
                0x0000000008009638       0x78 /Applications/SystemWorkbench.app/Contents/Eclipse/plugins/fr.ac6.mcu.externaltools.arm-none.macos64_1.13.1.201703061524/tools/compiler/bin/../lib/gcc/arm-none-eabi/5.4.1/../../../../arm-none-eabi/lib/armv7e-m/fpu/libc_nano.a(lib_a-makebuf.o)
                0x0000000008009638                __smakebuf_r
 .text.memmove  0x00000000080096b0       0x36 /Applications/SystemWorkbench.app/Contents/Eclipse/plugins/fr.ac6.mcu.externaltools.arm-none.macos64_1.13.1.201703061524/tools/compiler/bin/../lib/gcc/arm-none-eabi/5.4.1/../../../../arm-none-eabi/lib/armv7e-m/fpu/libc_nano.a(lib_a-memmove.o)
                0x00000000080096b0                memmove
 .text._realloc_r
                0x00000000080096e6       0x4c /Applications/SystemWorkbench.app/Contents/Eclipse/plugins/fr.ac6.mcu.externaltools.arm-none.macos64_1.13.1.201703061524/tools/compiler/bin/../lib/gcc/arm-none-eabi/5.4.1/../../../../arm-none-eabi/lib/armv7e-m/fpu/libc_nano.a(lib_a-nano-reallocr.o)
                0x00000000080096e6                _realloc_r
 *fill*         0x0000000008009732        0x2 
 .text._read_r  0x0000000008009734       0x24 /Applications/SystemWorkbench.app/Contents/Eclipse/plugins/fr.ac6.mcu.externaltools.arm-none.macos64_1.13.1.201703061524/tools/compiler/bin/../lib/gcc/arm-none-eabi/5.4.1/../../../../arm-none-eabi/lib/armv7e-m/fpu/libc_nano.a(lib_a-readr.o)
                0x0000000008009734                _read_r
 .text._fstat_r
                0x0000000008009758       0x24 /Applications/SystemWorkbench.app/Contents/Eclipse/plugins/fr.ac6.mcu.externaltools.arm-none.macos64_1.13.1.201703061524/tools/compiler/bin/../lib/gcc/arm-none-eabi/5.4.1/../../../../arm-none-eabi/lib/armv7e-m/fpu/libc_nano.a(lib_a-fstatr.o)
                0x0000000008009758                _fstat_r
 .text._isatty_r
                0x000000000800977c       0x20 /Applications/SystemWorkbench.app/Contents/Eclipse/plugins/fr.ac6.mcu.externaltools.arm-none.macos64_1.13.1.201703061524/tools/compiler/bin/../lib/gcc/arm-none-eabi/5.4.1/../../../../arm-none-eabi/lib/armv7e-m/fpu/libc_nano.a(lib_a-isattyr.o)
                0x000000000800977c                _isatty_r
 .text._malloc_usable_size_r
                0x000000000800979c       0x14 /Applications/SystemWorkbench.app/Contents/Eclipse/plugins/fr.ac6.mcu.externaltools.arm-none.macos64_1.13.1.201703061524/tools/compiler/bin/../lib/gcc/arm-none-eabi/5.4.1/../../../../arm-none-eabi/lib/armv7e-m/fpu/libc_nano.a(lib_a-nano-msizer.o)
                0x000000000800979c                _malloc_usable_size_r
 .text._close   0x00000000080097b0       0x10 /Applications/SystemWorkbench.app/Contents/Eclipse/plugins/fr.ac6.mcu.externaltools.arm-none.macos64_1.13.1.201703061524/tools/compiler/bin/../lib/gcc/arm-none-eabi/5.4.1/../../../../arm-none-eabi/lib/armv7e-m/fpu/libnosys.a(close.o)
                0x00000000080097b0                _close
 .text._fstat   0x00000000080097c0       0x10 /Applications/SystemWorkbench.app/Contents/Eclipse/plugins/fr.ac6.mcu.externaltools.arm-none.macos64_1.13.1.201703061524/tools/compiler/bin/../lib/gcc/arm-none-eabi/5.4.1/../../../../arm-none-eabi/lib/armv7e-m/fpu/libnosys.a(fstat.o)
                0x00000000080097c0                _fstat
 .text._isatty  0x00000000080097d0       0x10 /Applications/SystemWorkbench.app/Contents/Eclipse/plugins/fr.ac6.mcu.externaltools.arm-none.macos64_1.13.1.201703061524/tools/compiler/bin/../lib/gcc/arm-none-eabi/5.4.1/../../../../arm-none-eabi/lib/armv7e-m/fpu/libnosys.a(isatty.o)
                0x00000000080097d0                _isatty
 .text._lseek   0x00000000080097e0       0x10 /Applications/SystemWorkbench.app/Contents/Eclipse/plugins/fr.ac6.mcu.externaltools.arm-none.macos64_1.13.1.201703061524/tools/compiler/bin/../lib/gcc/arm-none-eabi/5.4.1/../../../../arm-none-eabi/lib/armv7e-m/fpu/libnosys.a(lseek.o)
                0x00000000080097e0                _lseek
 .text._read    0x00000000080097f0       0x10 /Applications/SystemWorkbench.app/Contents/Eclipse/plugins/fr.ac6.mcu.externaltools.arm-none.macos64_1.13.1.201703061524/tools/compiler/bin/../lib/gcc/arm-none-eabi/5.4.1/../../../../arm-none-eabi/lib/armv7e-m/fpu/libnosys.a(read.o)
                0x00000000080097f0                _read
 .text._sbrk    0x0000000008009800       0x1c /Applications/SystemWorkbench.app/Contents/Eclipse/plugins/fr.ac6.mcu.externaltools.arm-none.macos64_1.13.1.201703061524/tools/compiler/bin/../lib/gcc/arm-none-eabi/5.4.1/../../../../arm-none-eabi/lib/armv7e-m/fpu/libnosys.a(sbrk.o)
                0x0000000008009800                _sbrk
 .text._write   0x000000000800981c       0x10 /Applications/SystemWorkbench.app/Contents/Eclipse/plugins/fr.ac6.mcu.externaltools.arm-none.macos64_1.13.1.201703061524/tools/compiler/bin/../lib/gcc/arm-none-eabi/5.4.1/../../../../arm-none-eabi/lib/armv7e-m/fpu/libnosys.a(write.o)
                0x000000000800981c                _write
 *(.glue_7)
 .glue_7        0x000000000800982c        0x0 linker stubs
 *(.glue_7t)
 .glue_7t       0x000000000800982c        0x0 linker stubs
 *(.eh_frame)
 .eh_frame      0x000000000800982c        0x0 /Applications/SystemWorkbench.app/Contents/Eclipse/plugins/fr.ac6.mcu.externaltools.arm-none.macos64_1.13.1.201703061524/tools/compiler/bin/../lib/gcc/arm-none-eabi/5.4.1/armv7e-m/fpu/crtbegin.o
 *(.init)
 .init          0x000000000800982c        0x4 /Applications/SystemWorkbench.app/Contents/Eclipse/plugins/fr.ac6.mcu.externaltools.arm-none.macos64_1.13.1.201703061524/tools/compiler/bin/../lib/gcc/arm-none-eabi/5.4.1/armv7e-m/fpu/crti.o
                0x000000000800982c                _init
 .init          0x0000000008009830        0x8 /Applications/SystemWorkbench.app/Contents/Eclipse/plugins/fr.ac6.mcu.externaltools.arm-none.macos64_1.13.1.201703061524/tools/compiler/bin/../lib/gcc/arm-none-eabi/5.4.1/armv7e-m/fpu/crtn.o
 *(.fini)
 .fini          0x0000000008009838        0x4 /Applications/SystemWorkbench.app/Contents/Eclipse/plugins/fr.ac6.mcu.externaltools.arm-none.macos64_1.13.1.201703061524/tools/compiler/bin/../lib/gcc/arm-none-eabi/5.4.1/armv7e-m/fpu/crti.o
                0x0000000008009838                _fini
 .fini          0x000000000800983c        0x8 /Applications/SystemWorkbench.app/Contents/Eclipse/plugins/fr.ac6.mcu.externaltools.arm-none.macos64_1.13.1.201703061524/tools/compiler/bin/../lib/gcc/arm-none-eabi/5.4.1/armv7e-m/fpu/crtn.o
                0x0000000008009848                . = ALIGN (0x8)
 *fill*         0x0000000008009844        0x4 
                0x0000000008009848                _etext = .

.vfp11_veneer   0x0000000008009848        0x0
 .vfp11_veneer  0x0000000008009848        0x0 linker stubs

.v4_bx          0x0000000008009848        0x0
 .v4_bx         0x0000000008009848        0x0 linker stubs

.iplt           0x0000000008009848        0x0
 .iplt          0x0000000008009848        0x0 /Applications/SystemWorkbench.app/Contents/Eclipse/plugins/fr.ac6.mcu.externaltools.arm-none.macos64_1.13.1.201703061524/tools/compiler/bin/../lib/gcc/arm-none-eabi/5.4.1/armv7e-m/fpu/crtbegin.o

.rodata         0x0000000008009848     0x13a0
                0x0000000008009848                . = ALIGN (0x8)
 *(.rodata)
 .rodata        0x0000000008009848      0x87b Src/MPU6050_6Axis_MotionApps20.o
                0x0000000008009848                dmpMemory
                0x0000000008009fd4                dmpConfig
                0x000000000800a094                dmpUpdates
 *fill*         0x000000000800a0c3        0x1 
 .rodata        0x000000000800a0c4       0x2e Src/comm.o
 *fill*         0x000000000800a0f2        0x2 
 .rodata        0x000000000800a0f4       0x48 Src/system_stm32l4xx.o
                0x000000000800a0f4                MSIRangeTable
                0x000000000800a124                AHBPrescTable
                0x000000000800a134                APBPrescTable
 *(.rodata*)
 .rodata.str1.4
                0x000000000800a13c        0x5 Middlewares/Third_Party/FreeRTOS/Source/tasks.o
 *fill*         0x000000000800a141        0x3 
 .rodata.str1.4
                0x000000000800a144      0x856 Src/MPU6050_6Axis_MotionApps20.o
                                        0x85a (size before relaxing)
 *fill*         0x000000000800a99a        0x2 
 .rodata.str1.4
                0x000000000800a99c       0x27 Src/comm.o
 *fill*         0x000000000800a9c3        0x1 
 .rodata.str1.4
                0x000000000800a9c4        0x9 Src/controller.o
 *fill*         0x000000000800a9cd        0x3 
 .rodata.str1.4
                0x000000000800a9d0       0xeb Src/main.o
 *fill*         0x000000000800aabb        0x1 
 .rodata.str1.4
                0x000000000800aabc       0x30 Src/sensor.o
 .rodata.str1.4
                0x000000000800aaec       0x1b Src/stm32l4xx_hal_msp.o
 *fill*         0x000000000800ab07        0x1 
 .rodata.atanlo
                0x000000000800ab08       0x20 /Applications/SystemWorkbench.app/Contents/Eclipse/plugins/fr.ac6.mcu.externaltools.arm-none.macos64_1.13.1.201703061524/tools/compiler/bin/../lib/gcc/arm-none-eabi/5.4.1/../../../../arm-none-eabi/lib/armv7e-m/fpu/libm.a(lib_a-s_atan.o)
 .rodata.atanhi
                0x000000000800ab28       0x20 /Applications/SystemWorkbench.app/Contents/Eclipse/plugins/fr.ac6.mcu.externaltools.arm-none.macos64_1.13.1.201703061524/tools/compiler/bin/../lib/gcc/arm-none-eabi/5.4.1/../../../../arm-none-eabi/lib/armv7e-m/fpu/libm.a(lib_a-s_atan.o)
 .rodata.str1.4
                0x000000000800ab48        0x8 /Applications/SystemWorkbench.app/Contents/Eclipse/plugins/fr.ac6.mcu.externaltools.arm-none.macos64_1.13.1.201703061524/tools/compiler/bin/../lib/gcc/arm-none-eabi/5.4.1/../../../../arm-none-eabi/lib/armv7e-m/fpu/libm.a(lib_a-wf_sqrt.o)
                                          0x6 (size before relaxing)
 .rodata._global_impure_ptr
                0x000000000800ab50        0x4 /Applications/SystemWorkbench.app/Contents/Eclipse/plugins/fr.ac6.mcu.externaltools.arm-none.macos64_1.13.1.201703061524/tools/compiler/bin/../lib/gcc/arm-none-eabi/5.4.1/../../../../arm-none-eabi/lib/armv7e-m/fpu/libc_nano.a(lib_a-impure.o)
                0x000000000800ab50                _global_impure_ptr
 .rodata.__sf_fake_stdin
                0x000000000800ab54       0x20 /Applications/SystemWorkbench.app/Contents/Eclipse/plugins/fr.ac6.mcu.externaltools.arm-none.macos64_1.13.1.201703061524/tools/compiler/bin/../lib/gcc/arm-none-eabi/5.4.1/../../../../arm-none-eabi/lib/armv7e-m/fpu/libc_nano.a(lib_a-findfp.o)
                0x000000000800ab54                __sf_fake_stdin
 .rodata.__sf_fake_stdout
                0x000000000800ab74       0x20 /Applications/SystemWorkbench.app/Contents/Eclipse/plugins/fr.ac6.mcu.externaltools.arm-none.macos64_1.13.1.201703061524/tools/compiler/bin/../lib/gcc/arm-none-eabi/5.4.1/../../../../arm-none-eabi/lib/armv7e-m/fpu/libc_nano.a(lib_a-findfp.o)
                0x000000000800ab74                __sf_fake_stdout
 .rodata.__sf_fake_stderr
                0x000000000800ab94       0x20 /Applications/SystemWorkbench.app/Contents/Eclipse/plugins/fr.ac6.mcu.externaltools.arm-none.macos64_1.13.1.201703061524/tools/compiler/bin/../lib/gcc/arm-none-eabi/5.4.1/../../../../arm-none-eabi/lib/armv7e-m/fpu/libc_nano.a(lib_a-findfp.o)
                0x000000000800ab94                __sf_fake_stderr
 .rodata.str1.1
                0x000000000800abb4       0x11 /Applications/SystemWorkbench.app/Contents/Eclipse/plugins/fr.ac6.mcu.externaltools.arm-none.macos64_1.13.1.201703061524/tools/compiler/bin/../lib/gcc/arm-none-eabi/5.4.1/../../../../arm-none-eabi/lib/armv7e-m/fpu/libc_nano.a(lib_a-nano-svfprintf.o)
 .rodata.str1.1
                0x000000000800abc5       0x11 /Applications/SystemWorkbench.app/Contents/Eclipse/plugins/fr.ac6.mcu.externaltools.arm-none.macos64_1.13.1.201703061524/tools/compiler/bin/../lib/gcc/arm-none-eabi/5.4.1/../../../../arm-none-eabi/lib/armv7e-m/fpu/libc_nano.a(lib_a-nano-vfprintf.o)
 .rodata.str1.1
                0x000000000800abc5       0x22 /Applications/SystemWorkbench.app/Contents/Eclipse/plugins/fr.ac6.mcu.externaltools.arm-none.macos64_1.13.1.201703061524/tools/compiler/bin/../lib/gcc/arm-none-eabi/5.4.1/../../../../arm-none-eabi/lib/armv7e-m/fpu/libc_nano.a(lib_a-nano-vfprintf_i.o)
                0x000000000800abe8                . = ALIGN (0x8)
 *fill*         0x000000000800abe7        0x1 

.ARM.extab      0x000000000800abe8        0x0
                0x000000000800abe8                . = ALIGN (0x8)
 *(.ARM.extab* .gnu.linkonce.armextab.*)
                0x000000000800abe8                . = ALIGN (0x8)

.ARM            0x000000000800abe8        0x8
                0x000000000800abe8                . = ALIGN (0x8)
                0x000000000800abe8                __exidx_start = .
 *(.ARM.exidx*)
 .ARM.exidx     0x000000000800abe8        0x8 /Applications/SystemWorkbench.app/Contents/Eclipse/plugins/fr.ac6.mcu.externaltools.arm-none.macos64_1.13.1.201703061524/tools/compiler/bin/../lib/gcc/arm-none-eabi/5.4.1/armv7e-m/fpu/libgcc.a(_udivmoddi4.o)
                0x000000000800abf0                __exidx_end = .
                0x000000000800abf0                . = ALIGN (0x8)

.rel.dyn        0x000000000800abf0        0x0
 .rel.iplt      0x000000000800abf0        0x0 /Applications/SystemWorkbench.app/Contents/Eclipse/plugins/fr.ac6.mcu.externaltools.arm-none.macos64_1.13.1.201703061524/tools/compiler/bin/../lib/gcc/arm-none-eabi/5.4.1/armv7e-m/fpu/crtbegin.o

.preinit_array  0x000000000800abf0        0x0
                0x000000000800abf0                . = ALIGN (0x8)
                0x000000000800abf0                PROVIDE (__preinit_array_start, .)
 *(.preinit_array*)
                0x000000000800abf0                PROVIDE (__preinit_array_end, .)
                0x000000000800abf0                . = ALIGN (0x8)

.init_array     0x000000000800abf0        0x8
                0x000000000800abf0                . = ALIGN (0x8)
                0x000000000800abf0                PROVIDE (__init_array_start, .)
 *(SORT(.init_array.*))
 *(.init_array*)
 .init_array    0x000000000800abf0        0x4 /Applications/SystemWorkbench.app/Contents/Eclipse/plugins/fr.ac6.mcu.externaltools.arm-none.macos64_1.13.1.201703061524/tools/compiler/bin/../lib/gcc/arm-none-eabi/5.4.1/armv7e-m/fpu/crtbegin.o
                0x000000000800abf4                PROVIDE (__init_array_end, .)
                0x000000000800abf8                . = ALIGN (0x8)
 *fill*         0x000000000800abf4        0x4 

.fini_array     0x000000000800abf8        0x8
                0x000000000800abf8                . = ALIGN (0x8)
                [!provide]                        PROVIDE (__fini_array_start, .)
 *(SORT(.fini_array.*))
 *(.fini_array*)
 .fini_array    0x000000000800abf8        0x4 /Applications/SystemWorkbench.app/Contents/Eclipse/plugins/fr.ac6.mcu.externaltools.arm-none.macos64_1.13.1.201703061524/tools/compiler/bin/../lib/gcc/arm-none-eabi/5.4.1/armv7e-m/fpu/crtbegin.o
                [!provide]                        PROVIDE (__fini_array_end, .)
                0x000000000800ac00                . = ALIGN (0x8)
 *fill*         0x000000000800abfc        0x4 
                0x000000000800ac00                _sidata = LOADADDR (.data)

.data           0x0000000020000000       0x70 load address 0x000000000800ac00
                0x0000000020000000                . = ALIGN (0x8)
                0x0000000020000000                _sdata = .
 *(.data)
 .data          0x0000000020000000        0x4 Middlewares/Third_Party/FreeRTOS/Source/portable/GCC/ARM_CM4F/port.o
 .data          0x0000000020000004        0x4 Src/system_stm32l4xx.o
                0x0000000020000004                SystemCoreClock
 *(.data*)
 .data.__fdlib_version
                0x0000000020000008        0x1 /Applications/SystemWorkbench.app/Contents/Eclipse/plugins/fr.ac6.mcu.externaltools.arm-none.macos64_1.13.1.201703061524/tools/compiler/bin/../lib/gcc/arm-none-eabi/5.4.1/../../../../arm-none-eabi/lib/armv7e-m/fpu/libm.a(lib_a-s_lib_ver.o)
                0x0000000020000008                __fdlib_version
 *fill*         0x0000000020000009        0x3 
 .data.impure_data
                0x000000002000000c       0x60 /Applications/SystemWorkbench.app/Contents/Eclipse/plugins/fr.ac6.mcu.externaltools.arm-none.macos64_1.13.1.201703061524/tools/compiler/bin/../lib/gcc/arm-none-eabi/5.4.1/../../../../arm-none-eabi/lib/armv7e-m/fpu/libc_nano.a(lib_a-impure.o)
 .data._impure_ptr
                0x000000002000006c        0x4 /Applications/SystemWorkbench.app/Contents/Eclipse/plugins/fr.ac6.mcu.externaltools.arm-none.macos64_1.13.1.201703061524/tools/compiler/bin/../lib/gcc/arm-none-eabi/5.4.1/../../../../arm-none-eabi/lib/armv7e-m/fpu/libc_nano.a(lib_a-impure.o)
                0x000000002000006c                _impure_ptr
                0x0000000020000070                . = ALIGN (0x8)
                0x0000000020000070                _edata = .

.jcr            0x0000000020000070        0x0 load address 0x000000000800ac70
 .jcr           0x0000000020000070        0x0 /Applications/SystemWorkbench.app/Contents/Eclipse/plugins/fr.ac6.mcu.externaltools.arm-none.macos64_1.13.1.201703061524/tools/compiler/bin/../lib/gcc/arm-none-eabi/5.4.1/armv7e-m/fpu/crtbegin.o

.igot.plt       0x0000000020000070        0x0 load address 0x000000000800ac70
 .igot.plt      0x0000000020000070        0x0 /Applications/SystemWorkbench.app/Contents/Eclipse/plugins/fr.ac6.mcu.externaltools.arm-none.macos64_1.13.1.201703061524/tools/compiler/bin/../lib/gcc/arm-none-eabi/5.4.1/armv7e-m/fpu/crtbegin.o
                0x0000000020000070                . = ALIGN (0x4)

.bss            0x0000000020000070     0x2d00 load address 0x000000000800ac70
                0x0000000020000070                _sbss = .
                0x0000000020000070                __bss_start__ = _sbss
 *(.bss)
 .bss           0x0000000020000070       0x1c /Applications/SystemWorkbench.app/Contents/Eclipse/plugins/fr.ac6.mcu.externaltools.arm-none.macos64_1.13.1.201703061524/tools/compiler/bin/../lib/gcc/arm-none-eabi/5.4.1/armv7e-m/fpu/crtbegin.o
 .bss           0x000000002000008c      0x128 Middlewares/Third_Party/FreeRTOS/Source/tasks.o
                0x0000000020000188                pxCurrentTCB
 .bss           0x00000000200001b4        0x8 Middlewares/Third_Party/FreeRTOS/Source/portable/GCC/ARM_CM4F/port.o
 .bss           0x00000000200001bc     0x2728 Middlewares/Third_Party/FreeRTOS/Source/portable/MemMang/heap_4.o
 .bss           0x00000000200028e4       0x10 Src/MPU6050.o
 .bss           0x00000000200028f4       0x14 Src/main.o
                0x00000000200028f4                xTime
                0x00000000200028f8                control
                0x00000000200028fc                stopped
                0x00000000200028fd                started
                0x00000000200028fe                len
                0x00000000200028ff                OK
                0x0000000020002900                last
                0x0000000020002904                pitch
 .bss           0x0000000020002908       0x28 Src/sharedResources.o
 *(.bss*)
 .bss.__malloc_sbrk_start
                0x0000000020002930        0x4 /Applications/SystemWorkbench.app/Contents/Eclipse/plugins/fr.ac6.mcu.externaltools.arm-none.macos64_1.13.1.201703061524/tools/compiler/bin/../lib/gcc/arm-none-eabi/5.4.1/../../../../arm-none-eabi/lib/armv7e-m/fpu/libc_nano.a(lib_a-nano-mallocr.o)
                0x0000000020002930                __malloc_sbrk_start
 .bss.__malloc_free_list
                0x0000000020002934        0x4 /Applications/SystemWorkbench.app/Contents/Eclipse/plugins/fr.ac6.mcu.externaltools.arm-none.macos64_1.13.1.201703061524/tools/compiler/bin/../lib/gcc/arm-none-eabi/5.4.1/../../../../arm-none-eabi/lib/armv7e-m/fpu/libc_nano.a(lib_a-nano-mallocr.o)
                0x0000000020002934                __malloc_free_list
 .bss.heap_end.4169
                0x0000000020002938        0x4 /Applications/SystemWorkbench.app/Contents/Eclipse/plugins/fr.ac6.mcu.externaltools.arm-none.macos64_1.13.1.201703061524/tools/compiler/bin/../lib/gcc/arm-none-eabi/5.4.1/../../../../arm-none-eabi/lib/armv7e-m/fpu/libnosys.a(sbrk.o)
 *(COMMON)
 COMMON         0x000000002000293c        0x4 Drivers/STM32L4xx_HAL_Driver/Src/stm32l4xx_hal.o
                0x000000002000293c                uwTick
 COMMON         0x0000000020002940       0x58 Src/MPU6050.o
                0x0000000020002940                MPUdevAddr
                0x0000000020002942                MPUfifoCount
                0x0000000020002944                MPUdmpPacketBuffer
                0x0000000020002948                MPUbuffer
                0x0000000020002958                MPUfifoBuffer
 COMMON         0x0000000020002998      0x394 Src/main.o
                0x0000000020002998                commTaskHandle
                0x000000002000299c                defaultTaskHandle
                0x00000000200029a0                hspi2
                0x0000000020002a04                timer