Archive member included to satisfy reference by file (symbol)

/Applications/SystemWorkbench.app/Contents/Eclipse/plugins/fr.ac6.mcu.externaltools.arm-none.macos64_1.13.1.201703061524/tools/compiler/bin/../lib/gcc/arm-none-eabi/5.4.1/../../../../arm-none-eabi/lib/armv7e-m/fpu/libm.a(lib_a-s_atan.o)
                              Src/MPU6050_6Axis_MotionApps20.o (atan)
/Applications/SystemWorkbench.app/Contents/Eclipse/plugins/fr.ac6.mcu.externaltools.arm-none.macos64_1.13.1.201703061524/tools/compiler/bin/../lib/gcc/arm-none-eabi/5.4.1/../../../../arm-none-eabi/lib/armv7e-m/fpu/libm.a(lib_a-s_fabs.o)
                              /Applications/SystemWorkbench.app/Contents/Eclipse/plugins/fr.ac6.mcu.externaltools.arm-none.macos64_1.13.1.201703061524/tools/compiler/bin/../lib/gcc/arm-none-eabi/5.4.1/../../../../arm-none-eabi/lib/armv7e-m/fpu/libm.a(lib_a-s_atan.o) (fabs)
/Applications/SystemWorkbench.app/Contents/Eclipse/plugins/fr.ac6.mcu.externaltools.arm-none.macos64_1.13.1.201703061524/tools/compiler/bin/../lib/gcc/arm-none-eabi/5.4.1/../../../../arm-none-eabi/lib/armv7e-m/fpu/libm.a(lib_a-s_round.o)
                              Src/controller.o (round)
/Applications/SystemWorkbench.app/Contents/Eclipse/plugins/fr.ac6.mcu.externaltools.arm-none.macos64_1.13.1.201703061524/tools/compiler/bin/../lib/gcc/arm-none-eabi/5.4.1/../../../../arm-none-eabi/lib/armv7e-m/fpu/libm.a(lib_a-w_asin.o)
                              Src/MPU6050_6Axis_MotionApps20.o (asin)
/Applications/SystemWorkbench.app/Contents/Eclipse/plugins/fr.ac6.mcu.externaltools.arm-none.macos64_1.13.1.201703061524/tools/compiler/bin/../lib/gcc/arm-none-eabi/5.4.1/../../../../arm-none-eabi/lib/armv7e-m/fpu/libm.a(lib_a-w_atan2.o)
                              Src/MPU6050_6Axis_MotionApps20.o (atan2)
/Applications/SystemWorkbench.app/Contents/Eclipse/plugins/fr.ac6.mcu.externaltools.arm-none.macos64_1.13.1.201703061524/tools/compiler/bin/../lib/gcc/arm-none-eabi/5.4.1/../../../../arm-none-eabi/lib/armv7e-m/fpu/libm.a(lib_a-w_sqrt.o)
                              Src/controller.o (sqrt)
/Applications/SystemWorkbench.app/Contents/Eclipse/plugins/fr.ac6.mcu.externaltools.arm-none.macos64_1.13.1.201703061524/tools/compiler/bin/../lib/gcc/arm-none-eabi/5.4.1/../../../../arm-none-eabi/lib/armv7e-m/fpu/libm.a(lib_a-wf_sqrt.o)
                              Src/MPU6050_6Axis_MotionApps20.o (sqrtf)
/Applications/SystemWorkbench.app/Contents/Eclipse/plugins/fr.ac6.mcu.externaltools.arm-none.macos64_1.13.1.201703061524/tools/compiler/bin/../lib/gcc/arm-none-eabi/5.4.1/../../../../arm-none-eabi/lib/armv7e-m/fpu/libm.a(lib_a-e_asin.o)
                              /Applications/SystemWorkbench.app/Contents/Eclipse/plugins/fr.ac6.mcu.externaltools.arm-none.macos64_1.13.1.201703061524/tools/compiler/bin/../lib/gcc/arm-none-eabi/5.4.1/../../../../arm-none-eabi/lib/armv7e-m/fpu/libm.a(lib_a-w_asin.o) (__ieee754_asin)
/Applications/SystemWorkbench.app/Contents/Eclipse/plugins/fr.ac6.mcu.externaltools.arm-none.macos64_1.13.1.201703061524/tools/compiler/bin/../lib/gcc/arm-none-eabi/5.4.1/../../../../arm-none-eabi/lib/armv7e-m/fpu/libm.a(lib_a-e_atan2.o)
                              /Applications/SystemWorkbench.app/Contents/Eclipse/plugins/fr.ac6.mcu.externaltools.arm-none.macos64_1.13.1.201703061524/tools/compiler/bin/../lib/gcc/arm-none-eabi/5.4.1/../../../../arm-none-eabi/lib/armv7e-m/fpu/libm.a(lib_a-w_atan2.o) (__ieee754_atan2)
/Applications/SystemWorkbench.app/Contents/Eclipse/plugins/fr.ac6.mcu.externaltools.arm-none.macos64_1.13.1.201703061524/tools/compiler/bin/../lib/gcc/arm-none-eabi/5.4.1/../../../../arm-none-eabi/lib/armv7e-m/fpu/libm.a(lib_a-e_sqrt.o)
                              /Applications/SystemWorkbench.app/Contents/Eclipse/plugins/fr.ac6.mcu.externaltools.arm-none.macos64_1.13.1.201703061524/tools/compiler/bin/../lib/gcc/arm-none-eabi/5.4.1/../../../../arm-none-eabi/lib/armv7e-m/fpu/libm.a(lib_a-w_sqrt.o) (__ieee754_sqrt)
/Applications/SystemWorkbench.app/Contents/Eclipse/plugins/fr.ac6.mcu.externaltools.arm-none.macos64_1.13.1.201703061524/tools/compiler/bin/../lib/gcc/arm-none-eabi/5.4.1/../../../../arm-none-eabi/lib/armv7e-m/fpu/libm.a(lib_a-ef_sqrt.o)
                              /Applications/SystemWorkbench.app/Contents/Eclipse/plugins/fr.ac6.mcu.externaltools.arm-none.macos64_1.13.1.201703061524/tools/compiler/bin/../lib/gcc/arm-none-eabi/5.4.1/../../../../arm-none-eabi/lib/armv7e-m/fpu/libm.a(lib_a-wf_sqrt.o) (__ieee754_sqrtf)
/Applications/SystemWorkbench.app/Contents/Eclipse/plugins/fr.ac6.mcu.externaltools.arm-none.macos64_1.13.1.201703061524/tools/compiler/bin/../lib/gcc/arm-none-eabi/5.4.1/../../../../arm-none-eabi/lib/armv7e-m/fpu/libm.a(lib_a-s_lib_ver.o)
[...]
Memory Configuration

Name             Origin             Length             Attributes
RAM              0x0000000020000000 0x0000000000018000 xrw
RAM2             0x0000000010000000 0x0000000000008000 xrw
FLASH            0x0000000008000000 0x0000000000100000 xr
*default*        0x0000000000000000 0xffffffffffffffff

Linker script and memory map

LOAD /Applications/SystemWorkbench.app/Contents/Eclipse/plugins/fr.ac6.mcu.externaltools.arm-none.macos64_1.13.1.201703061524/tools/compiler/bin/../lib/gcc/arm-none-eabi/5.4.1/armv7e-m/fpu/crti.o
LOAD /Applications/SystemWorkbench.app/Contents/Eclipse/plugins/fr.ac6.mcu.externaltools.arm-none.macos64_1.13.1.201703061524/tools/compiler/bin/../lib/gcc/arm-none-eabi/5.4.1/armv7e-m/fpu/crtbegin.o
LOAD /Applications/SystemWorkbench.app/Contents/Eclipse/plugins/fr.ac6.mcu.externaltools.arm-none.macos64_1.13.1.201703061524/tools/compiler/bin/../lib/gcc/arm-none-eabi/5.4.1/../../../../arm-none-eabi/lib/armv7e-m/fpu/crt0.o
LOAD Drivers/STM32L4xx_HAL_Driver/Src/stm32l4xx_hal.o
LOAD Drivers/STM32L4xx_HAL_Driver/Src/stm32l4xx_hal_adc.o
LOAD Drivers/STM32L4xx_HAL_Driver/Src/stm32l4xx_hal_adc_ex.o
LOAD Drivers/STM32L4xx_HAL_Driver/Src/stm32l4xx_hal_cortex.o
LOAD Drivers/STM32L4xx_HAL_Driver/Src/stm32l4xx_hal_dma.o
LOAD Drivers/STM32L4xx_HAL_Driver/Src/stm32l4xx_hal_flash.o
LOAD Drivers/STM32L4xx_HAL_Driver/Src/stm32l4xx_hal_flash_ex.o
LOAD Drivers/STM32L4xx_HAL_Driver/Src/stm32l4xx_hal_flash_ramfunc.o
LOAD Drivers/STM32L4xx_HAL_Driver/Src/stm32l4xx_hal_gpio.o
LOAD Drivers/STM32L4xx_HAL_Driver/Src/stm32l4xx_hal_i2c.o
LOAD Drivers/STM32L4xx_HAL_Driver/Src/stm32l4xx_hal_i2c_ex.o
LOAD Drivers/STM32L4xx_HAL_Driver/Src/stm32l4xx_hal_pwr.o
LOAD Drivers/STM32L4xx_HAL_Driver/Src/stm32l4xx_hal_pwr_ex.o
LOAD Drivers/STM32L4xx_HAL_Driver/Src/stm32l4xx_hal_rcc.o
LOAD Drivers/STM32L4xx_HAL_Driver/Src/stm32l4xx_hal_rcc_ex.o
LOAD Drivers/STM32L4xx_HAL_Driver/Src/stm32l4xx_hal_spi.o
LOAD Drivers/STM32L4xx_HAL_Driver/Src/stm32l4xx_hal_spi_ex.o
LOAD Drivers/STM32L4xx_HAL_Driver/Src/stm32l4xx_hal_tim.o
LOAD Drivers/STM32L4xx_HAL_Driver/Src/stm32l4xx_hal_tim_ex.o
LOAD Drivers/STM32L4xx_HAL_Driver/Src/stm32l4xx_hal_uart.o
LOAD Drivers/STM32L4xx_HAL_Driver/Src/stm32l4xx_hal_uart_ex.o
LOAD Middlewares/Third_Party/FreeRTOS/Source/CMSIS_RTOS/cmsis_os.o
LOAD Middlewares/Third_Party/FreeRTOS/Source/croutine.o
LOAD Middlewares/Third_Party/FreeRTOS/Source/event_groups.o
LOAD Middlewares/Third_Party/FreeRTOS/Source/list.o
LOAD Middlewares/Third_Party/FreeRTOS/Source/queue.o
LOAD Middlewares/Third_Party/FreeRTOS/Source/tasks.o
LOAD Middlewares/Third_Party/FreeRTOS/Source/timers.o
LOAD Middlewares/Third_Party/FreeRTOS/Source/portable/GCC/ARM_CM4F/port.o
LOAD Middlewares/Third_Party/FreeRTOS/Source/portable/MemMang/heap_4.o
LOAD Src/MPU6050.o
LOAD Src/MPU6050_6Axis_MotionApps20.o
LOAD Src/comm.o
LOAD Src/control.o
LOAD Src/controller.o
LOAD Src/flight_controller.o
LOAD Src/freertos.o
LOAD Src/iic.o
LOAD Src/main.o
LOAD Src/pwm.o
LOAD Src/sensor.o
LOAD Src/sharedResources.o
LOAD Src/stm32l4xx_hal_msp.o
LOAD Src/stm32l4xx_hal_timebase_TIM.o
LOAD Src/stm32l4xx_it.o
LOAD Src/system_stm32l4xx.o
LOAD Src/timers.o
LOAD startup/startup_stm32l476xx.o
LOAD /Applications/SystemWorkbench.app/Contents/Eclipse/plugins/fr.ac6.mcu.externaltools.arm-none.macos64_1.13.1.201703061524/tools/compiler/bin/../lib/gcc/arm-none-eabi/5.4.1/../../../../arm-none-eabi/lib/armv7e-m/fpu/libm.a
START GROUP
LOAD /Applications/SystemWorkbench.app/Contents/Eclipse/plugins/fr.ac6.mcu.externaltools.arm-none.macos64_1.13.1.201703061524/tools/compiler/bin/../lib/gcc/arm-none-eabi/5.4.1/armv7e-m/fpu/libgcc.a
LOAD /Applications/SystemWorkbench.app/Contents/Eclipse/plugins/fr.ac6.mcu.externaltools.arm-none.macos64_1.13.1.201703061524/tools/compiler/bin/../lib/gcc/arm-none-eabi/5.4.1/../../../../arm-none-eabi/lib/armv7e-m/fpu/libc_nano.a
END GROUP
START GROUP
LOAD /Applications/SystemWorkbench.app/Contents/Eclipse/plugins/fr.ac6.mcu.externaltools.arm-none.macos64_1.13.1.201703061524/tools/compiler/bin/../lib/gcc/arm-none-eabi/5.4.1/armv7e-m/fpu/libgcc.a
LOAD /Applications/SystemWorkbench.app/Contents/Eclipse/plugins/fr.ac6.mcu.externaltools.arm-none.macos64_1.13.1.201703061524/tools/compiler/bin/../lib/gcc/arm-none-eabi/5.4.1/../../../../arm-none-eabi/lib/armv7e-m/fpu/libc_nano.a
LOAD /Applications/SystemWorkbench.app/Contents/Eclipse/plugins/fr.ac6.mcu.externaltools.arm-none.macos64_1.13.1.201703061524/tools/compiler/bin/../lib/gcc/arm-none-eabi/5.4.1/../../../../arm-none-eabi/lib/armv7e-m/fpu/libnosys.a
END GROUP
START GROUP
LOAD /Applications/SystemWorkbench.app/Contents/Eclipse/plugins/fr.ac6.mcu.externaltools.arm-none.macos64_1.13.1.201703061524/tools/compiler/bin/../lib/gcc/arm-none-eabi/5.4.1/armv7e-m/fpu/libgcc.a
LOAD /Applications/SystemWorkbench.app/Contents/Eclipse/plugins/fr.ac6.mcu.externaltools.arm-none.macos64_1.13.1.201703061524/tools/compiler/bin/../lib/gcc/arm-none-eabi/5.4.1/../../../../arm-none-eabi/lib/armv7e-m/fpu/libc_nano.a
LOAD /Applications/SystemWorkbench.app/Contents/Eclipse/plugins/fr.ac6.mcu.externaltools.arm-none.macos64_1.13.1.201703061524/tools/compiler/bin/../lib/gcc/arm-none-eabi/5.4.1/../../../../arm-none-eabi/lib/armv7e-m/fpu/libnosys.a
END GROUP
LOAD /Applications/SystemWorkbench.app/Contents/Eclipse/plugins/fr.ac6.mcu.externaltools.arm-none.macos64_1.13.1.201703061524/tools/compiler/bin/../lib/gcc/arm-none-eabi/5.4.1/armv7e-m/fpu/crtend.o
LOAD /Applications/SystemWorkbench.app/Contents/Eclipse/plugins/fr.ac6.mcu.externaltools.arm-none.macos64_1.13.1.201703061524/tools/compiler/bin/../lib/gcc/arm-none-eabi/5.4.1/armv7e-m/fpu/crtn.o
                0x0000000020018000                _estack = 0x20018000
                0x0000000000000200                _Min_Heap_Size = 0x200
                0x0000000000000400                _Min_Stack_Size = 0x400

.isr_vector     0x0000000008000000      0x188
                0x0000000008000000                . = ALIGN (0x8)
 *(.isr_vector)
 .isr_vector    0x0000000008000000      0x188 startup/startup_stm32l476xx.o
                0x0000000008000000                g_pfnVectors
                0x0000000008000188                . = ALIGN (0x8)

.text           0x0000000008000190     0xa900
                0x0000000008000190                . = ALIGN (0x8)
 *(.text)
 .text          0x0000000008000190       0x5c /Applications/SystemWorkbench.app/Contents/Eclipse/plugins/fr.ac6.mcu.externaltools.arm-none.macos64_1.13.1.201703061524/tools/compiler/bin/../lib/gcc/arm-none-eabi/5.4.1/armv7e-m/fpu/crtbegin.o
 .text          0x00000000080001ec      0x370 /Applications/SystemWorkbench.app/Contents/Eclipse/plugins/fr.ac6.mcu.externaltools.arm-none.macos64_1.13.1.201703061524/tools/compiler/bin/../lib/gcc/arm-none-eabi/5.4.1/armv7e-m/fpu/libgcc.a(_arm_addsubdf3.o)
                0x00000000080001ec                __aeabi_drsub
                0x00000000080001f4                __subdf3
                0x00000000080001f4                __aeabi_dsub
                0x00000000080001f8                __aeabi_dadd
                0x00000000080001f8                __adddf3
                0x0000000008000470                __aeabi_ui2d
                0x0000000008000470                __floatunsidf
                0x0000000008000490                __floatsidf
                0x0000000008000490                __aeabi_i2d
                0x00000000080004b4                __extendsfdf2
                0x00000000080004b4                __aeabi_f2d
                0x00000000080004f0                __aeabi_ul2d
                0x00000000080004f0                __floatundidf
                0x0000000008000500                __aeabi_l2d
                0x0000000008000500                __floatdidf
 .text          0x000000000800055c      0x424 /Applications/SystemWorkbench.app/Contents/Eclipse/plugins/fr.ac6.mcu.externaltools.arm-none.macos64_1.13.1.201703061524/tools/compiler/bin/../lib/gcc/arm-none-eabi/5.4.1/armv7e-m/fpu/libgcc.a(_arm_muldivdf3.o)
                0x000000000800055c                __aeabi_dmul
                0x000000000800055c                __muldf3
                0x00000000080007b0                __aeabi_ddiv
                0x00000000080007b0                __divdf3
 .text          0x0000000008000980      0x110 /Applications/SystemWorkbench.app/Contents/Eclipse/plugins/fr.ac6.mcu.externaltools.arm-none.macos64_1.13.1.201703061524/tools/compiler/bin/../lib/gcc/arm-none-eabi/5.4.1/armv7e-m/fpu/libgcc.a(_arm_cmpdf2.o)
                0x0000000008000980                __gedf2
                0x0000000008000980                __gtdf2
                0x0000000008000988                __ledf2
                0x0000000008000988                __ltdf2
                0x0000000008000990                __cmpdf2
                0x0000000008000990                __eqdf2
                0x0000000008000990                __nedf2
                0x0000000008000a0c                __aeabi_cdrcmple
                0x0000000008000a1c                __aeabi_cdcmple
                0x0000000008000a1c                __aeabi_cdcmpeq
                0x0000000008000a2c                __aeabi_dcmpeq
                0x0000000008000a40                __aeabi_dcmplt
                0x0000000008000a54                __aeabi_dcmple
                0x0000000008000a68                __aeabi_dcmpge
                0x0000000008000a7c                __aeabi_dcmpgt
 .text          0x0000000008000a90       0x2c /Applications/SystemWorkbench.app/Contents/Eclipse/plugins/fr.ac6.mcu.externaltools.arm-none.macos64_1.13.1.201703061524/tools/compiler/bin/../lib/gcc/arm-none-eabi/5.4.1/armv7e-m/fpu/libgcc.a(_arm_unorddf2.o)
                0x0000000008000a90                __aeabi_dcmpun
                0x0000000008000a90                __unorddf2
 .text          0x0000000008000abc       0x50 /Applications/SystemWorkbench.app/Contents/Eclipse/plugins/fr.ac6.mcu.externaltools.arm-none.macos64_1.13.1.201703061524/tools/compiler/bin/../lib/gcc/arm-none-eabi/5.4.1/armv7e-m/fpu/libgcc.a(_arm_fixdfsi.o)
                0x0000000008000abc                __fixdfsi
                0x0000000008000abc                __aeabi_d2iz
 .text          0x0000000008000b0c       0xa0 /Applications/SystemWorkbench.app/Contents/Eclipse/plugins/fr.ac6.mcu.externaltools.arm-none.macos64_1.13.1.201703061524/tools/compiler/bin/../lib/gcc/arm-none-eabi/5.4.1/armv7e-m/fpu/libgcc.a(_arm_truncdfsf2.o)
                0x0000000008000b0c                __aeabi_d2f
                0x0000000008000b0c                __truncdfsf2
 .text          0x0000000008000bac       0x30 /Applications/SystemWorkbench.app/Contents/Eclipse/plugins/fr.ac6.mcu.externaltools.arm-none.macos64_1.13.1.201703061524/tools/compiler/bin/../lib/gcc/arm-none-eabi/5.4.1/armv7e-m/fpu/libgcc.a(_aeabi_uldivmod.o)
                0x0000000008000bac                __aeabi_uldivmod
 .text          0x0000000008000bdc      0x2e4 /Applications/SystemWorkbench.app/Contents/Eclipse/plugins/fr.ac6.mcu.externaltools.arm-none.macos64_1.13.1.201703061524/tools/compiler/bin/../lib/gcc/arm-none-eabi/5.4.1/armv7e-m/fpu/libgcc.a(_udivmoddi4.o)
                0x0000000008000bdc                __udivmoddi4
 .text          0x0000000008000ec0        0x4 /Applications/SystemWorkbench.app/Contents/Eclipse/plugins/fr.ac6.mcu.externaltools.arm-none.macos64_1.13.1.201703061524/tools/compiler/bin/../lib/gcc/arm-none-eabi/5.4.1/armv7e-m/fpu/libgcc.a(_dvmd_tls.o)
                0x0000000008000ec0                __aeabi_ldiv0
                0x0000000008000ec0                __aeabi_idiv0
 .text          0x0000000008000ec4       0x14 /Applications/SystemWorkbench.app/Contents/Eclipse/plugins/fr.ac6.mcu.externaltools.arm-none.macos64_1.13.1.201703061524/tools/compiler/bin/../lib/gcc/arm-none-eabi/5.4.1/../../../../arm-none-eabi/lib/armv7e-m/fpu/libc_nano.a(lib_a-strcmp.o)
                0x0000000008000ec4                strcmp
 .text          0x0000000008000ed8       0x10 /Applications/SystemWorkbench.app/Contents/Eclipse/plugins/fr.ac6.mcu.externaltools.arm-none.macos64_1.13.1.201703061524/tools/compiler/bin/../lib/gcc/arm-none-eabi/5.4.1/../../../../arm-none-eabi/lib/armv7e-m/fpu/libc_nano.a(lib_a-strlen.o)
                0x0000000008000ed8                strlen
 *fill*         0x0000000008000ee8        0x8 
 .text          0x0000000008000ef0       0xa0 /Applications/SystemWorkbench.app/Contents/Eclipse/plugins/fr.ac6.mcu.externaltools.arm-none.macos64_1.13.1.201703061524/tools/compiler/bin/../lib/gcc/arm-none-eabi/5.4.1/../../../../arm-none-eabi/lib/armv7e-m/fpu/libc_nano.a(lib_a-memchr.o)
                0x0000000008000ef0                memchr
 *(.text*)
 .text.HAL_Init
                0x0000000008000f90       0x24 Drivers/STM32L4xx_HAL_Driver/Src/stm32l4xx_hal.o
                0x0000000008000f90                HAL_Init
 .text.HAL_IncTick
                0x0000000008000fb4       0x10 Drivers/STM32L4xx_HAL_Driver/Src/stm32l4xx_hal.o
                0x0000000008000fb4                HAL_IncTick
 .text.HAL_GetTick
                0x0000000008000fc4        0xc Drivers/STM32L4xx_HAL_Driver/Src/stm32l4xx_hal.o
                0x0000000008000fc4                HAL_GetTick
 .text.HAL_Delay
                0x0000000008000fd0       0x18 Drivers/STM32L4xx_HAL_Driver/Src/stm32l4xx_hal.o
                0x0000000008000fd0                HAL_Delay
 .text.HAL_ADC_Init
                0x0000000008000fe8      0x2d8 Drivers/STM32L4xx_HAL_Driver/Src/stm32l4xx_hal_adc.o
                0x0000000008000fe8                HAL_ADC_Init
 .text.HAL_ADC_ConfigChannel
                0x00000000080012c0      0x590 Drivers/STM32L4xx_HAL_Driver/Src/stm32l4xx_hal_adc.o
                0x00000000080012c0                HAL_ADC_ConfigChannel
 .text.HAL_ADCEx_MultiModeConfigChannel
                0x0000000008001850      0x150 Drivers/STM32L4xx_HAL_Driver/Src/stm32l4xx_hal_adc_ex.o
                0x0000000008001850                HAL_ADCEx_MultiModeConfigChannel
 .text.HAL_NVIC_SetPriorityGrouping
                0x00000000080019a0       0x24 Drivers/STM32L4xx_HAL_Driver/Src/stm32l4xx_hal_cortex.o
                0x00000000080019a0                HAL_NVIC_SetPriorityGrouping
 .text.HAL_NVIC_SetPriority
                0x00000000080019c4       0x64 Drivers/STM32L4xx_HAL_Driver/Src/stm32l4xx_hal_cortex.o
                0x00000000080019c4                HAL_NVIC_SetPriority
 .text.HAL_NVIC_EnableIRQ
                0x0000000008001a28       0x18 Drivers/STM32L4xx_HAL_Driver/Src/stm32l4xx_hal_cortex.o
                0x0000000008001a28                HAL_NVIC_EnableIRQ
 .text.HAL_SYSTICK_Config
                0x0000000008001a40       0x2c Drivers/STM32L4xx_HAL_Driver/Src/stm32l4xx_hal_cortex.o
                0x0000000008001a40                HAL_SYSTICK_Config
 .text.HAL_SYSTICK_CLKSourceConfig
                0x0000000008001a6c       0x20 Drivers/STM32L4xx_HAL_Driver/Src/stm32l4xx_hal_cortex.o
                0x0000000008001a6c                HAL_SYSTICK_CLKSourceConfig
 .text.DMA_SetConfig
                0x0000000008001a8c       0x2c Drivers/STM32L4xx_HAL_Driver/Src/stm32l4xx_hal_dma.o
 .text.HAL_DMA_Init
                0x0000000008001ab8       0xf8 Drivers/STM32L4xx_HAL_Driver/Src/stm32l4xx_hal_dma.o
                0x0000000008001ab8                HAL_DMA_Init
 .text.HAL_DMA_Start_IT
                0x0000000008001bb0       0x78 Drivers/STM32L4xx_HAL_Driver/Src/stm32l4xx_hal_dma.o
                0x0000000008001bb0                HAL_DMA_Start_IT
 .text.HAL_DMA_IRQHandler
                0x0000000008001c28       0xb4 Drivers/STM32L4xx_HAL_Driver/Src/stm32l4xx_hal_dma.o
                0x0000000008001c28                HAL_DMA_IRQHandler
 .text.HAL_GPIO_Init
                0x0000000008001cdc      0x1cc Drivers/STM32L4xx_HAL_Driver/Src/stm32l4xx_hal_gpio.o
                0x0000000008001cdc                HAL_GPIO_Init
 .text.HAL_GPIO_WritePin
                0x0000000008001ea8        0xc Drivers/STM32L4xx_HAL_Driver/Src/stm32l4xx_hal_gpio.o
                0x0000000008001ea8                HAL_GPIO_WritePin
 .text.HAL_GPIO_EXTI_IRQHandler
                0x0000000008001eb4       0x18 Drivers/STM32L4xx_HAL_Driver/Src/stm32l4xx_hal_gpio.o
                0x0000000008001eb4                HAL_GPIO_EXTI_IRQHandler
 .text.I2C_Flush_TXDR
                0x0000000008001ecc       0x24 Drivers/STM32L4xx_HAL_Driver/Src/stm32l4xx_hal_i2c.o
 .text.I2C_TransferConfig
                0x0000000008001ef0       0x24 Drivers/STM32L4xx_HAL_Driver/Src/stm32l4xx_hal_i2c.o
 .text.I2C_IsAcknowledgeFailed
                0x0000000008001f14       0x84 Drivers/STM32L4xx_HAL_Driver/Src/stm32l4xx_hal_i2c.o
 .text.I2C_WaitOnTXISFlagUntilTimeout
                0x0000000008001f98       0x58 Drivers/STM32L4xx_HAL_Driver/Src/stm32l4xx_hal_i2c.o
 .text.I2C_WaitOnFlagUntilTimeout
                0x0000000008001ff0       0x4c Drivers/STM32L4xx_HAL_Driver/Src/stm32l4xx_hal_i2c.o
 .text.I2C_WaitOnSTOPFlagUntilTimeout
                0x000000000800203c       0x50 Drivers/STM32L4xx_HAL_Driver/Src/stm32l4xx_hal_i2c.o
 .text.I2C_WaitOnRXNEFlagUntilTimeout
                0x000000000800208c       0x88 Drivers/STM32L4xx_HAL_Driver/Src/stm32l4xx_hal_i2c.o
 .text.HAL_I2C_Init
                0x0000000008002114       0xbc Drivers/STM32L4xx_HAL_Driver/Src/stm32l4xx_hal_i2c.o
                0x0000000008002114                HAL_I2C_Init
 .text.HAL_I2C_Master_Transmit
                0x00000000080021d0      0x18c Drivers/STM32L4xx_HAL_Driver/Src/stm32l4xx_hal_i2c.o
                0x00000000080021d0                HAL_I2C_Master_Transmit
 .text.HAL_I2C_Master_Receive
                0x000000000800235c      0x188 Drivers/STM32L4xx_HAL_Driver/Src/stm32l4xx_hal_i2c.o
                0x000000000800235c                HAL_I2C_Master_Receive
 .text.HAL_I2CEx_ConfigAnalogFilter
                0x00000000080024e4       0x5c Drivers/STM32L4xx_HAL_Driver/Src/stm32l4xx_hal_i2c_ex.o
                0x00000000080024e4                HAL_I2CEx_ConfigAnalogFilter
 .text.HAL_I2CEx_ConfigDigitalFilter
                0x0000000008002540       0x58 Drivers/STM32L4xx_HAL_Driver/Src/stm32l4xx_hal_i2c_ex.o
                0x0000000008002540                HAL_I2CEx_ConfigDigitalFilter
 .text.HAL_PWREx_GetVoltageRange
                0x0000000008002598       0x10 Drivers/STM32L4xx_HAL_Driver/Src/stm32l4xx_hal_pwr_ex.o
                0x0000000008002598                HAL_PWREx_GetVoltageRange
 .text.HAL_PWREx_ControlVoltageScaling
                0x00000000080025a8       0x90 Drivers/STM32L4xx_HAL_Driver/Src/stm32l4xx_hal_pwr_ex.o
                0x00000000080025a8                HAL_PWREx_ControlVoltageScaling
 .text.RCC_SetFlashLatencyFromMSIRange
                0x0000000008002638       0x90 Drivers/STM32L4xx_HAL_Driver/Src/stm32l4xx_hal_rcc.o
 .text.HAL_RCC_GetSysClockFreq
                0x00000000080026c8      0x174 Drivers/STM32L4xx_HAL_Driver/Src/stm32l4xx_hal_rcc.o
                0x00000000080026c8                HAL_RCC_GetSysClockFreq
 .text.HAL_RCC_OscConfig
                0x000000000800283c      0x5c0 Drivers/STM32L4xx_HAL_Driver/Src/stm32l4xx_hal_rcc.o
                0x000000000800283c                HAL_RCC_OscConfig
 .text.HAL_RCC_ClockConfig
                0x0000000008002dfc      0x1cc Drivers/STM32L4xx_HAL_Driver/Src/stm32l4xx_hal_rcc.o
                0x0000000008002dfc                HAL_RCC_ClockConfig
 .text.HAL_RCC_GetHCLKFreq
                0x0000000008002fc8        0xc Drivers/STM32L4xx_HAL_Driver/Src/stm32l4xx_hal_rcc.o
                0x0000000008002fc8                HAL_RCC_GetHCLKFreq
 .text.HAL_RCC_GetPCLK1Freq
                0x0000000008002fd4       0x30 Drivers/STM32L4xx_HAL_Driver/Src/stm32l4xx_hal_rcc.o
                0x0000000008002fd4                HAL_RCC_GetPCLK1Freq
 .text.HAL_RCC_GetPCLK2Freq
                0x0000000008003004       0x30 Drivers/STM32L4xx_HAL_Driver/Src/stm32l4xx_hal_rcc.o
                0x0000000008003004                HAL_RCC_GetPCLK2Freq
 .text.HAL_RCC_GetClockConfig
                0x0000000008003034       0x3c Drivers/STM32L4xx_HAL_Driver/Src/stm32l4xx_hal_rcc.o
                0x0000000008003034                HAL_RCC_GetClockConfig
 .text.RCCEx_PLLSAI1_Config
                0x0000000008003070      0x1f8 Drivers/STM32L4xx_HAL_Driver/Src/stm32l4xx_hal_rcc_ex.o
 .text.RCCEx_PLLSAI2_Config
                0x0000000008003268      0x1b8 Drivers/STM32L4xx_HAL_Driver/Src/stm32l4xx_hal_rcc_ex.o
 .text.HAL_RCCEx_PeriphCLKConfig
                0x0000000008003420      0x438 Drivers/STM32L4xx_HAL_Driver/Src/stm32l4xx_hal_rcc_ex.o
                0x0000000008003420                HAL_RCCEx_PeriphCLKConfig
 .text.HAL_SPI_Init
                0x0000000008003858       0xb4 Drivers/STM32L4xx_HAL_Driver/Src/stm32l4xx_hal_spi.o
                0x0000000008003858                HAL_SPI_Init
 .text.TIM_OC1_SetConfig
                0x000000000800390c       0x9c Drivers/STM32L4xx_HAL_Driver/Src/stm32l4xx_hal_tim.o
 .text.TIM_OC3_SetConfig
                0x00000000080039a8       0x8c Drivers/STM32L4xx_HAL_Driver/Src/stm32l4xx_hal_tim.o
 .text.TIM_OC4_SetConfig
                0x0000000008003a34       0x6c Drivers/STM32L4xx_HAL_Driver/Src/stm32l4xx_hal_tim.o
 .text.TIM_OC5_SetConfig
                0x0000000008003aa0       0x68 Drivers/STM32L4xx_HAL_Driver/Src/stm32l4xx_hal_tim.o
 .text.TIM_OC6_SetConfig
                0x0000000008003b08       0x6c Drivers/STM32L4xx_HAL_Driver/Src/stm32l4xx_hal_tim.o
 .text.TIM_TI1_ConfigInputStage
                0x0000000008003b74       0x28 Drivers/STM32L4xx_HAL_Driver/Src/stm32l4xx_hal_tim.o
 .text.TIM_TI2_ConfigInputStage
                0x0000000008003b9c       0x28 Drivers/STM32L4xx_HAL_Driver/Src/stm32l4xx_hal_tim.o
 .text.TIM_ITRx_SetConfig
                0x0000000008003bc4       0x10 Drivers/STM32L4xx_HAL_Driver/Src/stm32l4xx_hal_tim.o
 .text.HAL_TIM_Base_Start
                0x0000000008003bd4       0x1c Drivers/STM32L4xx_HAL_Driver/Src/stm32l4xx_hal_tim.o
                0x0000000008003bd4                HAL_TIM_Base_Start
 .text.HAL_TIM_Base_Start_IT
                0x0000000008003bf0       0x18 Drivers/STM32L4xx_HAL_Driver/Src/stm32l4xx_hal_tim.o
                0x0000000008003bf0                HAL_TIM_Base_Start_IT
 .text.HAL_TIM_PWM_MspInit
                0x0000000008003c08        0x4 Drivers/STM32L4xx_HAL_Driver/Src/stm32l4xx_hal_tim.o
                0x0000000008003c08                HAL_TIM_PWM_MspInit
 .text.HAL_TIM_OC_DelayElapsedCallback
                0x0000000008003c0c        0x4 Drivers/STM32L4xx_HAL_Driver/Src/stm32l4xx_hal_tim.o
                0x0000000008003c0c                HAL_TIM_OC_DelayElapsedCallback
 .text.HAL_TIM_IC_CaptureCallback
                0x0000000008003c10        0x4 Drivers/STM32L4xx_HAL_Driver/Src/stm32l4xx_hal_tim.o
                0x0000000008003c10                HAL_TIM_IC_CaptureCallback
 .text.HAL_TIM_PWM_PulseFinishedCallback
                0x0000000008003c14        0x4 Drivers/STM32L4xx_HAL_Driver/Src/stm32l4xx_hal_tim.o
                0x0000000008003c14                HAL_TIM_PWM_PulseFinishedCallback
 .text.HAL_TIM_TriggerCallback
                0x0000000008003c18        0x4 Drivers/STM32L4xx_HAL_Driver/Src/stm32l4xx_hal_tim.o
                0x0000000008003c18                HAL_TIM_TriggerCallback
 .text.HAL_TIM_IRQHandler
                0x0000000008003c1c      0x174 Drivers/STM32L4xx_HAL_Driver/Src/stm32l4xx_hal_tim.o
                0x0000000008003c1c                HAL_TIM_IRQHandler
 .text.TIM_Base_SetConfig
                0x0000000008003d90       0xc0 Drivers/STM32L4xx_HAL_Driver/Src/stm32l4xx_hal_tim.o
                0x0000000008003d90                TIM_Base_SetConfig
 .text.HAL_TIM_Base_Init
                0x0000000008003e50       0x38 Drivers/STM32L4xx_HAL_Driver/Src/stm32l4xx_hal_tim.o
                0x0000000008003e50                HAL_TIM_Base_Init
 .text.HAL_TIM_PWM_Init
                0x0000000008003e88       0x38 Drivers/STM32L4xx_HAL_Driver/Src/stm32l4xx_hal_tim.o
                0x0000000008003e88                HAL_TIM_PWM_Init
 .text.TIM_OC2_SetConfig
                0x0000000008003ec0       0x8c Drivers/STM32L4xx_HAL_Driver/Src/stm32l4xx_hal_tim.o
                0x0000000008003ec0                TIM_OC2_SetConfig
 .text.HAL_TIM_PWM_ConfigChannel
                0x0000000008003f4c      0x138 Drivers/STM32L4xx_HAL_Driver/Src/stm32l4xx_hal_tim.o
                0x0000000008003f4c                HAL_TIM_PWM_ConfigChannel
 .text.TIM_ETR_SetConfig
                0x0000000008004084       0x1c Drivers/STM32L4xx_HAL_Driver/Src/stm32l4xx_hal_tim.o
                0x0000000008004084                TIM_ETR_SetConfig
 .text.HAL_TIM_ConfigClockSource
                0x00000000080040a0      0x120 Drivers/STM32L4xx_HAL_Driver/Src/stm32l4xx_hal_tim.o
                0x00000000080040a0                HAL_TIM_ConfigClockSource
 .text.TIM_CCxChannelCmd
                0x00000000080041c0       0x20 Drivers/STM32L4xx_HAL_Driver/Src/stm32l4xx_hal_tim.o
                0x00000000080041c0                TIM_CCxChannelCmd
 .text.HAL_TIM_PWM_Start
                0x00000000080041e0       0x68 Drivers/STM32L4xx_HAL_Driver/Src/stm32l4xx_hal_tim.o
                0x00000000080041e0                HAL_TIM_PWM_Start
 .text.HAL_TIMEx_MasterConfigSynchronization
                0x0000000008004248       0x58 Drivers/STM32L4xx_HAL_Driver/Src/stm32l4xx_hal_tim_ex.o
                0x0000000008004248                HAL_TIMEx_MasterConfigSynchronization
 .text.HAL_TIMEx_CommutationCallback
                0x00000000080042a0        0x4 Drivers/STM32L4xx_HAL_Driver/Src/stm32l4xx_hal_tim_ex.o
                0x00000000080042a0                HAL_TIMEx_CommutationCallback
 .text.HAL_TIMEx_BreakCallback
                0x00000000080042a4        0x4 Drivers/STM32L4xx_HAL_Driver/Src/stm32l4xx_hal_tim_ex.o
                0x00000000080042a4                HAL_TIMEx_BreakCallback
 .text.UART_EndTxTransfer
                0x00000000080042a8       0x14 Drivers/STM32L4xx_HAL_Driver/Src/stm32l4xx_hal_uart.o
 .text.UART_EndRxTransfer
                0x00000000080042bc       0x1c Drivers/STM32L4xx_HAL_Driver/Src/stm32l4xx_hal_uart.o
 .text.HAL_UART_Receive_DMA
                0x00000000080042d8       0x9c Drivers/STM32L4xx_HAL_Driver/Src/stm32l4xx_hal_uart.o
                0x00000000080042d8                HAL_UART_Receive_DMA
 .text.UART_DMAReceiveCplt
                0x0000000008004374       0x40 Drivers/STM32L4xx_HAL_Driver/Src/stm32l4xx_hal_uart.o
 .text.HAL_UART_RxHalfCpltCallback
                0x00000000080043b4        0x4 Drivers/STM32L4xx_HAL_Driver/Src/stm32l4xx_hal_uart.o
                0x00000000080043b4                HAL_UART_RxHalfCpltCallback
 .text.UART_DMARxHalfCplt
                0x00000000080043b8        0xc Drivers/STM32L4xx_HAL_Driver/Src/stm32l4xx_hal_uart.o
 .text.HAL_UART_ErrorCallback
                0x00000000080043c4        0x4 Drivers/STM32L4xx_HAL_Driver/Src/stm32l4xx_hal_uart.o
                0x00000000080043c4                HAL_UART_ErrorCallback
 .text.UART_DMAError
                0x00000000080043c8       0x54 Drivers/STM32L4xx_HAL_Driver/Src/stm32l4xx_hal_uart.o
 .text.UART_SetConfig
                0x000000000800441c      0x3e4 Drivers/STM32L4xx_HAL_Driver/Src/stm32l4xx_hal_uart.o
                0x000000000800441c                UART_SetConfig
 .text.UART_AdvFeatureConfig
                0x0000000008004800       0xc8 Drivers/STM32L4xx_HAL_Driver/Src/stm32l4xx_hal_uart.o
                0x0000000008004800                UART_AdvFeatureConfig
 .text.UART_WaitOnFlagUntilTimeout
                0x00000000080048c8       0x68 Drivers/STM32L4xx_HAL_Driver/Src/stm32l4xx_hal_uart.o
                0x00000000080048c8                UART_WaitOnFlagUntilTimeout
 .text.HAL_UART_Transmit
                0x0000000008004930       0xd0 Drivers/STM32L4xx_HAL_Driver/Src/stm32l4xx_hal_uart.o
                0x0000000008004930                HAL_UART_Transmit
 .text.HAL_UART_Receive
                0x0000000008004a00      0x110 Drivers/STM32L4xx_HAL_Driver/Src/stm32l4xx_hal_uart.o
                0x0000000008004a00                HAL_UART_Receive
 .text.UART_CheckIdleState
                0x0000000008004b10       0x6c Drivers/STM32L4xx_HAL_Driver/Src/stm32l4xx_hal_uart.o
                0x0000000008004b10                UART_CheckIdleState
 .text.HAL_UART_Init
                0x0000000008004b7c       0x6c Drivers/STM32L4xx_HAL_Driver/Src/stm32l4xx_hal_uart.o
                0x0000000008004b7c                HAL_UART_Init
 .text.osKernelStart
                0x0000000008004be8        0xc Middlewares/Third_Party/FreeRTOS/Source/CMSIS_RTOS/cmsis_os.o
                0x0000000008004be8                osKernelStart
 .text.osDelay  0x0000000008004bf4       0x10 Middlewares/Third_Party/FreeRTOS/Source/CMSIS_RTOS/cmsis_os.o
                0x0000000008004bf4                osDelay
 .text.osSystickHandler
                0x0000000008004c04       0x10 Middlewares/Third_Party/FreeRTOS/Source/CMSIS_RTOS/cmsis_os.o
                0x0000000008004c04                osSystickHandler
 .text.vListInitialise
                0x0000000008004c14       0x18 Middlewares/Third_Party/FreeRTOS/Source/list.o
                0x0000000008004c14                vListInitialise
 .text.vListInitialiseItem
                0x0000000008004c2c        0x8 Middlewares/Third_Party/FreeRTOS/Source/list.o
                0x0000000008004c2c                vListInitialiseItem
 .text.vListInsertEnd
                0x0000000008004c34       0x18 Middlewares/Third_Party/FreeRTOS/Source/list.o
                0x0000000008004c34                vListInsertEnd
 .text.vListInsert
                0x0000000008004c4c       0x34 Middlewares/Third_Party/FreeRTOS/Source/list.o
                0x0000000008004c4c                vListInsert
 .text.uxListRemove
                0x0000000008004c80       0x24 Middlewares/Third_Party/FreeRTOS/Source/list.o
                0x0000000008004c80                uxListRemove
 .text.xQueueGenericReset
                0x0000000008004ca4       0x80 Middlewares/Third_Party/FreeRTOS/Source/queue.o
                0x0000000008004ca4                xQueueGenericReset
 .text.xQueueGenericCreate
                0x0000000008004d24       0x64 Middlewares/Third_Party/FreeRTOS/Source/queue.o
                0x0000000008004d24                xQueueGenericCreate
 .text.prvResetNextTaskUnblockTime
                0x0000000008004d88       0x2c Middlewares/Third_Party/FreeRTOS/Source/tasks.o
 .text.prvDeleteTCB
                0x0000000008004db4       0x14 Middlewares/Third_Party/FreeRTOS/Source/tasks.o
 .text.prvAllocateTCBAndStack
                0x0000000008004dc8       0x3c Middlewares/Third_Party/FreeRTOS/Source/tasks.o
 .text.prvInitialiseTCBVariables
                0x0000000008004e04       0x50 Middlewares/Third_Party/FreeRTOS/Source/tasks.o
 .text.prvInitialiseTaskLists
                0x0000000008004e54       0x54 Middlewares/Third_Party/FreeRTOS/Source/tasks.o
 .text.prvAddCurrentTaskToDelayedList
                0x0000000008004ea8       0x44 Middlewares/Third_Party/FreeRTOS/Source/tasks.o
 .text.xTaskGenericCreate
                0x0000000008004eec      0x134 Middlewares/Third_Party/FreeRTOS/Source/tasks.o
                0x0000000008004eec                xTaskGenericCreate
 .text.vTaskDelete
                0x0000000008005020       0xbc Middlewares/Third_Party/FreeRTOS/Source/tasks.o
                0x0000000008005020                vTaskDelete
 .text.vTaskStartScheduler
                0x00000000080050dc       0x6c Middlewares/Third_Party/FreeRTOS/Source/tasks.o
                0x00000000080050dc                vTaskStartScheduler
 .text.vTaskSuspendAll
                0x0000000008005148       0x14 Middlewares/Third_Party/FreeRTOS/Source/tasks.o
                0x0000000008005148                vTaskSuspendAll
 .text.xTaskGetTickCount
                0x000000000800515c        0xc Middlewares/Third_Party/FreeRTOS/Source/tasks.o
                0x000000000800515c                xTaskGetTickCount
 .text.xTaskIncrementTick
                0x0000000008005168      0x11c Middlewares/Third_Party/FreeRTOS/Source/tasks.o
                0x0000000008005168                xTaskIncrementTick
 .text.xTaskResumeAll
                0x0000000008005284       0xf8 Middlewares/Third_Party/FreeRTOS/Source/tasks.o
                0x0000000008005284                xTaskResumeAll
 .text.vTaskDelay
                0x000000000800537c       0x7c Middlewares/Third_Party/FreeRTOS/Source/tasks.o
                0x000000000800537c                vTaskDelay
 .text.prvCheckTasksWaitingTermination
                0x00000000080053f8       0x54 Middlewares/Third_Party/FreeRTOS/Source/tasks.o
 .text.prvIdleTask
                0x000000000800544c       0x28 Middlewares/Third_Party/FreeRTOS/Source/tasks.o
 .text.vTaskSwitchContext
                0x0000000008005474       0x90 Middlewares/Third_Party/FreeRTOS/Source/tasks.o
                0x0000000008005474                vTaskSwitchContext
 .text.xTaskRemoveFromEventList
                0x0000000008005504       0x88 Middlewares/Third_Party/FreeRTOS/Source/tasks.o
                0x0000000008005504                xTaskRemoveFromEventList
 .text.xTaskGetSchedulerState
                0x000000000800558c       0x20 Middlewares/Third_Party/FreeRTOS/Source/tasks.o
                0x000000000800558c                xTaskGetSchedulerState
 .text.ulTaskNotifyTake
                0x00000000080055ac       0xc4 Middlewares/Third_Party/FreeRTOS/Source/tasks.o
                0x00000000080055ac                ulTaskNotifyTake
 .text.vTaskNotifyGiveFromISR
                0x0000000008005670       0xc0 Middlewares/Third_Party/FreeRTOS/Source/tasks.o
                0x0000000008005670                vTaskNotifyGiveFromISR
 .text.prvTaskExitError
                0x0000000008005730       0x34 Middlewares/Third_Party/FreeRTOS/Source/portable/GCC/ARM_CM4F/port.o
 .text.prvPortStartFirstTask
                0x0000000008005764       0x20 Middlewares/Third_Party/FreeRTOS/Source/portable/GCC/ARM_CM4F/port.o
 .text.vPortEnableVFP
                0x0000000008005784       0x14 Middlewares/Third_Party/FreeRTOS/Source/portable/GCC/ARM_CM4F/port.o
 .text.pxPortInitialiseStack
                0x0000000008005798       0x28 Middlewares/Third_Party/FreeRTOS/Source/portable/GCC/ARM_CM4F/port.o
                0x0000000008005798                pxPortInitialiseStack
 .text.SVC_Handler
                0x00000000080057c0       0x20 Middlewares/Third_Party/FreeRTOS/Source/portable/GCC/ARM_CM4F/port.o
                0x00000000080057c0                SVC_Handler
 .text.vPortEnterCritical
                0x00000000080057e0       0x44 Middlewares/Third_Party/FreeRTOS/Source/portable/GCC/ARM_CM4F/port.o
                0x00000000080057e0                vPortEnterCritical
 .text.vPortExitCritical
                0x0000000008005824       0x2c Middlewares/Third_Party/FreeRTOS/Source/portable/GCC/ARM_CM4F/port.o
                0x0000000008005824                vPortExitCritical
 .text.PendSV_Handler
                0x0000000008005850       0x60 Middlewares/Third_Party/FreeRTOS/Source/portable/GCC/ARM_CM4F/port.o
                0x0000000008005850                PendSV_Handler
 .text.xPortSysTickHandler
                0x00000000080058b0       0x30 Middlewares/Third_Party/FreeRTOS/Source/portable/GCC/ARM_CM4F/port.o
                0x00000000080058b0                xPortSysTickHandler
 .text.vPortSetupTimerInterrupt
                0x00000000080058e0       0x2c Middlewares/Third_Party/FreeRTOS/Source/portable/GCC/ARM_CM4F/port.o
                0x00000000080058e0                vPortSetupTimerInterrupt
 .text.xPortStartScheduler
                0x000000000800590c       0xe8 Middlewares/Third_Party/FreeRTOS/Source/portable/GCC/ARM_CM4F/port.o
                0x000000000800590c                xPortStartScheduler
 .text.vPortValidateInterruptPriority
                0x00000000080059f4       0x58 Middlewares/Third_Party/FreeRTOS/Source/portable/GCC/ARM_CM4F/port.o
                0x00000000080059f4                vPortValidateInterruptPriority
 .text.prvHeapInit
                0x0000000008005a4c       0x5c Middlewares/Third_Party/FreeRTOS/Source/portable/MemMang/heap_4.o
 .text.prvInsertBlockIntoFreeList
                0x0000000008005aa8       0x58 Middlewares/Third_Party/FreeRTOS/Source/portable/MemMang/heap_4.o
 .text.pvPortMalloc
                0x0000000008005b00      0x10c Middlewares/Third_Party/FreeRTOS/Source/portable/MemMang/heap_4.o
                0x0000000008005b00                pvPortMalloc
 .text.vPortFree
                0x0000000008005c0c       0x78 Middlewares/Third_Party/FreeRTOS/Source/portable/MemMang/heap_4.o
                0x0000000008005c0c                vPortFree
 .text.MPU6050  0x0000000008005c84        0xc Src/MPU6050.o
                0x0000000008005c84                MPU6050
 .text.MPUsetRate
                0x0000000008005c90       0x14 Src/MPU6050.o
                0x0000000008005c90                MPUsetRate
 .text.MPUsetExternalFrameSync
                0x0000000008005ca4       0x20 Src/MPU6050.o
                0x0000000008005ca4                MPUsetExternalFrameSync
 .text.MPUsetDLPFMode
                0x0000000008005cc4       0x20 Src/MPU6050.o
                0x0000000008005cc4                MPUsetDLPFMode
 .text.MPUsetFullScaleGyroRange
                0x0000000008005ce4       0x20 Src/MPU6050.o
                0x0000000008005ce4                MPUsetFullScaleGyroRange
 .text.MPUsetFullScaleAccelRange
                0x0000000008005d04       0x20 Src/MPU6050.o
                0x0000000008005d04                MPUsetFullScaleAccelRange
 .text.MPUsetMotionDetectionThreshold
                0x0000000008005d24       0x14 Src/MPU6050.o
                0x0000000008005d24                MPUsetMotionDetectionThreshold
 .text.MPUsetMotionDetectionDuration
                0x0000000008005d38       0x14 Src/MPU6050.o
                0x0000000008005d38                MPUsetMotionDetectionDuration
 .text.MPUsetZeroMotionDetectionThreshold
                0x0000000008005d4c       0x14 Src/MPU6050.o
                0x0000000008005d4c                MPUsetZeroMotionDetectionThreshold
 .text.MPUsetZeroMotionDetectionDuration
                0x0000000008005d60       0x14 Src/MPU6050.o
                0x0000000008005d60                MPUsetZeroMotionDetectionDuration
 .text.MPUsetSlaveAddress
                0x0000000008005d74       0x24 Src/MPU6050.o
                0x0000000008005d74                MPUsetSlaveAddress
 .text.MPUsetIntEnabled
                0x0000000008005d98       0x14 Src/MPU6050.o
                0x0000000008005d98                MPUsetIntEnabled
 .text.MPUgetIntStatus
                0x0000000008005dac       0x1c Src/MPU6050.o
                0x0000000008005dac                MPUgetIntStatus
 .text.MPUsetFIFOEnabled
                0x0000000008005dc8       0x18 Src/MPU6050.o
                0x0000000008005dc8                MPUsetFIFOEnabled
 .text.MPUsetI2CMasterModeEnabled
                0x0000000008005de0       0x18 Src/MPU6050.o
                0x0000000008005de0                MPUsetI2CMasterModeEnabled
 .text.MPUresetFIFO
                0x0000000008005df8       0x18 Src/MPU6050.o
                0x0000000008005df8                MPUresetFIFO
 .text.MPUresetI2CMaster
                0x0000000008005e10       0x18 Src/MPU6050.o
                0x0000000008005e10                MPUresetI2CMaster
 .text.MPUreset
                0x0000000008005e28       0x18 Src/MPU6050.o
                0x0000000008005e28                MPUreset
 .text.MPUsetSleepEnabled
                0x0000000008005e40       0x18 Src/MPU6050.o
                0x0000000008005e40                MPUsetSleepEnabled
 .text.MPUsetClockSource
                0x0000000008005e58       0x20 Src/MPU6050.o
                0x0000000008005e58                MPUsetClockSource
 .text.MPUinitialize
                0x0000000008005e78       0x1c Src/MPU6050.o
                0x0000000008005e78                MPUinitialize
 .text.MPUgetFIFOCount
                0x0000000008005e94       0x24 Src/MPU6050.o
                0x0000000008005e94                MPUgetFIFOCount
 .text.MPUgetFIFOBytes
                0x0000000008005eb8       0x18 Src/MPU6050.o
                0x0000000008005eb8                MPUgetFIFOBytes
 .text.MPUgetDeviceID
                0x0000000008005ed0       0x24 Src/MPU6050.o
                0x0000000008005ed0                MPUgetDeviceID
 .text.MPUtestConnection
                0x0000000008005ef4       0x10 Src/MPU6050.o
                0x0000000008005ef4                MPUtestConnection
 .text.MPUsetOTPBankValid
                0x0000000008005f04       0x18 Src/MPU6050.o
                0x0000000008005f04                MPUsetOTPBankValid
 .text.MPUgetXGyroOffset
                0x0000000008005f1c       0x28 Src/MPU6050.o
                0x0000000008005f1c                MPUgetXGyroOffset
 .text.MPUsetXGyroOffset
                0x0000000008005f44       0x20 Src/MPU6050.o
                0x0000000008005f44                MPUsetXGyroOffset
 .text.MPUgetYGyroOffset
                0x0000000008005f64       0x28 Src/MPU6050.o
                0x0000000008005f64                MPUgetYGyroOffset
 .text.MPUsetYGyroOffset
                0x0000000008005f8c       0x20 Src/MPU6050.o
                0x0000000008005f8c                MPUsetYGyroOffset
 .text.MPUgetZGyroOffset
                0x0000000008005fac       0x28 Src/MPU6050.o
                0x0000000008005fac                MPUgetZGyroOffset
 .text.MPUsetZGyroOffset
                0x0000000008005fd4       0x20 Src/MPU6050.o
                0x0000000008005fd4                MPUsetZGyroOffset
 .text.MPUsetXGyroOffsetUser
                0x0000000008005ff4       0x14 Src/MPU6050.o
                0x0000000008005ff4                MPUsetXGyroOffsetUser
 .text.MPUsetYGyroOffsetUser
                0x0000000008006008       0x14 Src/MPU6050.o
                0x0000000008006008                MPUsetYGyroOffsetUser
 .text.MPUsetZGyroOffsetUser
                0x000000000800601c       0x14 Src/MPU6050.o
                0x000000000800601c                MPUsetZGyroOffsetUser
 .text.MPUsetDMPEnabled
                0x0000000008006030       0x18 Src/MPU6050.o
                0x0000000008006030                MPUsetDMPEnabled
 .text.MPUresetDMP
                0x0000000008006048       0x18 Src/MPU6050.o
                0x0000000008006048                MPUresetDMP
 .text.MPUsetMemoryBank
                0x0000000008006060       0x24 Src/MPU6050.o
                0x0000000008006060                MPUsetMemoryBank
 .text.MPUsetMemoryStartAddress
                0x0000000008006084       0x14 Src/MPU6050.o
                0x0000000008006084                MPUsetMemoryStartAddress
 .text.MPUreadMemoryBlock
                0x0000000008006098       0x80 Src/MPU6050.o
                0x0000000008006098                MPUreadMemoryBlock
 .text.MPUwriteMemoryBlock
                0x0000000008006118       0xc0 Src/MPU6050.o
                0x0000000008006118                MPUwriteMemoryBlock
 .text.MPUwriteProgMemoryBlock
                0x00000000080061d8       0x18 Src/MPU6050.o
                0x00000000080061d8                MPUwriteProgMemoryBlock
 .text.MPUwriteDMPConfigurationSet
                0x00000000080061f0       0x68 Src/MPU6050.o
                0x00000000080061f0                MPUwriteDMPConfigurationSet
 .text.MPUwriteProgDMPConfigurationSet
                0x0000000008006258        0xc Src/MPU6050.o
                0x0000000008006258                MPUwriteProgDMPConfigurationSet
 .text.MPUsetDMPConfig1
                0x0000000008006264       0x14 Src/MPU6050.o
                0x0000000008006264                MPUsetDMPConfig1
 .text.MPUsetDMPConfig2
                0x0000000008006278       0x14 Src/MPU6050.o
                0x0000000008006278                MPUsetDMPConfig2
 .text.MPUdmpInitialize
                0x000000000800628c      0x5b8 Src/MPU6050_6Axis_MotionApps20.o
                0x000000000800628c                MPUdmpInitialize
 .text.MPUdmpGetQuaternion16
                0x0000000008006844       0x38 Src/MPU6050_6Axis_MotionApps20.o
                0x0000000008006844                MPUdmpGetQuaternion16
 .text.MPUdmpGetQuaternion
                0x000000000800687c       0x6c Src/MPU6050_6Axis_MotionApps20.o
                0x000000000800687c                MPUdmpGetQuaternion
 .text.MPUdmpGetGyro32
                0x00000000080068e8       0x54 Src/MPU6050_6Axis_MotionApps20.o
                0x00000000080068e8                MPUdmpGetGyro32
 .text.MPUdmpGetGravityVect
                0x000000000800693c       0x7c Src/MPU6050_6Axis_MotionApps20.o
                0x000000000800693c                MPUdmpGetGravityVect
 .text.MPUdmpGetEuler
                0x00000000080069b8      0x118 Src/MPU6050_6Axis_MotionApps20.o
                0x00000000080069b8                MPUdmpGetEuler
 .text.MPUdmpGetYawPitchRoll
                0x0000000008006ad0      0x114 Src/MPU6050_6Axis_MotionApps20.o
                0x0000000008006ad0                MPUdmpGetYawPitchRoll
 .text.startCommTask
                0x0000000008006be4      0x1e8 Src/comm.o
                0x0000000008006be4                startCommTask
 *fill*         0x0000000008006dcc        0x4 
 .text.PID      0x0000000008006dd0      0x218 Src/controller.o
                0x0000000008006dd0                PID
 .text.startControllerTask
                0x0000000008006fe8      0x510 Src/controller.o
                0x0000000008006fe8                startControllerTask
 .text.I2C_readBytes
                0x00000000080074f8       0x4c Src/iic.o
                0x00000000080074f8                I2C_readBytes
 .text.I2C_readByte
                0x0000000008007544        0xc Src/iic.o
                0x0000000008007544                I2C_readByte
 .text.I2C_readBits
                0x0000000008007550       0x34 Src/iic.o
                0x0000000008007550                I2C_readBits
 .text.I2C_writeBytes
                0x0000000008007584       0x60 Src/iic.o
                0x0000000008007584                I2C_writeBytes
 .text.I2C_writeByte
                0x00000000080075e4       0x18 Src/iic.o
                0x00000000080075e4                I2C_writeByte
 .text.I2C_writeBits
                0x00000000080075fc       0x4c Src/iic.o
                0x00000000080075fc                I2C_writeBits
 .text.I2C_writeBit
                0x0000000008007648       0x40 Src/iic.o
                0x0000000008007648                I2C_writeBit
 .text.I2C_writeWord
                0x0000000008007688       0x38 Src/iic.o
                0x0000000008007688                I2C_writeWord
 .text.MX_GPIO_Init
                0x00000000080076c0      0x148 Src/main.o
 .text.MX_DMA_Init
                0x0000000008007808       0x44 Src/main.o
 .text.startStartUp
                0x000000000800784c       0x50 Src/main.o
                0x000000000800784c                startStartUp
 .text.ESPInit  0x000000000800789c       0xd4 Src/main.o
                0x000000000800789c                ESPInit
 .text.print    0x0000000008007970       0x1c Src/main.o
                0x0000000008007970                print
 .text.HAL_UART_RxCpltCallback
                0x000000000800798c       0x38 Src/main.o
                0x000000000800798c                HAL_UART_RxCpltCallback
 .text.HAL_GPIO_EXTI_Callback
                0x00000000080079c4       0x38 Src/main.o
                0x00000000080079c4                HAL_GPIO_EXTI_Callback
 .text.HAL_TIM_PeriodElapsedCallback
                0x00000000080079fc       0x14 Src/main.o
                0x00000000080079fc                HAL_TIM_PeriodElapsedCallback
 .text._Error_Handler
                0x0000000008007a10        0x4 Src/main.o
                0x0000000008007a10                _Error_Handler
 .text.MX_USART1_UART_Init
                0x0000000008007a14       0x40 Src/main.o
 .text.MX_USART3_UART_Init
                0x0000000008007a54       0x40 Src/main.o
 .text.MX_I2C1_Init
                0x0000000008007a94       0x68 Src/main.o
 .text.MX_TIM3_Init
                0x0000000008007afc       0xec Src/main.o
 .text.MX_USART2_UART_Init
                0x0000000008007be8       0x40 Src/main.o
 .text.MX_ADC1_Init
                0x0000000008007c28       0x90 Src/main.o
 .text.MX_SPI2_Init
                0x0000000008007cb8       0x54 Src/main.o
 .text.MX_TIM6_Init
                0x0000000008007d0c       0x50 Src/main.o
 .text.SystemClock_Config
                0x0000000008007d5c       0xe4 Src/main.o
                0x0000000008007d5c                SystemClock_Config
 .text.main     0x0000000008007e40      0x120 Src/main.o
                0x0000000008007e40                main
 .text.startSensorTask
                0x0000000008007f60      0x380 Src/sensor.o
                0x0000000008007f60                startSensorTask
 .text.initializeResources
                0x00000000080082e0       0x24 Src/sharedResources.o
                0x00000000080082e0                initializeResources
 .text.HAL_MspInit
                0x0000000008008304       0x90 Src/stm32l4xx_hal_msp.o
                0x0000000008008304                HAL_MspInit
 .text.HAL_ADC_MspInit
                0x0000000008008394       0x4c Src/stm32l4xx_hal_msp.o
                0x0000000008008394                HAL_ADC_MspInit
 .text.HAL_I2C_MspInit
                0x00000000080083e0       0x54 Src/stm32l4xx_hal_msp.o
                0x00000000080083e0                HAL_I2C_MspInit
 .text.HAL_SPI_MspInit
                0x0000000008008434       0x68 Src/stm32l4xx_hal_msp.o
                0x0000000008008434                HAL_SPI_MspInit
 .text.HAL_TIM_Base_MspInit
                0x000000000800849c       0x4c Src/stm32l4xx_hal_msp.o
                0x000000000800849c                HAL_TIM_Base_MspInit
 .text.HAL_TIM_MspPostInit
                0x00000000080084e8       0x60 Src/stm32l4xx_hal_msp.o
                0x00000000080084e8                HAL_TIM_MspPostInit
 .text.HAL_UART_MspInit
                0x0000000008008548      0x1a0 Src/stm32l4xx_hal_msp.o
                0x0000000008008548                HAL_UART_MspInit
 .text.HAL_InitTick
                0x00000000080086e8       0x78 Src/stm32l4xx_hal_timebase_TIM.o
                0x00000000080086e8                HAL_InitTick
 .text.SysTick_Handler
                0x0000000008008760        0x8 Src/stm32l4xx_it.o
                0x0000000008008760                SysTick_Handler
 .text.DMA1_Channel3_IRQHandler
                0x0000000008008768       0x10 Src/stm32l4xx_it.o
                0x0000000008008768                DMA1_Channel3_IRQHandler
 .text.DMA1_Channel5_IRQHandler
                0x0000000008008778       0x10 Src/stm32l4xx_it.o
                0x0000000008008778                DMA1_Channel5_IRQHandler
 .text.EXTI9_5_IRQHandler
                0x0000000008008788        0xc Src/stm32l4xx_it.o
                0x0000000008008788                EXTI9_5_IRQHandler
 .text.TIM1_UP_TIM16_IRQHandler
                0x0000000008008794       0x10 Src/stm32l4xx_it.o
                0x0000000008008794                TIM1_UP_TIM16_IRQHandler
 .text.SystemInit
                0x00000000080087a4       0x48 Src/system_stm32l4xx.o
                0x00000000080087a4                SystemInit
 .text.Reset_Handler
                0x00000000080087ec       0x50 startup/startup_stm32l476xx.o
                0x00000000080087ec                Reset_Handler
 .text.Default_Handler
                0x000000000800883c        0x2 startup/startup_stm32l476xx.o
                0x000000000800883c                TIM1_BRK_TIM15_IRQHandler
                0x000000000800883c                EXTI2_IRQHandler
                0x000000000800883c                TIM8_TRG_COM_IRQHandler
                0x000000000800883c                TIM8_CC_IRQHandler
                0x000000000800883c                DebugMon_Handler
                0x000000000800883c                TIM1_CC_IRQHandler
                0x000000000800883c                TSC_IRQHandler
                0x000000000800883c                HardFault_Handler
                0x000000000800883c                TAMP_STAMP_IRQHandler
                0x000000000800883c                NMI_Handler
                0x000000000800883c                EXTI3_IRQHandler
                0x000000000800883c                LPTIM2_IRQHandler
                0x000000000800883c                DFSDM1_FLT1_IRQHandler
                0x000000000800883c                I2C3_ER_IRQHandler
                0x000000000800883c                DFSDM1_FLT2_IRQHandler
                0x000000000800883c                EXTI0_IRQHandler
                0x000000000800883c                I2C2_EV_IRQHandler
                0x000000000800883c                CAN1_RX0_IRQHandler
                0x000000000800883c                FPU_IRQHandler
                0x000000000800883c                UsageFault_Handler
                0x000000000800883c                ADC1_2_IRQHandler
                0x000000000800883c                SPI1_IRQHandler
                0x000000000800883c                TIM6_DAC_IRQHandler
                0x000000000800883c                TIM8_UP_IRQHandler
                0x000000000800883c                DMA2_Channel2_IRQHandler
                0x000000000800883c                DMA1_Channel4_IRQHandler
                0x000000000800883c                SAI2_IRQHandler
                0x000000000800883c                DFSDM1_FLT3_IRQHandler
                0x000000000800883c                USART3_IRQHandler
                0x000000000800883c                DMA1_Channel7_IRQHandler
                0x000000000800883c                CAN1_RX1_IRQHandler
                0x000000000800883c                LCD_IRQHandler
                0x000000000800883c                UART5_IRQHandler
                0x000000000800883c                ADC3_IRQHandler
                0x000000000800883c                TIM4_IRQHandler
                0x000000000800883c                DMA2_Channel1_IRQHandler
                0x000000000800883c                QUADSPI_IRQHandler
                0x000000000800883c                I2C1_EV_IRQHandler
                0x000000000800883c                DMA1_Channel6_IRQHandler
                0x000000000800883c                UART4_IRQHandler
                0x000000000800883c                DMA2_Channel4_IRQHandler
                0x000000000800883c                TIM3_IRQHandler
                0x000000000800883c                RCC_IRQHandler
                0x000000000800883c                DMA1_Channel1_IRQHandler
                0x000000000800883c                Default_Handler
                0x000000000800883c                DMA2_Channel7_IRQHandler
                0x000000000800883c                EXTI15_10_IRQHandler
                0x000000000800883c                TIM7_IRQHandler
                0x000000000800883c                SDMMC1_IRQHandler
                0x000000000800883c                TIM5_IRQHandler
                0x000000000800883c                I2C3_EV_IRQHandler
                0x000000000800883c                RTC_WKUP_IRQHandler
                0x000000000800883c                PVD_PVM_IRQHandler
                0x000000000800883c                SPI2_IRQHandler
                0x000000000800883c                MemManage_Handler
                0x000000000800883c                CAN1_TX_IRQHandler
                0x000000000800883c                DMA2_Channel5_IRQHandler
                0x000000000800883c                EXTI4_IRQHandler
                0x000000000800883c                RNG_IRQHandler
                0x000000000800883c                TIM1_TRG_COM_TIM17_IRQHandler
                0x000000000800883c                COMP_IRQHandler
                0x000000000800883c                WWDG_IRQHandler
                0x000000000800883c                LPUART1_IRQHandler
                0x000000000800883c                DMA2_Channel6_IRQHandler
                0x000000000800883c                TIM2_IRQHandler
                0x000000000800883c                EXTI1_IRQHandler
                0x000000000800883c                USART2_IRQHandler
                0x000000000800883c                DFSDM1_FLT0_IRQHandler
                0x000000000800883c                I2C2_ER_IRQHandler
                0x000000000800883c                DMA1_Channel2_IRQHandler
                0x000000000800883c                TIM8_BRK_IRQHandler
                0x000000000800883c                CAN1_SCE_IRQHandler
                0x000000000800883c                FLASH_IRQHandler
                0x000000000800883c                BusFault_Handler
                0x000000000800883c                USART1_IRQHandler
                0x000000000800883c                OTG_FS_IRQHandler
                0x000000000800883c                SPI3_IRQHandler
                0x000000000800883c                I2C1_ER_IRQHandler
                0x000000000800883c                FMC_IRQHandler
                0x000000000800883c                SWPMI1_IRQHandler
                0x000000000800883c                LPTIM1_IRQHandler
                0x000000000800883c                SAI1_IRQHandler
                0x000000000800883c                DMA2_Channel3_IRQHandler
                0x000000000800883c                RTC_Alarm_IRQHandler
 *fill*         0x000000000800883e        0x2 
 .text.atan     0x0000000008008840      0x378 /Applications/SystemWorkbench.app/Contents/Eclipse/plugins/fr.ac6.mcu.externaltools.arm-none.macos64_1.13.1.201703061524/tools/compiler/bin/../lib/gcc/arm-none-eabi/5.4.1/../../../../arm-none-eabi/lib/armv7e-m/fpu/libm.a(lib_a-s_atan.o)
                0x0000000008008840                atan
 .text.fabs     0x0000000008008bb8       0x10 /Applications/SystemWorkbench.app/Contents/Eclipse/plugins/fr.ac6.mcu.externaltools.arm-none.macos64_1.13.1.201703061524/tools/compiler/bin/../lib/gcc/arm-none-eabi/5.4.1/../../../../arm-none-eabi/lib/armv7e-m/fpu/libm.a(lib_a-s_fabs.o)
                0x0000000008008bb8                fabs
 .text.round    0x0000000008008bc8       0xb0 /Applications/SystemWorkbench.app/Contents/Eclipse/plugins/fr.ac6.mcu.externaltools.arm-none.macos64_1.13.1.201703061524/tools/compiler/bin/../lib/gcc/arm-none-eabi/5.4.1/../../../../arm-none-eabi/lib/armv7e-m/fpu/libm.a(lib_a-s_round.o)
                0x0000000008008bc8                round
 .text.asin     0x0000000008008c78       0xc4 /Applications/SystemWorkbench.app/Contents/Eclipse/plugins/fr.ac6.mcu.externaltools.arm-none.macos64_1.13.1.201703061524/tools/compiler/bin/../lib/gcc/arm-none-eabi/5.4.1/../../../../arm-none-eabi/lib/armv7e-m/fpu/libm.a(lib_a-w_asin.o)
                0x0000000008008c78                asin
 .text.atan2    0x0000000008008d3c        0x4 /Applications/SystemWorkbench.app/Contents/Eclipse/plugins/fr.ac6.mcu.externaltools.arm-none.macos64_1.13.1.201703061524/tools/compiler/bin/../lib/gcc/arm-none-eabi/5.4.1/../../../../arm-none-eabi/lib/armv7e-m/fpu/libm.a(lib_a-w_atan2.o)
                0x0000000008008d3c                atan2
 .text.sqrt     0x0000000008008d40       0xc0 /Applications/SystemWorkbench.app/Contents/Eclipse/plugins/fr.ac6.mcu.externaltools.arm-none.macos64_1.13.1.201703061524/tools/compiler/bin/../lib/gcc/arm-none-eabi/5.4.1/../../../../arm-none-eabi/lib/armv7e-m/fpu/libm.a(lib_a-w_sqrt.o)
                0x0000000008008d40                sqrt
 .text.sqrtf    0x0000000008008e00       0xac /Applications/SystemWorkbench.app/Contents/Eclipse/plugins/fr.ac6.mcu.externaltools.arm-none.macos64_1.13.1.201703061524/tools/compiler/bin/../lib/gcc/arm-none-eabi/5.4.1/../../../../arm-none-eabi/lib/armv7e-m/fpu/libm.a(lib_a-wf_sqrt.o)
                0x0000000008008e00                sqrtf
 *fill*         0x0000000008008eac        0x4 
 .text.__ieee754_asin
                0x0000000008008eb0      0x49c /Applications/SystemWorkbench.app/Contents/Eclipse/plugins/fr.ac6.mcu.externaltools.arm-none.macos64_1.13.1.201703061524/tools/compiler/bin/../lib/gcc/arm-none-eabi/5.4.1/../../../../arm-none-eabi/lib/armv7e-m/fpu/libm.a(lib_a-e_asin.o)
                0x0000000008008eb0                __ieee754_asin
 *fill*         0x000000000800934c        0x4 
 .text.__ieee754_atan2
                0x0000000008009350      0x1ec /Applications/SystemWorkbench.app/Contents/Eclipse/plugins/fr.ac6.mcu.externaltools.arm-none.macos64_1.13.1.201703061524/tools/compiler/bin/../lib/gcc/arm-none-eabi/5.4.1/../../../../arm-none-eabi/lib/armv7e-m/fpu/libm.a(lib_a-e_atan2.o)
                0x0000000008009350                __ieee754_atan2
 .text.__ieee754_sqrt
                0x000000000800953c      0x1a0 /Applications/SystemWorkbench.app/Contents/Eclipse/plugins/fr.ac6.mcu.externaltools.arm-none.macos64_1.13.1.201703061524/tools/compiler/bin/../lib/gcc/arm-none-eabi/5.4.1/../../../../arm-none-eabi/lib/armv7e-m/fpu/libm.a(lib_a-e_sqrt.o)
                0x000000000800953c                __ieee754_sqrt
 .text.__ieee754_sqrtf
                0x00000000080096dc       0xa4 /Applications/SystemWorkbench.app/Contents/Eclipse/plugins/fr.ac6.mcu.externaltools.arm-none.macos64_1.13.1.201703061524/tools/compiler/bin/../lib/gcc/arm-none-eabi/5.4.1/../../../../arm-none-eabi/lib/armv7e-m/fpu/libm.a(lib_a-ef_sqrt.o)
                0x00000000080096dc                __ieee754_sqrtf
 .text.matherr  0x0000000008009780        0x4 /Applications/SystemWorkbench.app/Contents/Eclipse/plugins/fr.ac6.mcu.externaltools.arm-none.macos64_1.13.1.201703061524/tools/compiler/bin/../lib/gcc/arm-none-eabi/5.4.1/../../../../arm-none-eabi/lib/armv7e-m/fpu/libm.a(lib_a-s_matherr.o)
                0x0000000008009780                matherr
 *fill*         0x0000000008009784        0x4 
 .text.nan      0x0000000008009788       0x10 /Applications/SystemWorkbench.app/Contents/Eclipse/plugins/fr.ac6.mcu.externaltools.arm-none.macos64_1.13.1.201703061524/tools/compiler/bin/../lib/gcc/arm-none-eabi/5.4.1/../../../../arm-none-eabi/lib/armv7e-m/fpu/libm.a(lib_a-s_nan.o)
                0x0000000008009788                nan
 .text.__errno  0x0000000008009798        0xc /Applications/SystemWorkbench.app/Contents/Eclipse/plugins/fr.ac6.mcu.externaltools.arm-none.macos64_1.13.1.201703061524/tools/compiler/bin/../lib/gcc/arm-none-eabi/5.4.1/../../../../arm-none-eabi/lib/armv7e-m/fpu/libc_nano.a(lib_a-errno.o)
                0x0000000008009798                __errno
 .text.__libc_init_array
                0x00000000080097a4       0x4c /Applications/SystemWorkbench.app/Contents/Eclipse/plugins/fr.ac6.mcu.externaltools.arm-none.macos64_1.13.1.201703061524/tools/compiler/bin/../lib/gcc/arm-none-eabi/5.4.1/../../../../arm-none-eabi/lib/armv7e-m/fpu/libc_nano.a(lib_a-init.o)
                0x00000000080097a4                __libc_init_array
 .text.malloc   0x00000000080097f0       0x10 /Applications/SystemWorkbench.app/Contents/Eclipse/plugins/fr.ac6.mcu.externaltools.arm-none.macos64_1.13.1.201703061524/tools/compiler/bin/../lib/gcc/arm-none-eabi/5.4.1/../../../../arm-none-eabi/lib/armv7e-m/fpu/libc_nano.a(lib_a-malloc.o)
                0x00000000080097f0                malloc
 .text.free     0x0000000008009800       0x10 /Applications/SystemWorkbench.app/Contents/Eclipse/plugins/fr.ac6.mcu.externaltools.arm-none.macos64_1.13.1.201703061524/tools/compiler/bin/../lib/gcc/arm-none-eabi/5.4.1/../../../../arm-none-eabi/lib/armv7e-m/fpu/libc_nano.a(lib_a-malloc.o)
                0x0000000008009800                free
 .text.memcmp   0x0000000008009810       0x1e /Applications/SystemWorkbench.app/Contents/Eclipse/plugins/fr.ac6.mcu.externaltools.arm-none.macos64_1.13.1.201703061524/tools/compiler/bin/../lib/gcc/arm-none-eabi/5.4.1/../../../../arm-none-eabi/lib/armv7e-m/fpu/libc_nano.a(lib_a-memcmp.o)
                0x0000000008009810                memcmp
 .text.memcpy   0x000000000800982e       0x16 /Applications/SystemWorkbench.app/Contents/Eclipse/plugins/fr.ac6.mcu.externaltools.arm-none.macos64_1.13.1.201703061524/tools/compiler/bin/../lib/gcc/arm-none-eabi/5.4.1/../../../../arm-none-eabi/lib/armv7e-m/fpu/libc_nano.a(lib_a-memcpy-stub.o)
                0x000000000800982e                memcpy
 .text.memset   0x0000000008009844       0x10 /Applications/SystemWorkbench.app/Contents/Eclipse/plugins/fr.ac6.mcu.externaltools.arm-none.macos64_1.13.1.201703061524/tools/compiler/bin/../lib/gcc/arm-none-eabi/5.4.1/../../../../arm-none-eabi/lib/armv7e-m/fpu/libc_nano.a(lib_a-memset.o)
                0x0000000008009844                memset
 .text._free_r  0x0000000008009854       0x9c /Applications/SystemWorkbench.app/Contents/Eclipse/plugins/fr.ac6.mcu.externaltools.arm-none.macos64_1.13.1.201703061524/tools/compiler/bin/../lib/gcc/arm-none-eabi/5.4.1/../../../../arm-none-eabi/lib/armv7e-m/fpu/libc_nano.a(lib_a-nano-freer.o)
                0x0000000008009854                _free_r
 .text._malloc_r
                0x00000000080098f0       0xbc /Applications/SystemWorkbench.app/Contents/Eclipse/plugins/fr.ac6.mcu.externaltools.arm-none.macos64_1.13.1.201703061524/tools/compiler/bin/../lib/gcc/arm-none-eabi/5.4.1/../../../../arm-none-eabi/lib/armv7e-m/fpu/libc_nano.a(lib_a-nano-mallocr.o)
                0x00000000080098f0                _malloc_r
 .text.printf   0x00000000080099ac       0x30 /Applications/SystemWorkbench.app/Contents/Eclipse/plugins/fr.ac6.mcu.externaltools.arm-none.macos64_1.13.1.201703061524/tools/compiler/bin/../lib/gcc/arm-none-eabi/5.4.1/../../../../arm-none-eabi/lib/armv7e-m/fpu/libc_nano.a(lib_a-printf.o)
                0x00000000080099ac                printf
                0x00000000080099ac                iprintf
 .text._sbrk_r  0x00000000080099dc       0x20 /Applications/SystemWorkbench.app/Contents/Eclipse/plugins/fr.ac6.mcu.externaltools.arm-none.macos64_1.13.1.201703061524/tools/compiler/bin/../lib/gcc/arm-none-eabi/5.4.1/../../../../arm-none-eabi/lib/armv7e-m/fpu/libc_nano.a(lib_a-sbrkr.o)
                0x00000000080099dc                _sbrk_r
 .text.sprintf  0x00000000080099fc       0x48 /Applications/SystemWorkbench.app/Contents/Eclipse/plugins/fr.ac6.mcu.externaltools.arm-none.macos64_1.13.1.201703061524/tools/compiler/bin/../lib/gcc/arm-none-eabi/5.4.1/../../../../arm-none-eabi/lib/armv7e-m/fpu/libc_nano.a(lib_a-sprintf.o)
                0x00000000080099fc                sprintf
                0x00000000080099fc                siprintf
 .text.strncpy  0x0000000008009a44       0x26 /Applications/SystemWorkbench.app/Contents/Eclipse/plugins/fr.ac6.mcu.externaltools.arm-none.macos64_1.13.1.201703061524/tools/compiler/bin/../lib/gcc/arm-none-eabi/5.4.1/../../../../arm-none-eabi/lib/armv7e-m/fpu/libc_nano.a(lib_a-strncpy.o)
                0x0000000008009a44                strncpy
 *fill*         0x0000000008009a6a        0x2 
 .text._cleanup_r
                0x0000000008009a6c        0xc /Applications/SystemWorkbench.app/Contents/Eclipse/plugins/fr.ac6.mcu.externaltools.arm-none.macos64_1.13.1.201703061524/tools/compiler/bin/../lib/gcc/arm-none-eabi/5.4.1/../../../../arm-none-eabi/lib/armv7e-m/fpu/libc_nano.a(lib_a-findfp.o)
                0x0000000008009a6c                _cleanup_r
 .text.std.isra.0
                0x0000000008009a78       0x48 /Applications/SystemWorkbench.app/Contents/Eclipse/plugins/fr.ac6.mcu.externaltools.arm-none.macos64_1.13.1.201703061524/tools/compiler/bin/../lib/gcc/arm-none-eabi/5.4.1/../../../../arm-none-eabi/lib/armv7e-m/fpu/libc_nano.a(lib_a-findfp.o)
 .text.__sfmoreglue
                0x0000000008009ac0       0x2c /Applications/SystemWorkbench.app/Contents/Eclipse/plugins/fr.ac6.mcu.externaltools.arm-none.macos64_1.13.1.201703061524/tools/compiler/bin/../lib/gcc/arm-none-eabi/5.4.1/../../../../arm-none-eabi/lib/armv7e-m/fpu/libc_nano.a(lib_a-findfp.o)
                0x0000000008009ac0                __sfmoreglue
 .text.__sinit  0x0000000008009aec       0x60 /Applications/SystemWorkbench.app/Contents/Eclipse/plugins/fr.ac6.mcu.externaltools.arm-none.macos64_1.13.1.201703061524/tools/compiler/bin/../lib/gcc/arm-none-eabi/5.4.1/../../../../arm-none-eabi/lib/armv7e-m/fpu/libc_nano.a(lib_a-findfp.o)
                0x0000000008009aec                __sinit
 .text.__sfp    0x0000000008009b4c       0x78 /Applications/SystemWorkbench.app/Contents/Eclipse/plugins/fr.ac6.mcu.externaltools.arm-none.macos64_1.13.1.201703061524/tools/compiler/bin/../lib/gcc/arm-none-eabi/5.4.1/../../../../arm-none-eabi/lib/armv7e-m/fpu/libc_nano.a(lib_a-findfp.o)
                0x0000000008009b4c                __sfp
 .text._fwalk_reent
                0x0000000008009bc4       0x3c /Applications/SystemWorkbench.app/Contents/Eclipse/plugins/fr.ac6.mcu.externaltools.arm-none.macos64_1.13.1.201703061524/tools/compiler/bin/../lib/gcc/arm-none-eabi/5.4.1/../../../../arm-none-eabi/lib/armv7e-m/fpu/libc_nano.a(lib_a-fwalk.o)
                0x0000000008009bc4                _fwalk_reent
 .text.__malloc_lock
                0x0000000008009c00        0x2 /Applications/SystemWorkbench.app/Contents/Eclipse/plugins/fr.ac6.mcu.externaltools.arm-none.macos64_1.13.1.201703061524/tools/compiler/bin/../lib/gcc/arm-none-eabi/5.4.1/../../../../arm-none-eabi/lib/armv7e-m/fpu/libc_nano.a(lib_a-mlock.o)
                0x0000000008009c00                __malloc_lock
 .text.__malloc_unlock
                0x0000000008009c02        0x2 /Applications/SystemWorkbench.app/Contents/Eclipse/plugins/fr.ac6.mcu.externaltools.arm-none.macos64_1.13.1.201703061524/tools/compiler/bin/../lib/gcc/arm-none-eabi/5.4.1/../../../../arm-none-eabi/lib/armv7e-m/fpu/libc_nano.a(lib_a-mlock.o)
                0x0000000008009c02                __malloc_unlock
 .text.__ssputs_r
                0x0000000008009c04       0xb2 /Applications/SystemWorkbench.app/Contents/Eclipse/plugins/fr.ac6.mcu.externaltools.arm-none.macos64_1.13.1.201703061524/tools/compiler/bin/../lib/gcc/arm-none-eabi/5.4.1/../../../../arm-none-eabi/lib/armv7e-m/fpu/libc_nano.a(lib_a-nano-svfprintf.o)
                0x0000000008009c04                __ssputs_r
 *fill*         0x0000000008009cb6        0x2 
 .text._svfprintf_r
                0x0000000008009cb8      0x1e8 /Applications/SystemWorkbench.app/Contents/Eclipse/plugins/fr.ac6.mcu.externaltools.arm-none.macos64_1.13.1.201703061524/tools/compiler/bin/../lib/gcc/arm-none-eabi/5.4.1/../../../../arm-none-eabi/lib/armv7e-m/fpu/libc_nano.a(lib_a-nano-svfprintf.o)
                0x0000000008009cb8                _svfprintf_r
                0x0000000008009cb8                _svfiprintf_r
 .text.__sfputc_r
                0x0000000008009ea0       0x30 /Applications/SystemWorkbench.app/Contents/Eclipse/plugins/fr.ac6.mcu.externaltools.arm-none.macos64_1.13.1.201703061524/tools/compiler/bin/../lib/gcc/arm-none-eabi/5.4.1/../../../../arm-none-eabi/lib/armv7e-m/fpu/libc_nano.a(lib_a-nano-vfprintf.o)
 .text.__sfputs_r
                0x0000000008009ed0       0x24 /Applications/SystemWorkbench.app/Contents/Eclipse/plugins/fr.ac6.mcu.externaltools.arm-none.macos64_1.13.1.201703061524/tools/compiler/bin/../lib/gcc/arm-none-eabi/5.4.1/../../../../arm-none-eabi/lib/armv7e-m/fpu/libc_nano.a(lib_a-nano-vfprintf.o)
                0x0000000008009ed0                __sfputs_r
 .text._vfprintf_r
                0x0000000008009ef4      0x238 /Applications/SystemWorkbench.app/Contents/Eclipse/plugins/fr.ac6.mcu.externaltools.arm-none.macos64_1.13.1.201703061524/tools/compiler/bin/../lib/gcc/arm-none-eabi/5.4.1/../../../../arm-none-eabi/lib/armv7e-m/fpu/libc_nano.a(lib_a-nano-vfprintf.o)
                0x0000000008009ef4                _vfiprintf_r
                0x0000000008009ef4                _vfprintf_r
 .text._printf_common
                0x000000000800a12c       0xec /Applications/SystemWorkbench.app/Contents/Eclipse/plugins/fr.ac6.mcu.externaltools.arm-none.macos64_1.13.1.201703061524/tools/compiler/bin/../lib/gcc/arm-none-eabi/5.4.1/../../../../arm-none-eabi/lib/armv7e-m/fpu/libc_nano.a(lib_a-nano-vfprintf_i.o)
                0x000000000800a12c                _printf_common
 .text._printf_i
                0x000000000800a218      0x24c /Applications/SystemWorkbench.app/Contents/Eclipse/plugins/fr.ac6.mcu.externaltools.arm-none.macos64_1.13.1.201703061524/tools/compiler/bin/../lib/gcc/arm-none-eabi/5.4.1/../../../../arm-none-eabi/lib/armv7e-m/fpu/libc_nano.a(lib_a-nano-vfprintf_i.o)
                0x000000000800a218                _printf_i
 .text.__sread  0x000000000800a464       0x22 /Applications/SystemWorkbench.app/Contents/Eclipse/plugins/fr.ac6.mcu.externaltools.arm-none.macos64_1.13.1.201703061524/tools/compiler/bin/../lib/gcc/arm-none-eabi/5.4.1/../../../../arm-none-eabi/lib/armv7e-m/fpu/libc_nano.a(lib_a-stdio.o)
                0x000000000800a464                __sread
 .text.__swrite
                0x000000000800a486       0x38 /Applications/SystemWorkbench.app/Contents/Eclipse/plugins/fr.ac6.mcu.externaltools.arm-none.macos64_1.13.1.201703061524/tools/compiler/bin/../lib/gcc/arm-none-eabi/5.4.1/../../../../arm-none-eabi/lib/armv7e-m/fpu/libc_nano.a(lib_a-stdio.o)
                0x000000000800a486                __swrite
 .text.__sseek  0x000000000800a4be       0x24 /Applications/SystemWorkbench.app/Contents/Eclipse/plugins/fr.ac6.mcu.externaltools.arm-none.macos64_1.13.1.201703061524/tools/compiler/bin/../lib/gcc/arm-none-eabi/5.4.1/../../../../arm-none-eabi/lib/armv7e-m/fpu/libc_nano.a(lib_a-stdio.o)
                0x000000000800a4be                __sseek
 .text.__sclose
                0x000000000800a4e2        0x8 /Applications/SystemWorkbench.app/Contents/Eclipse/plugins/fr.ac6.mcu.externaltools.arm-none.macos64_1.13.1.201703061524/tools/compiler/bin/../lib/gcc/arm-none-eabi/5.4.1/../../../../arm-none-eabi/lib/armv7e-m/fpu/libc_nano.a(lib_a-stdio.o)
                0x000000000800a4e2                __sclose
 *fill*         0x000000000800a4ea        0x2 
 .text.__swbuf_r
                0x000000000800a4ec       0xa8 /Applications/SystemWorkbench.app/Contents/Eclipse/plugins/fr.ac6.mcu.externaltools.arm-none.macos64_1.13.1.201703061524/tools/compiler/bin/../lib/gcc/arm-none-eabi/5.4.1/../../../../arm-none-eabi/lib/armv7e-m/fpu/libc_nano.a(lib_a-wbuf.o)
                0x000000000800a4ec                __swbuf_r
 .text._write_r
                0x000000000800a594       0x24 /Applications/SystemWorkbench.app/Contents/Eclipse/plugins/fr.ac6.mcu.externaltools.arm-none.macos64_1.13.1.201703061524/tools/compiler/bin/../lib/gcc/arm-none-eabi/5.4.1/../../../../arm-none-eabi/lib/armv7e-m/fpu/libc_nano.a(lib_a-writer.o)
                0x000000000800a594                _write_r
 .text.__swsetup_r
                0x000000000800a5b8       0xdc /Applications/SystemWorkbench.app/Contents/Eclipse/plugins/fr.ac6.mcu.externaltools.arm-none.macos64_1.13.1.201703061524/tools/compiler/bin/../lib/gcc/arm-none-eabi/5.4.1/../../../../arm-none-eabi/lib/armv7e-m/fpu/libc_nano.a(lib_a-wsetup.o)
                0x000000000800a5b8                __swsetup_r
 .text._close_r
                0x000000000800a694       0x20 /Applications/SystemWorkbench.app/Contents/Eclipse/plugins/fr.ac6.mcu.externaltools.arm-none.macos64_1.13.1.201703061524/tools/compiler/bin/../lib/gcc/arm-none-eabi/5.4.1/../../../../arm-none-eabi/lib/armv7e-m/fpu/libc_nano.a(lib_a-closer.o)
                0x000000000800a694                _close_r
 .text.__sflush_r
                0x000000000800a6b4      0x110 /Applications/SystemWorkbench.app/Contents/Eclipse/plugins/fr.ac6.mcu.externaltools.arm-none.macos64_1.13.1.201703061524/tools/compiler/bin/../lib/gcc/arm-none-eabi/5.4.1/../../../../arm-none-eabi/lib/armv7e-m/fpu/libc_nano.a(lib_a-fflush.o)
                0x000000000800a6b4                __sflush_r
 .text._fflush_r
                0x000000000800a7c4       0x54 /Applications/SystemWorkbench.app/Contents/Eclipse/plugins/fr.ac6.mcu.externaltools.arm-none.macos64_1.13.1.201703061524/tools/compiler/bin/../lib/gcc/arm-none-eabi/5.4.1/../../../../arm-none-eabi/lib/armv7e-m/fpu/libc_nano.a(lib_a-fflush.o)
                0x000000000800a7c4                _fflush_r
 .text._lseek_r
                0x000000000800a818       0x24 /Applications/SystemWorkbench.app/Contents/Eclipse/plugins/fr.ac6.mcu.externaltools.arm-none.macos64_1.13.1.201703061524/tools/compiler/bin/../lib/gcc/arm-none-eabi/5.4.1/../../../../arm-none-eabi/lib/armv7e-m/fpu/libc_nano.a(lib_a-lseekr.o)
                0x000000000800a818                _lseek_r
 .text.__swhatbuf_r
                0x000000000800a83c       0x46 /Applications/SystemWorkbench.app/Contents/Eclipse/plugins/fr.ac6.mcu.externaltools.arm-none.macos64_1.13.1.201703061524/tools/compiler/bin/../lib/gcc/arm-none-eabi/5.4.1/../../../../arm-none-eabi/lib/armv7e-m/fpu/libc_nano.a(lib_a-makebuf.o)
                0x000000000800a83c                __swhatbuf_r
 *fill*         0x000000000800a882        0x2 
 .text.__smakebuf_r
                0x000000000800a884       0x78 /Applications/SystemWorkbench.app/Contents/Eclipse/plugins/fr.ac6.mcu.externaltools.arm-none.macos64_1.13.1.201703061524/tools/compiler/bin/../lib/gcc/arm-none-eabi/5.4.1/../../../../arm-none-eabi/lib/armv7e-m/fpu/libc_nano.a(lib_a-makebuf.o)
                0x000000000800a884                __smakebuf_r
 .text.memmove  0x000000000800a8fc       0x36 /Applications/SystemWorkbench.app/Contents/Eclipse/plugins/fr.ac6.mcu.externaltools.arm-none.macos64_1.13.1.201703061524/tools/compiler/bin/../lib/gcc/arm-none-eabi/5.4.1/../../../../arm-none-eabi/lib/armv7e-m/fpu/libc_nano.a(lib_a-memmove.o)
                0x000000000800a8fc                memmove
 .text._realloc_r
                0x000000000800a932       0x4c /Applications/SystemWorkbench.app/Contents/Eclipse/plugins/fr.ac6.mcu.externaltools.arm-none.macos64_1.13.1.201703061524/tools/compiler/bin/../lib/gcc/arm-none-eabi/5.4.1/../../../../arm-none-eabi/lib/armv7e-m/fpu/libc_nano.a(lib_a-nano-reallocr.o)
                0x000000000800a932                _realloc_r
 *fill*         0x000000000800a97e        0x2 
 .text._read_r  0x000000000800a980       0x24 /Applications/SystemWorkbench.app/Contents/Eclipse/plugins/fr.ac6.mcu.externaltools.arm-none.macos64_1.13.1.201703061524/tools/compiler/bin/../lib/gcc/arm-none-eabi/5.4.1/../../../../arm-none-eabi/lib/armv7e-m/fpu/libc_nano.a(lib_a-readr.o)
                0x000000000800a980                _read_r
 .text._fstat_r
                0x000000000800a9a4       0x24 /Applications/SystemWorkbench.app/Contents/Eclipse/plugins/fr.ac6.mcu.externaltools.arm-none.macos64_1.13.1.201703061524/tools/compiler/bin/../lib/gcc/arm-none-eabi/5.4.1/../../../../arm-none-eabi/lib/armv7e-m/fpu/libc_nano.a(lib_a-fstatr.o)
                0x000000000800a9a4                _fstat_r
 .text._isatty_r
                0x000000000800a9c8       0x20 /Applications/SystemWorkbench.app/Contents/Eclipse/plugins/fr.ac6.mcu.externaltools.arm-none.macos64_1.13.1.201703061524/tools/compiler/bin/../lib/gcc/arm-none-eabi/5.4.1/../../../../arm-none-eabi/lib/armv7e-m/fpu/libc_nano.a(lib_a-isattyr.o)
                0x000000000800a9c8                _isatty_r
 .text._malloc_usable_size_r
                0x000000000800a9e8       0x14 /Applications/SystemWorkbench.app/Contents/Eclipse/plugins/fr.ac6.mcu.externaltools.arm-none.macos64_1.13.1.201703061524/tools/compiler/bin/../lib/gcc/arm-none-eabi/5.4.1/../../../../arm-none-eabi/lib/armv7e-m/fpu/libc_nano.a(lib_a-nano-msizer.o)
                0x000000000800a9e8                _malloc_usable_size_r
 .text._close   0x000000000800a9fc       0x10 /Applications/SystemWorkbench.app/Contents/Eclipse/plugins/fr.ac6.mcu.externaltools.arm-none.macos64_1.13.1.201703061524/tools/compiler/bin/../lib/gcc/arm-none-eabi/5.4.1/../../../../arm-none-eabi/lib/armv7e-m/fpu/libnosys.a(close.o)
                0x000000000800a9fc                _close
 .text._fstat   0x000000000800aa0c       0x10 /Applications/SystemWorkbench.app/Contents/Eclipse/plugins/fr.ac6.mcu.externaltools.arm-none.macos64_1.13.1.201703061524/tools/compiler/bin/../lib/gcc/arm-none-eabi/5.4.1/../../../../arm-none-eabi/lib/armv7e-m/fpu/libnosys.a(fstat.o)
                0x000000000800aa0c                _fstat
 .text._isatty  0x000000000800aa1c       0x10 /Applications/SystemWorkbench.app/Contents/Eclipse/plugins/fr.ac6.mcu.externaltools.arm-none.macos64_1.13.1.201703061524/tools/compiler/bin/../lib/gcc/arm-none-eabi/5.4.1/../../../../arm-none-eabi/lib/armv7e-m/fpu/libnosys.a(isatty.o)
                0x000000000800aa1c                _isatty
 .text._lseek   0x000000000800aa2c       0x10 /Applications/SystemWorkbench.app/Contents/Eclipse/plugins/fr.ac6.mcu.externaltools.arm-none.macos64_1.13.1.201703061524/tools/compiler/bin/../lib/gcc/arm-none-eabi/5.4.1/../../../../arm-none-eabi/lib/armv7e-m/fpu/libnosys.a(lseek.o)
                0x000000000800aa2c                _lseek
 .text._read    0x000000000800aa3c       0x10 /Applications/SystemWorkbench.app/Contents/Eclipse/plugins/fr.ac6.mcu.externaltools.arm-none.macos64_1.13.1.201703061524/tools/compiler/bin/../lib/gcc/arm-none-eabi/5.4.1/../../../../arm-none-eabi/lib/armv7e-m/fpu/libnosys.a(read.o)
                0x000000000800aa3c                _read
 .text._sbrk    0x000000000800aa4c       0x1c /Applications/SystemWorkbench.app/Contents/Eclipse/plugins/fr.ac6.mcu.externaltools.arm-none.macos64_1.13.1.201703061524/tools/compiler/bin/../lib/gcc/arm-none-eabi/5.4.1/../../../../arm-none-eabi/lib/armv7e-m/fpu/libnosys.a(sbrk.o)
                0x000000000800aa4c                _sbrk
 .text._write   0x000000000800aa68       0x10 /Applications/SystemWorkbench.app/Contents/Eclipse/plugins/fr.ac6.mcu.externaltools.arm-none.macos64_1.13.1.201703061524/tools/compiler/bin/../lib/gcc/arm-none-eabi/5.4.1/../../../../arm-none-eabi/lib/armv7e-m/fpu/libnosys.a(write.o)
                0x000000000800aa68                _write
 *(.glue_7)
 .glue_7        0x000000000800aa78        0x0 linker stubs
 *(.glue_7t)
 .glue_7t       0x000000000800aa78        0x0 linker stubs
 *(.eh_frame)
 .eh_frame      0x000000000800aa78        0x0 /Applications/SystemWorkbench.app/Contents/Eclipse/plugins/fr.ac6.mcu.externaltools.arm-none.macos64_1.13.1.201703061524/tools/compiler/bin/../lib/gcc/arm-none-eabi/5.4.1/armv7e-m/fpu/crtbegin.o
 *(.init)
 .init          0x000000000800aa78        0x4 /Applications/SystemWorkbench.app/Contents/Eclipse/plugins/fr.ac6.mcu.externaltools.arm-none.macos64_1.13.1.201703061524/tools/compiler/bin/../lib/gcc/arm-none-eabi/5.4.1/armv7e-m/fpu/crti.o
                0x000000000800aa78                _init
 .init          0x000000000800aa7c        0x8 /Applications/SystemWorkbench.app/Contents/Eclipse/plugins/fr.ac6.mcu.externaltools.arm-none.macos64_1.13.1.201703061524/tools/compiler/bin/../lib/gcc/arm-none-eabi/5.4.1/armv7e-m/fpu/crtn.o
 *(.fini)
 .fini          0x000000000800aa84        0x4 /Applications/SystemWorkbench.app/Contents/Eclipse/plugins/fr.ac6.mcu.externaltools.arm-none.macos64_1.13.1.201703061524/tools/compiler/bin/../lib/gcc/arm-none-eabi/5.4.1/armv7e-m/fpu/crti.o
                0x000000000800aa84                _fini
 .fini          0x000000000800aa88        0x8 /Applications/SystemWorkbench.app/Contents/Eclipse/plugins/fr.ac6.mcu.externaltools.arm-none.macos64_1.13.1.201703061524/tools/compiler/bin/../lib/gcc/arm-none-eabi/5.4.1/armv7e-m/fpu/crtn.o
                0x000000000800aa90                . = ALIGN (0x8)
                0x000000000800aa90                _etext = .

.vfp11_veneer   0x000000000800aa90        0x0
 .vfp11_veneer  0x000000000800aa90        0x0 linker stubs

.v4_bx          0x000000000800aa90        0x0
 .v4_bx         0x000000000800aa90        0x0 linker stubs

.iplt           0x000000000800aa90        0x0
 .iplt          0x000000000800aa90        0x0 /Applications/SystemWorkbench.app/Contents/Eclipse/plugins/fr.ac6.mcu.externaltools.arm-none.macos64_1.13.1.201703061524/tools/compiler/bin/../lib/gcc/arm-none-eabi/5.4.1/armv7e-m/fpu/crtbegin.o

.rodata         0x000000000800aa90     0x13d0
                0x000000000800aa90                . = ALIGN (0x8)
 *(.rodata)
 .rodata        0x000000000800aa90      0x87b Src/MPU6050_6Axis_MotionApps20.o
                0x000000000800aa90                dmpMemory
                0x000000000800b21c                dmpConfig
                0x000000000800b2dc                dmpUpdates
 *fill*         0x000000000800b30b        0x1 
 .rodata        0x000000000800b30c       0x2e Src/comm.o
 *fill*         0x000000000800b33a        0x2 
 .rodata        0x000000000800b33c       0x48 Src/system_stm32l4xx.o
                0x000000000800b33c                MSIRangeTable
                0x000000000800b36c                AHBPrescTable
                0x000000000800b37c                APBPrescTable
 *(.rodata*)
 .rodata.str1.4
                0x000000000800b384        0x5 Middlewares/Third_Party/FreeRTOS/Source/tasks.o
 *fill*         0x000000000800b389        0x3 
 .rodata.str1.4
                0x000000000800b38c      0x856 Src/MPU6050_6Axis_MotionApps20.o
                                        0x85a (size before relaxing)
 *fill*         0x000000000800bbe2        0x2 
 .rodata.str1.4
                0x000000000800bbe4       0x27 Src/comm.o
 *fill*         0x000000000800bc0b        0x1 
 .rodata.str1.4
                0x000000000800bc0c       0x25 Src/controller.o
 *fill*         0x000000000800bc31        0x3 
 .rodata.str1.4
                0x000000000800bc34       0xeb Src/main.o
 *fill*         0x000000000800bd1f        0x1 
 .rodata.str1.4
                0x000000000800bd20       0x30 Src/sensor.o
 .rodata.str1.4
                0x000000000800bd50       0x1b Src/stm32l4xx_hal_msp.o
 *fill*         0x000000000800bd6b        0x5 
 .rodata.atanlo
                0x000000000800bd70       0x20 /Applications/SystemWorkbench.app/Contents/Eclipse/plugins/fr.ac6.mcu.externaltools.arm-none.macos64_1.13.1.201703061524/tools/compiler/bin/../lib/gcc/arm-none-eabi/5.4.1/../../../../arm-none-eabi/lib/armv7e-m/fpu/libm.a(lib_a-s_atan.o)
 .rodata.atanhi
                0x000000000800bd90       0x20 /Applications/SystemWorkbench.app/Contents/Eclipse/plugins/fr.ac6.mcu.externaltools.arm-none.macos64_1.13.1.201703061524/tools/compiler/bin/../lib/gcc/arm-none-eabi/5.4.1/../../../../arm-none-eabi/lib/armv7e-m/fpu/libm.a(lib_a-s_atan.o)
 .rodata.str1.4
                0x000000000800bdb0        0x5 /Applications/SystemWorkbench.app/Contents/Eclipse/plugins/fr.ac6.mcu.externaltools.arm-none.macos64_1.13.1.201703061524/tools/compiler/bin/../lib/gcc/arm-none-eabi/5.4.1/../../../../arm-none-eabi/lib/armv7e-m/fpu/libm.a(lib_a-w_asin.o)
                                          0x9 (size before relaxing)
 *fill*         0x000000000800bdb5        0x3 
 .rodata.str1.4
                0x000000000800bdb8        0x5 /Applications/SystemWorkbench.app/Contents/Eclipse/plugins/fr.ac6.mcu.externaltools.arm-none.macos64_1.13.1.201703061524/tools/compiler/bin/../lib/gcc/arm-none-eabi/5.4.1/../../../../arm-none-eabi/lib/armv7e-m/fpu/libm.a(lib_a-w_sqrt.o)
 *fill*         0x000000000800bdbd        0x3 
 .rodata.str1.4
                0x000000000800bdc0        0x8 /Applications/SystemWorkbench.app/Contents/Eclipse/plugins/fr.ac6.mcu.externaltools.arm-none.macos64_1.13.1.201703061524/tools/compiler/bin/../lib/gcc/arm-none-eabi/5.4.1/../../../../arm-none-eabi/lib/armv7e-m/fpu/libm.a(lib_a-wf_sqrt.o)
                                          0x6 (size before relaxing)
 .rodata._global_impure_ptr
                0x000000000800bdc8        0x4 /Applications/SystemWorkbench.app/Contents/Eclipse/plugins/fr.ac6.mcu.externaltools.arm-none.macos64_1.13.1.201703061524/tools/compiler/bin/../lib/gcc/arm-none-eabi/5.4.1/../../../../arm-none-eabi/lib/armv7e-m/fpu/libc_nano.a(lib_a-impure.o)
                0x000000000800bdc8                _global_impure_ptr
 .rodata.__sf_fake_stdin
                0x000000000800bdcc       0x20 /Applications/SystemWorkbench.app/Contents/Eclipse/plugins/fr.ac6.mcu.externaltools.arm-none.macos64_1.13.1.201703061524/tools/compiler/bin/../lib/gcc/arm-none-eabi/5.4.1/../../../../arm-none-eabi/lib/armv7e-m/fpu/libc_nano.a(lib_a-findfp.o)
                0x000000000800bdcc                __sf_fake_stdin
 .rodata.__sf_fake_stdout
                0x000000000800bdec       0x20 /Applications/SystemWorkbench.app/Contents/Eclipse/plugins/fr.ac6.mcu.externaltools.arm-none.macos64_1.13.1.201703061524/tools/compiler/bin/../lib/gcc/arm-none-eabi/5.4.1/../../../../arm-none-eabi/lib/armv7e-m/fpu/libc_nano.a(lib_a-findfp.o)
                0x000000000800bdec                __sf_fake_stdout
 .rodata.__sf_fake_stderr
                0x000000000800be0c       0x20 /Applications/SystemWorkbench.app/Contents/Eclipse/plugins/fr.ac6.mcu.externaltools.arm-none.macos64_1.13.1.201703061524/tools/compiler/bin/../lib/gcc/arm-none-eabi/5.4.1/../../../../arm-none-eabi/lib/armv7e-m/fpu/libc_nano.a(lib_a-findfp.o)
                0x000000000800be0c                __sf_fake_stderr
 .rodata.str1.1
                0x000000000800be2c       0x11 /Applications/SystemWorkbench.app/Contents/Eclipse/plugins/fr.ac6.mcu.externaltools.arm-none.macos64_1.13.1.201703061524/tools/compiler/bin/../lib/gcc/arm-none-eabi/5.4.1/../../../../arm-none-eabi/lib/armv7e-m/fpu/libc_nano.a(lib_a-nano-svfprintf.o)
 .rodata.str1.1
                0x000000000800be3d       0x11 /Applications/SystemWorkbench.app/Contents/Eclipse/plugins/fr.ac6.mcu.externaltools.arm-none.macos64_1.13.1.201703061524/tools/compiler/bin/../lib/gcc/arm-none-eabi/5.4.1/../../../../arm-none-eabi/lib/armv7e-m/fpu/libc_nano.a(lib_a-nano-vfprintf.o)
 .rodata.str1.1
                0x000000000800be3d       0x22 /Applications/SystemWorkbench.app/Contents/Eclipse/plugins/fr.ac6.mcu.externaltools.arm-none.macos64_1.13.1.201703061524/tools/compiler/bin/../lib/gcc/arm-none-eabi/5.4.1/../../../../arm-none-eabi/lib/armv7e-m/fpu/libc_nano.a(lib_a-nano-vfprintf_i.o)
                0x000000000800be60                . = ALIGN (0x8)
 *fill*         0x000000000800be5f        0x1 

.ARM.extab      0x000000000800be60        0x0
                0x000000000800be60                . = ALIGN (0x8)
 *(.ARM.extab* .gnu.linkonce.armextab.*)
                0x000000000800be60                . = ALIGN (0x8)

.ARM            0x000000000800be60        0x8
                0x000000000800be60                . = ALIGN (0x8)
                0x000000000800be60                __exidx_start = .
 *(.ARM.exidx*)
 .ARM.exidx     0x000000000800be60        0x8 /Applications/SystemWorkbench.app/Contents/Eclipse/plugins/fr.ac6.mcu.externaltools.arm-none.macos64_1.13.1.201703061524/tools/compiler/bin/../lib/gcc/arm-none-eabi/5.4.1/armv7e-m/fpu/libgcc.a(_udivmoddi4.o)
                0x000000000800be68                __exidx_end = .
                0x000000000800be68                . = ALIGN (0x8)

.rel.dyn        0x000000000800be68        0x0
 .rel.iplt      0x000000000800be68        0x0 /Applications/SystemWorkbench.app/Contents/Eclipse/plugins/fr.ac6.mcu.externaltools.arm-none.macos64_1.13.1.201703061524/tools/compiler/bin/../lib/gcc/arm-none-eabi/5.4.1/armv7e-m/fpu/crtbegin.o

.preinit_array  0x000000000800be68        0x0
                0x000000000800be68                . = ALIGN (0x8)
                0x000000000800be68                PROVIDE (__preinit_array_start, .)
 *(.preinit_array*)
                0x000000000800be68                PROVIDE (__preinit_array_end, .)
                0x000000000800be68                . = ALIGN (0x8)

.init_array     0x000000000800be68        0x8
                0x000000000800be68                . = ALIGN (0x8)
                0x000000000800be68                PROVIDE (__init_array_start, .)
 *(SORT(.init_array.*))
 *(.init_array*)
 .init_array    0x000000000800be68        0x4 /Applications/SystemWorkbench.app/Contents/Eclipse/plugins/fr.ac6.mcu.externaltools.arm-none.macos64_1.13.1.201703061524/tools/compiler/bin/../lib/gcc/arm-none-eabi/5.4.1/armv7e-m/fpu/crtbegin.o
                0x000000000800be6c                PROVIDE (__init_array_end, .)
                0x000000000800be70                . = ALIGN (0x8)
 *fill*         0x000000000800be6c        0x4 

.fini_array     0x000000000800be70        0x8
                0x000000000800be70                . = ALIGN (0x8)
                [!provide]                        PROVIDE (__fini_array_start, .)
 *(SORT(.fini_array.*))
 *(.fini_array*)
 .fini_array    0x000000000800be70        0x4 /Applications/SystemWorkbench.app/Contents/Eclipse/plugins/fr.ac6.mcu.externaltools.arm-none.macos64_1.13.1.201703061524/tools/compiler/bin/../lib/gcc/arm-none-eabi/5.4.1/armv7e-m/fpu/crtbegin.o
                [!provide]                        PROVIDE (__fini_array_end, .)
                0x000000000800be78                . = ALIGN (0x8)
 *fill*         0x000000000800be74        0x4 
                0x000000000800be78                _sidata = LOADADDR (.data)

.data           0x0000000020000000       0xb0 load address 0x000000000800be78
                0x0000000020000000                . = ALIGN (0x8)
                0x0000000020000000                _sdata = .
 *(.data)
 .data          0x0000000020000000        0x4 Middlewares/Third_Party/FreeRTOS/Source/portable/GCC/ARM_CM4F/port.o
 .data          0x0000000020000004       0x3c Src/controller.o
                0x0000000020000004                P_ang
                0x0000000020000010                maxAccel
                0x000000002000001c                D
                0x0000000020000028                I
                0x0000000020000034                P
 .data          0x0000000020000040        0x4 Src/system_stm32l4xx.o
                0x0000000020000040                SystemCoreClock
 *(.data*)
 .data.__fdlib_version
                0x0000000020000044        0x1 /Applications/SystemWorkbench.app/Contents/Eclipse/plugins/fr.ac6.mcu.externaltools.arm-none.macos64_1.13.1.201703061524/tools/compiler/bin/../lib/gcc/arm-none-eabi/5.4.1/../../../../arm-none-eabi/lib/armv7e-m/fpu/libm.a(lib_a-s_lib_ver.o)
                0x0000000020000044                __fdlib_version
 *fill*         0x0000000020000045        0x3 
 .data.impure_data
                0x0000000020000048       0x60 /Applications/SystemWorkbench.app/Contents/Eclipse/plugins/fr.ac6.mcu.externaltools.arm-none.macos64_1.13.1.201703061524/tools/compiler/bin/../lib/gcc/arm-none-eabi/5.4.1/../../../../arm-none-eabi/lib/armv7e-m/fpu/libc_nano.a(lib_a-impure.o)
 .data._impure_ptr
                0x00000000200000a8        0x4 /Applications/SystemWorkbench.app/Contents/Eclipse/plugins/fr.ac6.mcu.externaltools.arm-none.macos64_1.13.1.201703061524/tools/compiler/bin/../lib/gcc/arm-none-eabi/5.4.1/../../../../arm-none-eabi/lib/armv7e-m/fpu/libc_nano.a(lib_a-impure.o)
                0x00000000200000a8                _impure_ptr
                0x00000000200000b0                . = ALIGN (0x8)
 *fill*         0x00000000200000ac        0x4 